ssd1306.c:8:6:ssd1306_Reset	0	static
ssd1306.c:13:6:ssd1306_WriteCommand	32	static
ssd1306.c:18:6:ssd1306_WriteData	24	static
ssd1306.c:63:17:ssd1306_FillBuffer	8	static
ssd1306.c:176:6:ssd1306_Fill	0	static
ssd1306.c:181:6:ssd1306_UpdateScreen	16	static
ssd1306.c:202:6:ssd1306_DrawPixel	12	static
ssd1306.c:222:6:ssd1306_WriteChar	72	static
ssd1306.c:259:6:ssd1306_WriteString	40	static
ssd1306.c:273:6:ssd1306_SetCursor	0	static
ssd1306.c:279:6:ssd1306_Line	48	static
ssd1306.c:306:6:ssd1306_Polyline	32	static
ssd1306.c:341:6:ssd1306_DrawArc	72	static
ssd1306.c:381:6:ssd1306_DrawArcWithRadiusLine	80	static
ssd1306.c:424:6:ssd1306_DrawCircle	48	static
ssd1306.c:459:6:ssd1306_FillCircle	48	static
ssd1306.c:495:6:ssd1306_DrawRectangle	32	static
ssd1306.c:505:6:ssd1306_FillRectangle	24	static
ssd1306.c:519:17:ssd1306_InvertRectangle	24	static
ssd1306.c:550:6:ssd1306_DrawBitmap	48	static
ssd1306.c:574:6:ssd1306_SetContrast	8	static
ssd1306.c:580:6:ssd1306_SetDisplayOn	0	static
ssd1306.c:73:6:ssd1306_Init	8	static
ssd1306.c:592:9:ssd1306_GetDisplayOn	0	static
