Archive member included to satisfy reference by file (symbol)

c:/st/stm32cubeide_1.7.0/stm32cubeide/plugins/com.st.stm32cube.ide.mcu.externaltools.gnu-tools-for-stm32.9-2020-q2-update.win32_2.0.0.202105311346/tools/bin/../lib/gcc/arm-none-eabi/9.3.1/../../../../arm-none-eabi/lib/thumb/v7-m/nofp\libc_nano.a(lib_a-errno.o)
                              ./Core/Src/syscalls.o (__errno)
c:/st/stm32cubeide_1.7.0/stm32cubeide/plugins/com.st.stm32cube.ide.mcu.externaltools.gnu-tools-for-stm32.9-2020-q2-update.win32_2.0.0.202105311346/tools/bin/../lib/gcc/arm-none-eabi/9.3.1/../../../../arm-none-eabi/lib/thumb/v7-m/nofp\libc_nano.a(lib_a-exit.o)
                              c:/st/stm32cubeide_1.7.0/stm32cubeide/plugins/com.st.stm32cube.ide.mcu.externaltools.gnu-tools-for-stm32.9-2020-q2-update.win32_2.0.0.202105311346/tools/bin/../lib/gcc/arm-none-eabi/9.3.1/../../../../arm-none-eabi/lib/thumb/v7-m/nofp/crt0.o (exit)
c:/st/stm32cubeide_1.7.0/stm32cubeide/plugins/com.st.stm32cube.ide.mcu.externaltools.gnu-tools-for-stm32.9-2020-q2-update.win32_2.0.0.202105311346/tools/bin/../lib/gcc/arm-none-eabi/9.3.1/../../../../arm-none-eabi/lib/thumb/v7-m/nofp\libc_nano.a(lib_a-impure.o)
                              c:/st/stm32cubeide_1.7.0/stm32cubeide/plugins/com.st.stm32cube.ide.mcu.externaltools.gnu-tools-for-stm32.9-2020-q2-update.win32_2.0.0.202105311346/tools/bin/../lib/gcc/arm-none-eabi/9.3.1/../../../../arm-none-eabi/lib/thumb/v7-m/nofp\libc_nano.a(lib_a-exit.o) (_global_impure_ptr)
c:/st/stm32cubeide_1.7.0/stm32cubeide/plugins/com.st.stm32cube.ide.mcu.externaltools.gnu-tools-for-stm32.9-2020-q2-update.win32_2.0.0.202105311346/tools/bin/../lib/gcc/arm-none-eabi/9.3.1/../../../../arm-none-eabi/lib/thumb/v7-m/nofp\libc_nano.a(lib_a-init.o)
                              c:/st/stm32cubeide_1.7.0/stm32cubeide/plugins/com.st.stm32cube.ide.mcu.externaltools.gnu-tools-for-stm32.9-2020-q2-update.win32_2.0.0.202105311346/tools/bin/../lib/gcc/arm-none-eabi/9.3.1/../../../../arm-none-eabi/lib/thumb/v7-m/nofp/crt0.o (__libc_init_array)
c:/st/stm32cubeide_1.7.0/stm32cubeide/plugins/com.st.stm32cube.ide.mcu.externaltools.gnu-tools-for-stm32.9-2020-q2-update.win32_2.0.0.202105311346/tools/bin/../lib/gcc/arm-none-eabi/9.3.1/../../../../arm-none-eabi/lib/thumb/v7-m/nofp\libc_nano.a(lib_a-memcpy-stub.o)
                              ./lib/oled/ssd1306.o (memcpy)
c:/st/stm32cubeide_1.7.0/stm32cubeide/plugins/com.st.stm32cube.ide.mcu.externaltools.gnu-tools-for-stm32.9-2020-q2-update.win32_2.0.0.202105311346/tools/bin/../lib/gcc/arm-none-eabi/9.3.1/../../../../arm-none-eabi/lib/thumb/v7-m/nofp\libc_nano.a(lib_a-memset.o)
                              c:/st/stm32cubeide_1.7.0/stm32cubeide/plugins/com.st.stm32cube.ide.mcu.externaltools.gnu-tools-for-stm32.9-2020-q2-update.win32_2.0.0.202105311346/tools/bin/../lib/gcc/arm-none-eabi/9.3.1/../../../../arm-none-eabi/lib/thumb/v7-m/nofp/crt0.o (memset)
c:/st/stm32cubeide_1.7.0/stm32cubeide/plugins/com.st.stm32cube.ide.mcu.externaltools.gnu-tools-for-stm32.9-2020-q2-update.win32_2.0.0.202105311346/tools/bin/../lib/gcc/arm-none-eabi/9.3.1/../../../../arm-none-eabi/lib/thumb/v7-m/nofp\libc_nano.a(lib_a-strcasecmp.o)
                              ./lib/avr_programmer/sd_driver.o (strcasecmp)
c:/st/stm32cubeide_1.7.0/stm32cubeide/plugins/com.st.stm32cube.ide.mcu.externaltools.gnu-tools-for-stm32.9-2020-q2-update.win32_2.0.0.202105311346/tools/bin/../lib/gcc/arm-none-eabi/9.3.1/../../../../arm-none-eabi/lib/thumb/v7-m/nofp\libc_nano.a(lib_a-strrchr.o)
                              ./lib/avr_programmer/sd_driver.o (strrchr)
c:/st/stm32cubeide_1.7.0/stm32cubeide/plugins/com.st.stm32cube.ide.mcu.externaltools.gnu-tools-for-stm32.9-2020-q2-update.win32_2.0.0.202105311346/tools/bin/../lib/gcc/arm-none-eabi/9.3.1/../../../../arm-none-eabi/lib/thumb/v7-m/nofp\libc_nano.a(lib_a-vsnprintf.o)
                              ./Core/Inc/debug.o (vsnprintf)
c:/st/stm32cubeide_1.7.0/stm32cubeide/plugins/com.st.stm32cube.ide.mcu.externaltools.gnu-tools-for-stm32.9-2020-q2-update.win32_2.0.0.202105311346/tools/bin/../lib/gcc/arm-none-eabi/9.3.1/../../../../arm-none-eabi/lib/thumb/v7-m/nofp\libc_nano.a(lib_a-ctype_.o)
                              c:/st/stm32cubeide_1.7.0/stm32cubeide/plugins/com.st.stm32cube.ide.mcu.externaltools.gnu-tools-for-stm32.9-2020-q2-update.win32_2.0.0.202105311346/tools/bin/../lib/gcc/arm-none-eabi/9.3.1/../../../../arm-none-eabi/lib/thumb/v7-m/nofp\libc_nano.a(lib_a-strcasecmp.o) (_ctype_)
c:/st/stm32cubeide_1.7.0/stm32cubeide/plugins/com.st.stm32cube.ide.mcu.externaltools.gnu-tools-for-stm32.9-2020-q2-update.win32_2.0.0.202105311346/tools/bin/../lib/gcc/arm-none-eabi/9.3.1/../../../../arm-none-eabi/lib/thumb/v7-m/nofp\libc_nano.a(lib_a-nano-svfprintf.o)
[...]
Memory Configuration

Name             Origin             Length             Attributes
RAM              0x0000000020000000 0x0000000000005000 xrw
FLASH            0x0000000008000000 0x0000000000010000 xr
*default*        0x0000000000000000 0xffffffffffffffff

Linker script and memory map

LOAD c:/st/stm32cubeide_1.7.0/stm32cubeide/plugins/com.st.stm32cube.ide.mcu.externaltools.gnu-tools-for-stm32.9-2020-q2-update.win32_2.0.0.202105311346/tools/bin/../lib/gcc/arm-none-eabi/9.3.1/thumb/v7-m/nofp/crti.o
LOAD c:/st/stm32cubeide_1.7.0/stm32cubeide/plugins/com.st.stm32cube.ide.mcu.externaltools.gnu-tools-for-stm32.9-2020-q2-update.win32_2.0.0.202105311346/tools/bin/../lib/gcc/arm-none-eabi/9.3.1/thumb/v7-m/nofp/crtbegin.o
LOAD c:/st/stm32cubeide_1.7.0/stm32cubeide/plugins/com.st.stm32cube.ide.mcu.externaltools.gnu-tools-for-stm32.9-2020-q2-update.win32_2.0.0.202105311346/tools/bin/../lib/gcc/arm-none-eabi/9.3.1/../../../../arm-none-eabi/lib/thumb/v7-m/nofp/crt0.o
LOAD ./Core/Inc/debug.o
LOAD ./Core/Src/main.o
LOAD ./Core/Src/stm32f1xx_hal_msp.o
LOAD ./Core/Src/stm32f1xx_it.o
LOAD ./Core/Src/syscalls.o
LOAD ./Core/Src/sysmem.o
LOAD ./Core/Src/system_stm32f1xx.o
LOAD ./Core/Startup/startup_stm32f103c8tx.o
LOAD ./Drivers/STM32F1xx_HAL_Driver/Src/stm32f1xx_hal.o
LOAD ./Drivers/STM32F1xx_HAL_Driver/Src/stm32f1xx_hal_cortex.o
LOAD ./Drivers/STM32F1xx_HAL_Driver/Src/stm32f1xx_hal_dma.o
LOAD ./Drivers/STM32F1xx_HAL_Driver/Src/stm32f1xx_hal_exti.o
LOAD ./Drivers/STM32F1xx_HAL_Driver/Src/stm32f1xx_hal_flash.o
LOAD ./Drivers/STM32F1xx_HAL_Driver/Src/stm32f1xx_hal_flash_ex.o
LOAD ./Drivers/STM32F1xx_HAL_Driver/Src/stm32f1xx_hal_gpio.o
LOAD ./Drivers/STM32F1xx_HAL_Driver/Src/stm32f1xx_hal_gpio_ex.o
LOAD ./Drivers/STM32F1xx_HAL_Driver/Src/stm32f1xx_hal_i2c.o
LOAD ./Drivers/STM32F1xx_HAL_Driver/Src/stm32f1xx_hal_pwr.o
LOAD ./Drivers/STM32F1xx_HAL_Driver/Src/stm32f1xx_hal_rcc.o
LOAD ./Drivers/STM32F1xx_HAL_Driver/Src/stm32f1xx_hal_rcc_ex.o
LOAD ./Drivers/STM32F1xx_HAL_Driver/Src/stm32f1xx_hal_spi.o
LOAD ./Drivers/STM32F1xx_HAL_Driver/Src/stm32f1xx_hal_tim.o
LOAD ./Drivers/STM32F1xx_HAL_Driver/Src/stm32f1xx_hal_tim_ex.o
LOAD ./Drivers/STM32F1xx_HAL_Driver/Src/stm32f1xx_hal_uart.o
LOAD ./FATFS/App/fatfs.o
LOAD ./FATFS/Target/user_diskio.o
LOAD ./FATFS/Target/user_diskio_spi.o
LOAD ./Middlewares/Third_Party/FatFs/src/diskio.o
LOAD ./Middlewares/Third_Party/FatFs/src/ff.o
LOAD ./Middlewares/Third_Party/FatFs/src/ff_gen_drv.o
LOAD ./Middlewares/Third_Party/FatFs/src/option/ccsbcs.o
LOAD ./Middlewares/Third_Party/FatFs/src/option/syscall.o
LOAD ./lib/avr_programmer/AVR_Programmer.o
LOAD ./lib/avr_programmer/avp_internal.o
LOAD ./lib/avr_programmer/error_list.o
LOAD ./lib/avr_programmer/sd_driver.o
LOAD ./lib/avr_programmer/spi_driver.o
LOAD ./lib/avr_programmer/uart_driver.o
LOAD ./lib/encoder/encBtn.o
LOAD ./lib/mcu/mcu.o
LOAD ./lib/menu/TreeMenu.o
LOAD ./lib/oled/ssd1306.o
LOAD ./lib/oled/ssd1306_fonts.o
LOAD ./lib/oled/ssd1306_tests.o
START GROUP
LOAD c:/st/stm32cubeide_1.7.0/stm32cubeide/plugins/com.st.stm32cube.ide.mcu.externaltools.gnu-tools-for-stm32.9-2020-q2-update.win32_2.0.0.202105311346/tools/bin/../lib/gcc/arm-none-eabi/9.3.1/../../../../arm-none-eabi/lib/thumb/v7-m/nofp\libc_nano.a
LOAD c:/st/stm32cubeide_1.7.0/stm32cubeide/plugins/com.st.stm32cube.ide.mcu.externaltools.gnu-tools-for-stm32.9-2020-q2-update.win32_2.0.0.202105311346/tools/bin/../lib/gcc/arm-none-eabi/9.3.1/../../../../arm-none-eabi/lib/thumb/v7-m/nofp\libm.a
END GROUP
START GROUP
LOAD c:/st/stm32cubeide_1.7.0/stm32cubeide/plugins/com.st.stm32cube.ide.mcu.externaltools.gnu-tools-for-stm32.9-2020-q2-update.win32_2.0.0.202105311346/tools/bin/../lib/gcc/arm-none-eabi/9.3.1/thumb/v7-m/nofp\libgcc.a
LOAD c:/st/stm32cubeide_1.7.0/stm32cubeide/plugins/com.st.stm32cube.ide.mcu.externaltools.gnu-tools-for-stm32.9-2020-q2-update.win32_2.0.0.202105311346/tools/bin/../lib/gcc/arm-none-eabi/9.3.1/../../../../arm-none-eabi/lib/thumb/v7-m/nofp\libc_nano.a
END GROUP
START GROUP
LOAD c:/st/stm32cubeide_1.7.0/stm32cubeide/plugins/com.st.stm32cube.ide.mcu.externaltools.gnu-tools-for-stm32.9-2020-q2-update.win32_2.0.0.202105311346/tools/bin/../lib/gcc/arm-none-eabi/9.3.1/thumb/v7-m/nofp\libgcc.a
LOAD c:/st/stm32cubeide_1.7.0/stm32cubeide/plugins/com.st.stm32cube.ide.mcu.externaltools.gnu-tools-for-stm32.9-2020-q2-update.win32_2.0.0.202105311346/tools/bin/../lib/gcc/arm-none-eabi/9.3.1/../../../../arm-none-eabi/lib/thumb/v7-m/nofp\libc_nano.a
LOAD c:/st/stm32cubeide_1.7.0/stm32cubeide/plugins/com.st.stm32cube.ide.mcu.externaltools.gnu-tools-for-stm32.9-2020-q2-update.win32_2.0.0.202105311346/tools/bin/../lib/gcc/arm-none-eabi/9.3.1/../../../../arm-none-eabi/lib/thumb/v7-m/nofp\libnosys.a
END GROUP
START GROUP
LOAD c:/st/stm32cubeide_1.7.0/stm32cubeide/plugins/com.st.stm32cube.ide.mcu.externaltools.gnu-tools-for-stm32.9-2020-q2-update.win32_2.0.0.202105311346/tools/bin/../lib/gcc/arm-none-eabi/9.3.1/thumb/v7-m/nofp\libgcc.a
LOAD c:/st/stm32cubeide_1.7.0/stm32cubeide/plugins/com.st.stm32cube.ide.mcu.externaltools.gnu-tools-for-stm32.9-2020-q2-update.win32_2.0.0.202105311346/tools/bin/../lib/gcc/arm-none-eabi/9.3.1/../../../../arm-none-eabi/lib/thumb/v7-m/nofp\libc_nano.a
LOAD c:/st/stm32cubeide_1.7.0/stm32cubeide/plugins/com.st.stm32cube.ide.mcu.externaltools.gnu-tools-for-stm32.9-2020-q2-update.win32_2.0.0.202105311346/tools/bin/../lib/gcc/arm-none-eabi/9.3.1/../../../../arm-none-eabi/lib/thumb/v7-m/nofp\libnosys.a
END GROUP
LOAD c:/st/stm32cubeide_1.7.0/stm32cubeide/plugins/com.st.stm32cube.ide.mcu.externaltools.gnu-tools-for-stm32.9-2020-q2-update.win32_2.0.0.202105311346/tools/bin/../lib/gcc/arm-none-eabi/9.3.1/thumb/v7-m/nofp/crtend.o
LOAD c:/st/stm32cubeide_1.7.0/stm32cubeide/plugins/com.st.stm32cube.ide.mcu.externaltools.gnu-tools-for-stm32.9-2020-q2-update.win32_2.0.0.202105311346/tools/bin/../lib/gcc/arm-none-eabi/9.3.1/thumb/v7-m/nofp/crtn.o
                0x0000000020005000                _estack = (ORIGIN (RAM) + LENGTH (RAM))
                0x0000000000000200                _Min_Heap_Size = 0x200
                0x0000000000000400                _Min_Stack_Size = 0x400

.isr_vector     0x0000000008000000      0x10c
                0x0000000008000000                . = ALIGN (0x4)
 *(.isr_vector)
 .isr_vector    0x0000000008000000      0x10c ./Core/Startup/startup_stm32f103c8tx.o
                0x0000000008000000                g_pfnVectors
                0x000000000800010c                . = ALIGN (0x4)

.text           0x000000000800010c     0x66a4
                0x000000000800010c                . = ALIGN (0x4)
 *(.text)
 .text          0x000000000800010c       0x40 c:/st/stm32cubeide_1.7.0/stm32cubeide/plugins/com.st.stm32cube.ide.mcu.externaltools.gnu-tools-for-stm32.9-2020-q2-update.win32_2.0.0.202105311346/tools/bin/../lib/gcc/arm-none-eabi/9.3.1/thumb/v7-m/nofp/crtbegin.o
 *(.text*)
 .text.debug_init
                0x000000000800014c        0xc ./Core/Inc/debug.o
                0x000000000800014c                debug_init
 .text.myprintf
                0x0000000008000158       0x38 ./Core/Inc/debug.o
                0x0000000008000158                myprintf
 .text.temp_callback
                0x0000000008000190        0xc ./Core/Src/main.o
                0x0000000008000190                temp_callback
 .text.temp_err_cb
                0x000000000800019c       0x28 ./Core/Src/main.o
                0x000000000800019c                temp_err_cb
 .text.temp_sucs_cb
                0x00000000080001c4        0xc ./Core/Src/main.o
                0x00000000080001c4                temp_sucs_cb
 .text.changeMenu
                0x00000000080001d0       0x28 ./Core/Src/main.o
                0x00000000080001d0                changeMenu
 .text.menuTick
                0x00000000080001f8      0x4c8 ./Core/Src/main.o
                0x00000000080001f8                menuTick
 .text.SystemClock_Config
                0x00000000080006c0       0x64 ./Core/Src/main.o
                0x00000000080006c0                SystemClock_Config
 .text.startup.main
                0x0000000008000724      0x324 ./Core/Src/main.o
                0x0000000008000724                main
 .text.Error_Handler
                0x0000000008000a48        0x4 ./Core/Src/main.o
                0x0000000008000a48                Error_Handler
 .text.HAL_MspInit
                0x0000000008000a4c       0x44 ./Core/Src/stm32f1xx_hal_msp.o
                0x0000000008000a4c                HAL_MspInit
 .text.HAL_I2C_MspInit
                0x0000000008000a90       0x78 ./Core/Src/stm32f1xx_hal_msp.o
                0x0000000008000a90                HAL_I2C_MspInit
 .text.HAL_SPI_MspInit
                0x0000000008000b08      0x104 ./Core/Src/stm32f1xx_hal_msp.o
                0x0000000008000b08                HAL_SPI_MspInit
 .text.HAL_SPI_MspDeInit
                0x0000000008000c0c       0x5c ./Core/Src/stm32f1xx_hal_msp.o
                0x0000000008000c0c                HAL_SPI_MspDeInit
 .text.HAL_TIM_Base_MspInit
                0x0000000008000c68       0x3c ./Core/Src/stm32f1xx_hal_msp.o
                0x0000000008000c68                HAL_TIM_Base_MspInit
 .text.HAL_TIM_Encoder_MspInit
                0x0000000008000ca4       0x74 ./Core/Src/stm32f1xx_hal_msp.o
                0x0000000008000ca4                HAL_TIM_Encoder_MspInit
 .text.HAL_UART_MspInit
                0x0000000008000d18       0x84 ./Core/Src/stm32f1xx_hal_msp.o
                0x0000000008000d18                HAL_UART_MspInit
 .text.NMI_Handler
                0x0000000008000d9c        0x2 ./Core/Src/stm32f1xx_it.o
                0x0000000008000d9c                NMI_Handler
 *fill*         0x0000000008000d9e        0x2 
 .text.HardFault_Handler
                0x0000000008000da0       0x18 ./Core/Src/stm32f1xx_it.o
                0x0000000008000da0                HardFault_Handler
 .text.MemManage_Handler
                0x0000000008000db8        0x2 ./Core/Src/stm32f1xx_it.o
                0x0000000008000db8                MemManage_Handler
 .text.BusFault_Handler
                0x0000000008000dba        0x2 ./Core/Src/stm32f1xx_it.o
                0x0000000008000dba                BusFault_Handler
 .text.UsageFault_Handler
                0x0000000008000dbc        0x2 ./Core/Src/stm32f1xx_it.o
                0x0000000008000dbc                UsageFault_Handler
 .text.SVC_Handler
                0x0000000008000dbe        0x2 ./Core/Src/stm32f1xx_it.o
                0x0000000008000dbe                SVC_Handler
 .text.DebugMon_Handler
                0x0000000008000dc0        0x2 ./Core/Src/stm32f1xx_it.o
                0x0000000008000dc0                DebugMon_Handler
 .text.PendSV_Handler
                0x0000000008000dc2        0x2 ./Core/Src/stm32f1xx_it.o
                0x0000000008000dc2                PendSV_Handler
 .text.SysTick_Handler
                0x0000000008000dc4        0x4 ./Core/Src/stm32f1xx_it.o
                0x0000000008000dc4                SysTick_Handler
 .text.DMA1_Channel4_IRQHandler
                0x0000000008000dc8        0xc ./Core/Src/stm32f1xx_it.o
                0x0000000008000dc8                DMA1_Channel4_IRQHandler
 .text.TIM2_IRQHandler
                0x0000000008000dd4        0xc ./Core/Src/stm32f1xx_it.o
                0x0000000008000dd4                TIM2_IRQHandler
 .text._sbrk    0x0000000008000de0       0x40 ./Core/Src/sysmem.o
                0x0000000008000de0                _sbrk
 .text.SystemInit
                0x0000000008000e20        0x2 ./Core/Src/system_stm32f1xx.o
                0x0000000008000e20                SystemInit
 *fill*         0x0000000008000e22        0x2 
 .text.Reset_Handler
                0x0000000008000e24       0x48 ./Core/Startup/startup_stm32f103c8tx.o
                0x0000000008000e24                Reset_Handler
 .text.Default_Handler
                0x0000000008000e6c        0x2 ./Core/Startup/startup_stm32f103c8tx.o
                0x0000000008000e6c                RTC_Alarm_IRQHandler
                0x0000000008000e6c                EXTI2_IRQHandler
                0x0000000008000e6c                TIM1_CC_IRQHandler
                0x0000000008000e6c                PVD_IRQHandler
                0x0000000008000e6c                EXTI3_IRQHandler
                0x0000000008000e6c                EXTI0_IRQHandler
                0x0000000008000e6c                I2C2_EV_IRQHandler
                0x0000000008000e6c                ADC1_2_IRQHandler
                0x0000000008000e6c                SPI1_IRQHandler
                0x0000000008000e6c                TAMPER_IRQHandler
                0x0000000008000e6c                USART3_IRQHandler
                0x0000000008000e6c                RTC_IRQHandler
                0x0000000008000e6c                DMA1_Channel7_IRQHandler
                0x0000000008000e6c                CAN1_RX1_IRQHandler
                0x0000000008000e6c                TIM4_IRQHandler
                0x0000000008000e6c                I2C1_EV_IRQHandler
                0x0000000008000e6c                DMA1_Channel6_IRQHandler
                0x0000000008000e6c                TIM3_IRQHandler
                0x0000000008000e6c                RCC_IRQHandler
                0x0000000008000e6c                TIM1_TRG_COM_IRQHandler
                0x0000000008000e6c                DMA1_Channel1_IRQHandler
                0x0000000008000e6c                Default_Handler
                0x0000000008000e6c                EXTI15_10_IRQHandler
                0x0000000008000e6c                EXTI9_5_IRQHandler
                0x0000000008000e6c                SPI2_IRQHandler
                0x0000000008000e6c                DMA1_Channel5_IRQHandler
                0x0000000008000e6c                EXTI4_IRQHandler
                0x0000000008000e6c                USB_LP_CAN1_RX0_IRQHandler
                0x0000000008000e6c                USB_HP_CAN1_TX_IRQHandler
                0x0000000008000e6c                DMA1_Channel3_IRQHandler
                0x0000000008000e6c                TIM1_UP_IRQHandler
                0x0000000008000e6c                WWDG_IRQHandler
                0x0000000008000e6c                TIM1_BRK_IRQHandler
                0x0000000008000e6c                EXTI1_IRQHandler
                0x0000000008000e6c                USART2_IRQHandler
                0x0000000008000e6c                I2C2_ER_IRQHandler
                0x0000000008000e6c                DMA1_Channel2_IRQHandler
                0x0000000008000e6c                CAN1_SCE_IRQHandler
                0x0000000008000e6c                FLASH_IRQHandler
                0x0000000008000e6c                USART1_IRQHandler
                0x0000000008000e6c                I2C1_ER_IRQHandler
                0x0000000008000e6c                USBWakeUp_IRQHandler
 *fill*         0x0000000008000e6e        0x2 
 .text.HAL_InitTick
                0x0000000008000e70       0x48 ./Drivers/STM32F1xx_HAL_Driver/Src/stm32f1xx_hal.o
                0x0000000008000e70                HAL_InitTick
 .text.HAL_Init
                0x0000000008000eb8       0x24 ./Drivers/STM32F1xx_HAL_Driver/Src/stm32f1xx_hal.o
                0x0000000008000eb8                HAL_Init
 .text.HAL_IncTick
                0x0000000008000edc       0x18 ./Drivers/STM32F1xx_HAL_Driver/Src/stm32f1xx_hal.o
                0x0000000008000edc                HAL_IncTick
 .text.HAL_GetTick
                0x0000000008000ef4        0xc ./Drivers/STM32F1xx_HAL_Driver/Src/stm32f1xx_hal.o
                0x0000000008000ef4                HAL_GetTick
 .text.HAL_Delay
                0x0000000008000f00       0x24 ./Drivers/STM32F1xx_HAL_Driver/Src/stm32f1xx_hal.o
                0x0000000008000f00                HAL_Delay
 .text.HAL_NVIC_SetPriorityGrouping
                0x0000000008000f24       0x24 ./Drivers/STM32F1xx_HAL_Driver/Src/stm32f1xx_hal_cortex.o
                0x0000000008000f24                HAL_NVIC_SetPriorityGrouping
 .text.HAL_NVIC_SetPriority
                0x0000000008000f48       0x64 ./Drivers/STM32F1xx_HAL_Driver/Src/stm32f1xx_hal_cortex.o
                0x0000000008000f48                HAL_NVIC_SetPriority
 .text.HAL_NVIC_EnableIRQ
                0x0000000008000fac       0x1c ./Drivers/STM32F1xx_HAL_Driver/Src/stm32f1xx_hal_cortex.o
                0x0000000008000fac                HAL_NVIC_EnableIRQ
 .text.HAL_SYSTICK_Config
                0x0000000008000fc8       0x2c ./Drivers/STM32F1xx_HAL_Driver/Src/stm32f1xx_hal_cortex.o
                0x0000000008000fc8                HAL_SYSTICK_Config
 .text.HAL_DMA_Init
                0x0000000008000ff4       0x64 ./Drivers/STM32F1xx_HAL_Driver/Src/stm32f1xx_hal_dma.o
                0x0000000008000ff4                HAL_DMA_Init
 .text.HAL_DMA_DeInit
                0x0000000008001058       0x54 ./Drivers/STM32F1xx_HAL_Driver/Src/stm32f1xx_hal_dma.o
                0x0000000008001058                HAL_DMA_DeInit
 .text.HAL_DMA_IRQHandler
                0x00000000080010ac      0x128 ./Drivers/STM32F1xx_HAL_Driver/Src/stm32f1xx_hal_dma.o
                0x00000000080010ac                HAL_DMA_IRQHandler
 .text.HAL_GPIO_Init
                0x00000000080011d4      0x1b8 ./Drivers/STM32F1xx_HAL_Driver/Src/stm32f1xx_hal_gpio.o
                0x00000000080011d4                HAL_GPIO_Init
 .text.HAL_GPIO_DeInit
                0x000000000800138c       0xdc ./Drivers/STM32F1xx_HAL_Driver/Src/stm32f1xx_hal_gpio.o
                0x000000000800138c                HAL_GPIO_DeInit
 .text.HAL_GPIO_ReadPin
                0x0000000008001468        0xc ./Drivers/STM32F1xx_HAL_Driver/Src/stm32f1xx_hal_gpio.o
                0x0000000008001468                HAL_GPIO_ReadPin
 .text.HAL_GPIO_WritePin
                0x0000000008001474        0xa ./Drivers/STM32F1xx_HAL_Driver/Src/stm32f1xx_hal_gpio.o
                0x0000000008001474                HAL_GPIO_WritePin
 .text.I2C_IsAcknowledgeFailed
                0x000000000800147e       0x32 ./Drivers/STM32F1xx_HAL_Driver/Src/stm32f1xx_hal_i2c.o
 .text.I2C_WaitOnFlagUntilTimeout
                0x00000000080014b0       0x80 ./Drivers/STM32F1xx_HAL_Driver/Src/stm32f1xx_hal_i2c.o
 .text.I2C_WaitOnMasterAddressFlagUntilTimeout
                0x0000000008001530       0x84 ./Drivers/STM32F1xx_HAL_Driver/Src/stm32f1xx_hal_i2c.o
 .text.I2C_WaitOnBTFFlagUntilTimeout
                0x00000000080015b4       0x54 ./Drivers/STM32F1xx_HAL_Driver/Src/stm32f1xx_hal_i2c.o
 .text.I2C_WaitOnTXEFlagUntilTimeout
                0x0000000008001608       0x54 ./Drivers/STM32F1xx_HAL_Driver/Src/stm32f1xx_hal_i2c.o
 .text.I2C_RequestMemoryWrite
                0x000000000800165c       0xb0 ./Drivers/STM32F1xx_HAL_Driver/Src/stm32f1xx_hal_i2c.o
 .text.HAL_I2C_Init
                0x000000000800170c      0x150 ./Drivers/STM32F1xx_HAL_Driver/Src/stm32f1xx_hal_i2c.o
                0x000000000800170c                HAL_I2C_Init
 .text.HAL_I2C_Mem_Write
                0x000000000800185c      0x120 ./Drivers/STM32F1xx_HAL_Driver/Src/stm32f1xx_hal_i2c.o
                0x000000000800185c                HAL_I2C_Mem_Write
 .text.HAL_RCC_OscConfig
                0x000000000800197c      0x338 ./Drivers/STM32F1xx_HAL_Driver/Src/stm32f1xx_hal_rcc.o
                0x000000000800197c                HAL_RCC_OscConfig
 .text.HAL_RCC_GetSysClockFreq
                0x0000000008001cb4       0x4c ./Drivers/STM32F1xx_HAL_Driver/Src/stm32f1xx_hal_rcc.o
                0x0000000008001cb4                HAL_RCC_GetSysClockFreq
 .text.HAL_RCC_ClockConfig
                0x0000000008001d00      0x138 ./Drivers/STM32F1xx_HAL_Driver/Src/stm32f1xx_hal_rcc.o
                0x0000000008001d00                HAL_RCC_ClockConfig
 .text.HAL_RCC_GetPCLK1Freq
                0x0000000008001e38       0x20 ./Drivers/STM32F1xx_HAL_Driver/Src/stm32f1xx_hal_rcc.o
                0x0000000008001e38                HAL_RCC_GetPCLK1Freq
 .text.HAL_RCC_GetPCLK2Freq
                0x0000000008001e58       0x20 ./Drivers/STM32F1xx_HAL_Driver/Src/stm32f1xx_hal_rcc.o
                0x0000000008001e58                HAL_RCC_GetPCLK2Freq
 .text.SPI_WaitFlagStateUntilTimeout
                0x0000000008001e78       0xb8 ./Drivers/STM32F1xx_HAL_Driver/Src/stm32f1xx_hal_spi.o
 .text.SPI_EndRxTxTransaction
                0x0000000008001f30       0x38 ./Drivers/STM32F1xx_HAL_Driver/Src/stm32f1xx_hal_spi.o
 .text.HAL_SPI_Init
                0x0000000008001f68       0xb0 ./Drivers/STM32F1xx_HAL_Driver/Src/stm32f1xx_hal_spi.o
                0x0000000008001f68                HAL_SPI_Init
 .text.HAL_SPI_DeInit
                0x0000000008002018       0x2c ./Drivers/STM32F1xx_HAL_Driver/Src/stm32f1xx_hal_spi.o
                0x0000000008002018                HAL_SPI_DeInit
 .text.HAL_SPI_Transmit
                0x0000000008002044      0x162 ./Drivers/STM32F1xx_HAL_Driver/Src/stm32f1xx_hal_spi.o
                0x0000000008002044                HAL_SPI_Transmit
 .text.HAL_SPI_TransmitReceive
                0x00000000080021a6      0x1f8 ./Drivers/STM32F1xx_HAL_Driver/Src/stm32f1xx_hal_spi.o
                0x00000000080021a6                HAL_SPI_TransmitReceive
 .text.HAL_TIM_Encoder_Start
                0x000000000800239e       0xb6 ./Drivers/STM32F1xx_HAL_Driver/Src/stm32f1xx_hal_tim.o
                0x000000000800239e                HAL_TIM_Encoder_Start
 .text.HAL_TIM_PeriodElapsedCallback
                0x0000000008002454        0x2 ./Drivers/STM32F1xx_HAL_Driver/Src/stm32f1xx_hal_tim.o
                0x0000000008002454                HAL_TIM_PeriodElapsedCallback
 .text.HAL_TIM_OC_DelayElapsedCallback
                0x0000000008002456        0x2 ./Drivers/STM32F1xx_HAL_Driver/Src/stm32f1xx_hal_tim.o
                0x0000000008002456                HAL_TIM_OC_DelayElapsedCallback
 .text.HAL_TIM_IC_CaptureCallback
                0x0000000008002458        0x2 ./Drivers/STM32F1xx_HAL_Driver/Src/stm32f1xx_hal_tim.o
                0x0000000008002458                HAL_TIM_IC_CaptureCallback
 .text.HAL_TIM_PWM_PulseFinishedCallback
                0x000000000800245a        0x2 ./Drivers/STM32F1xx_HAL_Driver/Src/stm32f1xx_hal_tim.o
                0x000000000800245a                HAL_TIM_PWM_PulseFinishedCallback
 .text.HAL_TIM_TriggerCallback
                0x000000000800245c        0x2 ./Drivers/STM32F1xx_HAL_Driver/Src/stm32f1xx_hal_tim.o
                0x000000000800245c                HAL_TIM_TriggerCallback
 .text.HAL_TIM_IRQHandler
                0x000000000800245e      0x128 ./Drivers/STM32F1xx_HAL_Driver/Src/stm32f1xx_hal_tim.o
                0x000000000800245e                HAL_TIM_IRQHandler
 *fill*         0x0000000008002586        0x2 
 .text.TIM_Base_SetConfig
                0x0000000008002588       0x80 ./Drivers/STM32F1xx_HAL_Driver/Src/stm32f1xx_hal_tim.o
                0x0000000008002588                TIM_Base_SetConfig
 .text.HAL_TIM_Base_Init
                0x0000000008002608       0x58 ./Drivers/STM32F1xx_HAL_Driver/Src/stm32f1xx_hal_tim.o
                0x0000000008002608                HAL_TIM_Base_Init
 .text.HAL_TIM_Encoder_Init
                0x0000000008002660       0xaa ./Drivers/STM32F1xx_HAL_Driver/Src/stm32f1xx_hal_tim.o
                0x0000000008002660                HAL_TIM_Encoder_Init
 .text.TIM_ETR_SetConfig
                0x000000000800270a       0x14 ./Drivers/STM32F1xx_HAL_Driver/Src/stm32f1xx_hal_tim.o
                0x000000000800270a                TIM_ETR_SetConfig
 .text.HAL_TIM_ConfigClockSource
                0x000000000800271e      0x138 ./Drivers/STM32F1xx_HAL_Driver/Src/stm32f1xx_hal_tim.o
                0x000000000800271e                HAL_TIM_ConfigClockSource
 *fill*         0x0000000008002856        0x2 
 .text.HAL_TIMEx_MasterConfigSynchronization
                0x0000000008002858       0x5c ./Drivers/STM32F1xx_HAL_Driver/Src/stm32f1xx_hal_tim_ex.o
                0x0000000008002858                HAL_TIMEx_MasterConfigSynchronization
 .text.HAL_TIMEx_CommutCallback
                0x00000000080028b4        0x2 ./Drivers/STM32F1xx_HAL_Driver/Src/stm32f1xx_hal_tim_ex.o
                0x00000000080028b4                HAL_TIMEx_CommutCallback
 .text.HAL_TIMEx_BreakCallback
                0x00000000080028b6        0x2 ./Drivers/STM32F1xx_HAL_Driver/Src/stm32f1xx_hal_tim_ex.o
                0x00000000080028b6                HAL_TIMEx_BreakCallback
 .text.UART_EndRxTransfer
                0x00000000080028b8       0x5c ./Drivers/STM32F1xx_HAL_Driver/Src/stm32f1xx_hal_uart.o
 .text.UART_SetConfig
                0x0000000008002914       0x74 ./Drivers/STM32F1xx_HAL_Driver/Src/stm32f1xx_hal_uart.o
 .text.UART_WaitOnFlagUntilTimeout.constprop.0
                0x0000000008002988       0x64 ./Drivers/STM32F1xx_HAL_Driver/Src/stm32f1xx_hal_uart.o
 .text.HAL_UART_Init
                0x00000000080029ec       0x5e ./Drivers/STM32F1xx_HAL_Driver/Src/stm32f1xx_hal_uart.o
                0x00000000080029ec                HAL_UART_Init
 .text.HAL_UART_Transmit
                0x0000000008002a4a       0x9c ./Drivers/STM32F1xx_HAL_Driver/Src/stm32f1xx_hal_uart.o
                0x0000000008002a4a                HAL_UART_Transmit
 *fill*         0x0000000008002ae6        0x2 
 .text.MX_FATFS_Init
                0x0000000008002ae8       0x1c ./FATFS/App/fatfs.o
                0x0000000008002ae8                MX_FATFS_Init
 .text.get_fattime
                0x0000000008002b04        0x4 ./FATFS/App/fatfs.o
                0x0000000008002b04                get_fattime
 .text.USER_initialize
                0x0000000008002b08        0x4 ./FATFS/Target/user_diskio.o
                0x0000000008002b08                USER_initialize
 .text.USER_status
                0x0000000008002b0c        0x4 ./FATFS/Target/user_diskio.o
                0x0000000008002b0c                USER_status
 .text.USER_read
                0x0000000008002b10        0x4 ./FATFS/Target/user_diskio.o
                0x0000000008002b10                USER_read
 .text.USER_write
                0x0000000008002b14        0x4 ./FATFS/Target/user_diskio.o
                0x0000000008002b14                USER_write
 .text.USER_ioctl
                0x0000000008002b18        0x4 ./FATFS/Target/user_diskio.o
                0x0000000008002b18                USER_ioctl
 .text.xchg_spi
                0x0000000008002b1c       0x28 ./FATFS/Target/user_diskio_spi.o
 .text.wait_ready
                0x0000000008002b44       0x2a ./FATFS/Target/user_diskio_spi.o
 *fill*         0x0000000008002b6e        0x2 
 .text.despiselect
                0x0000000008002b70       0x1c ./FATFS/Target/user_diskio_spi.o
 .text.spiselect
                0x0000000008002b8c       0x30 ./FATFS/Target/user_diskio_spi.o
 .text.send_cmd
                0x0000000008002bbc       0x84 ./FATFS/Target/user_diskio_spi.o
 .text.xmit_datablock.part.0
                0x0000000008002c40       0x34 ./FATFS/Target/user_diskio_spi.o
 .text.SPI_Timer_On
                0x0000000008002c74       0x1c ./FATFS/Target/user_diskio_spi.o
                0x0000000008002c74                SPI_Timer_On
 .text.SPI_Timer_Status
                0x0000000008002c90       0x24 ./FATFS/Target/user_diskio_spi.o
                0x0000000008002c90                SPI_Timer_Status
 .text.rcvr_datablock
                0x0000000008002cb4       0x46 ./FATFS/Target/user_diskio_spi.o
 *fill*         0x0000000008002cfa        0x2 
 .text.USER_SPI_initialize
                0x0000000008002cfc      0x148 ./FATFS/Target/user_diskio_spi.o
                0x0000000008002cfc                USER_SPI_initialize
 .text.USER_SPI_status
                0x0000000008002e44       0x14 ./FATFS/Target/user_diskio_spi.o
                0x0000000008002e44                USER_SPI_status
 .text.USER_SPI_read
                0x0000000008002e58       0x80 ./FATFS/Target/user_diskio_spi.o
                0x0000000008002e58                USER_SPI_read
 .text.USER_SPI_write
                0x0000000008002ed8       0xc8 ./FATFS/Target/user_diskio_spi.o
                0x0000000008002ed8                USER_SPI_write
 .text.USER_SPI_ioctl
                0x0000000008002fa0      0x1cc ./FATFS/Target/user_diskio_spi.o
                0x0000000008002fa0                USER_SPI_ioctl
 .text.disk_status
                0x000000000800316c       0x14 ./Middlewares/Third_Party/FatFs/src/diskio.o
                0x000000000800316c                disk_status
 .text.disk_initialize
                0x0000000008003180       0x20 ./Middlewares/Third_Party/FatFs/src/diskio.o
                0x0000000008003180                disk_initialize
 .text.disk_read
                0x00000000080031a0       0x1c ./Middlewares/Third_Party/FatFs/src/diskio.o
                0x00000000080031a0                disk_read
 .text.disk_write
                0x00000000080031bc       0x1c ./Middlewares/Third_Party/FatFs/src/diskio.o
                0x00000000080031bc                disk_write
 .text.disk_ioctl
                0x00000000080031d8       0x18 ./Middlewares/Third_Party/FatFs/src/diskio.o
                0x00000000080031d8                disk_ioctl
 .text.mem_cpy  0x00000000080031f0       0x14 ./Middlewares/Third_Party/FatFs/src/ff.o
 .text.mem_set  0x0000000008003204        0xe ./Middlewares/Third_Party/FatFs/src/ff.o
 *fill*         0x0000000008003212        0x2 
 .text.chk_lock
                0x0000000008003214       0x84 ./Middlewares/Third_Party/FatFs/src/ff.o
 .text.inc_lock
                0x0000000008003298       0x98 ./Middlewares/Third_Party/FatFs/src/ff.o
 .text.dec_lock
                0x0000000008003330       0x40 ./Middlewares/Third_Party/FatFs/src/ff.o
 .text.clmt_clust
                0x0000000008003370       0x28 ./Middlewares/Third_Party/FatFs/src/ff.o
 .text.sum_sfn  0x0000000008003398       0x1e ./Middlewares/Third_Party/FatFs/src/ff.o
 .text.get_ldnumber
                0x00000000080033b6       0x30 ./Middlewares/Third_Party/FatFs/src/ff.o
 .text.validate
                0x00000000080033e6       0x2e ./Middlewares/Third_Party/FatFs/src/ff.o
 .text.ld_clust.isra.0
                0x0000000008003414       0x1c ./Middlewares/Third_Party/FatFs/src/ff.o
 .text.sync_window.part.0
                0x0000000008003430       0x54 ./Middlewares/Third_Party/FatFs/src/ff.o
 .text.sync_window
                0x0000000008003484        0xe ./Middlewares/Third_Party/FatFs/src/ff.o
 .text.move_window
                0x0000000008003492       0x36 ./Middlewares/Third_Party/FatFs/src/ff.o
 .text.check_fs
                0x00000000080034c8       0x58 ./Middlewares/Third_Party/FatFs/src/ff.o
 .text.find_volume
                0x0000000008003520      0x284 ./Middlewares/Third_Party/FatFs/src/ff.o
 .text.sync_fs  0x00000000080037a4       0x84 ./Middlewares/Third_Party/FatFs/src/ff.o
 .text.clust2sect
                0x0000000008003828       0x1c ./Middlewares/Third_Party/FatFs/src/ff.o
                0x0000000008003828                clust2sect
 .text.get_fat  0x0000000008003844       0xc2 ./Middlewares/Third_Party/FatFs/src/ff.o
                0x0000000008003844                get_fat
 .text.dir_sdi  0x0000000008003906       0x9c ./Middlewares/Third_Party/FatFs/src/ff.o
 .text.put_fat  0x00000000080039a2       0xf4 ./Middlewares/Third_Party/FatFs/src/ff.o
                0x00000000080039a2                put_fat
 .text.create_chain
                0x0000000008003a96       0xb2 ./Middlewares/Third_Party/FatFs/src/ff.o
 .text.dir_next
                0x0000000008003b48      0x116 ./Middlewares/Third_Party/FatFs/src/ff.o
 *fill*         0x0000000008003c5e        0x2 
 .text.dir_find.part.0
                0x0000000008003c60      0x13c ./Middlewares/Third_Party/FatFs/src/ff.o
 .text.follow_path
                0x0000000008003d9c      0x25c ./Middlewares/Third_Party/FatFs/src/ff.o
 .text.dir_register
                0x0000000008003ff8      0x294 ./Middlewares/Third_Party/FatFs/src/ff.o
 .text.remove_chain
                0x000000000800428c       0x66 ./Middlewares/Third_Party/FatFs/src/ff.o
 *fill*         0x00000000080042f2        0x2 
 .text.f_mount  0x00000000080042f4       0x6c ./Middlewares/Third_Party/FatFs/src/ff.o
                0x00000000080042f4                f_mount
 .text.f_open   0x0000000008004360      0x188 ./Middlewares/Third_Party/FatFs/src/ff.o
                0x0000000008004360                f_open
 .text.f_read   0x00000000080044e8      0x18e ./Middlewares/Third_Party/FatFs/src/ff.o
                0x00000000080044e8                f_read
 .text.f_write  0x0000000008004676      0x1d2 ./Middlewares/Third_Party/FatFs/src/ff.o
                0x0000000008004676                f_write
 .text.f_sync   0x0000000008004848       0xc2 ./Middlewares/Third_Party/FatFs/src/ff.o
                0x0000000008004848                f_sync
 .text.f_close  0x000000000800490a       0x22 ./Middlewares/Third_Party/FatFs/src/ff.o
                0x000000000800490a                f_close
 .text.f_lseek  0x000000000800492c      0x292 ./Middlewares/Third_Party/FatFs/src/ff.o
                0x000000000800492c                f_lseek
 *fill*         0x0000000008004bbe        0x2 
 .text.FATFS_LinkDriverEx
                0x0000000008004bc0       0x44 ./Middlewares/Third_Party/FatFs/src/ff_gen_drv.o
                0x0000000008004bc0                FATFS_LinkDriverEx
 .text.FATFS_LinkDriver
                0x0000000008004c04        0x6 ./Middlewares/Third_Party/FatFs/src/ff_gen_drv.o
                0x0000000008004c04                FATFS_LinkDriver
 *fill*         0x0000000008004c0a        0x2 
 .text.ff_convert
                0x0000000008004c0c       0x3c ./Middlewares/Third_Party/FatFs/src/option/ccsbcs.o
                0x0000000008004c0c                ff_convert
 .text.ff_wtoupper
                0x0000000008004c48       0x24 ./Middlewares/Third_Party/FatFs/src/option/ccsbcs.o
                0x0000000008004c48                ff_wtoupper
 .text.AVP_Init
                0x0000000008004c6c       0x6c ./lib/avr_programmer/AVR_Programmer.o
                0x0000000008004c6c                AVP_Init
 .text.Close_Session
                0x0000000008004cd8       0x48 ./lib/avr_programmer/AVR_Programmer.o
                0x0000000008004cd8                Close_Session
 .text.Init_Session
                0x0000000008004d20      0x114 ./lib/avr_programmer/AVR_Programmer.o
                0x0000000008004d20                Init_Session
 .text.AVP_Execute
                0x0000000008004e34       0x9c ./lib/avr_programmer/AVR_Programmer.o
                0x0000000008004e34                AVP_Execute
 .text.AVP_Set_SPI
                0x0000000008004ed0       0x18 ./lib/avr_programmer/AVR_Programmer.o
                0x0000000008004ed0                AVP_Set_SPI
 .text.FAIL     0x0000000008004ee8       0x34 ./lib/avr_programmer/avp_internal.o
                0x0000000008004ee8                FAIL
 .text.SD_GetFlHex
                0x0000000008004f1c        0x2 ./lib/avr_programmer/sd_driver.o
                0x0000000008004f1c                SD_GetFlHex
 *fill*         0x0000000008004f1e        0x2 
 .text.SD_GetFlBin
                0x0000000008004f20       0x68 ./lib/avr_programmer/sd_driver.o
                0x0000000008004f20                SD_GetFlBin
 .text.SD_SetFlBin
                0x0000000008004f88       0x60 ./lib/avr_programmer/sd_driver.o
                0x0000000008004f88                SD_SetFlBin
 .text.SD_SetCfg
                0x0000000008004fe8        0x4 ./lib/avr_programmer/sd_driver.o
                0x0000000008004fe8                SD_SetCfg
 .text.SD_GetEeBin
                0x0000000008004fec        0x4 ./lib/avr_programmer/sd_driver.o
                0x0000000008004fec                SD_GetEeBin
 .text.SD_GetEeHex
                0x0000000008004ff0        0x4 ./lib/avr_programmer/sd_driver.o
                0x0000000008004ff0                SD_GetEeHex
 .text.SD_GetFbTxt
                0x0000000008004ff4        0x4 ./lib/avr_programmer/sd_driver.o
                0x0000000008004ff4                SD_GetFbTxt
 .text.SD_GetFbBin
                0x0000000008004ff8        0x4 ./lib/avr_programmer/sd_driver.o
                0x0000000008004ff8                SD_GetFbBin
 .text.SD_GetLbTxt
                0x0000000008004ffc        0x4 ./lib/avr_programmer/sd_driver.o
                0x0000000008004ffc                SD_GetLbTxt
 .text.SD_GetLbBin
                0x0000000008005000        0x4 ./lib/avr_programmer/sd_driver.o
                0x0000000008005000                SD_GetLbBin
 .text.SD_GetCfg
                0x0000000008005004        0x4 ./lib/avr_programmer/sd_driver.o
                0x0000000008005004                SD_GetCfg
 .text.SD_SetFlHex
                0x0000000008005008        0x4 ./lib/avr_programmer/sd_driver.o
                0x0000000008005008                SD_SetFlHex
 .text.SD_SetEeBin
                0x000000000800500c        0x4 ./lib/avr_programmer/sd_driver.o
                0x000000000800500c                SD_SetEeBin
 .text.SD_SetEeHex
                0x0000000008005010        0x4 ./lib/avr_programmer/sd_driver.o
                0x0000000008005010                SD_SetEeHex
 .text.SD_SetFbTxt
                0x0000000008005014        0x4 ./lib/avr_programmer/sd_driver.o
                0x0000000008005014                SD_SetFbTxt
 .text.SD_SetFbBin
                0x0000000008005018        0x4 ./lib/avr_programmer/sd_driver.o
                0x0000000008005018                SD_SetFbBin
 .text.SD_SetLbTxt
                0x000000000800501c        0x4 ./lib/avr_programmer/sd_driver.o
                0x000000000800501c                SD_SetLbTxt
 .text.SD_SetLbBin
                0x0000000008005020        0x4 ./lib/avr_programmer/sd_driver.o
                0x0000000008005020                SD_SetLbBin
 .text.get_ftype
                0x0000000008005024       0x5c ./lib/avr_programmer/sd_driver.o
                0x0000000008005024                get_ftype
 .text.SD_SetFunc
                0x0000000008005080      0x150 ./lib/avr_programmer/sd_driver.o
                0x0000000008005080                SD_SetFunc
 .text.spi_enable
                0x00000000080051d0       0xb0 ./lib/avr_programmer/spi_driver.o
                0x00000000080051d0                spi_enable
 .text.spi_disable
                0x0000000008005280       0x6c ./lib/avr_programmer/spi_driver.o
                0x0000000008005280                spi_disable
 .text.spi_send_cmd
                0x00000000080052ec       0x38 ./lib/avr_programmer/spi_driver.o
                0x00000000080052ec                spi_send_cmd
 .text.spi_send_byte
                0x0000000008005324       0x2c ./lib/avr_programmer/spi_driver.o
                0x0000000008005324                spi_send_byte
 .text.flWriteWord
                0x0000000008005350       0x14 ./lib/avr_programmer/spi_driver.o
                0x0000000008005350                flWriteWord
 .text.flPageCommit
                0x0000000008005364        0xe ./lib/avr_programmer/spi_driver.o
                0x0000000008005364                flPageCommit
 .text.flReadByte
                0x0000000008005372       0x14 ./lib/avr_programmer/spi_driver.o
                0x0000000008005372                flReadByte
 *fill*         0x0000000008005386        0x2 
 .text.enterPMode
                0x0000000008005388       0x70 ./lib/avr_programmer/spi_driver.o
                0x0000000008005388                enterPMode
 .text.checkSignature
                0x00000000080053f8       0x94 ./lib/avr_programmer/spi_driver.o
                0x00000000080053f8                checkSignature
 .text.chipErase
                0x000000000800548c       0x24 ./lib/avr_programmer/spi_driver.o
                0x000000000800548c                chipErase
 .text.spi_check_conf
                0x00000000080054b0       0x30 ./lib/avr_programmer/spi_driver.o
                0x00000000080054b0                spi_check_conf
 .text.spi_prog_init
                0x00000000080054e0       0x28 ./lib/avr_programmer/spi_driver.o
                0x00000000080054e0                spi_prog_init
 .text.spi_prog_deinit
                0x0000000008005508       0x28 ./lib/avr_programmer/spi_driver.o
                0x0000000008005508                spi_prog_deinit
 .text.spi_fl_Write
                0x0000000008005530       0xd0 ./lib/avr_programmer/spi_driver.o
                0x0000000008005530                spi_fl_Write
 .text.spi_fl_Read
                0x0000000008005600       0xb0 ./lib/avr_programmer/spi_driver.o
                0x0000000008005600                spi_fl_Read
 .text.spi_fl_Verify
                0x00000000080056b0      0x110 ./lib/avr_programmer/spi_driver.o
                0x00000000080056b0                spi_fl_Verify
 .text.spi_ee_Write
                0x00000000080057c0        0x2 ./lib/avr_programmer/spi_driver.o
                0x00000000080057c0                spi_ee_Write
 .text.spi_ee_Verify
                0x00000000080057c2        0x2 ./lib/avr_programmer/spi_driver.o
                0x00000000080057c2                spi_ee_Verify
 .text.spi_fb_Write
                0x00000000080057c4        0x2 ./lib/avr_programmer/spi_driver.o
                0x00000000080057c4                spi_fb_Write
 .text.spi_fb_Read
                0x00000000080057c6        0x2 ./lib/avr_programmer/spi_driver.o
                0x00000000080057c6                spi_fb_Read
 .text.spi_lb_Write
                0x00000000080057c8        0x2 ./lib/avr_programmer/spi_driver.o
                0x00000000080057c8                spi_lb_Write
 .text.spi_lb_Read
                0x00000000080057ca        0x2 ./lib/avr_programmer/spi_driver.o
                0x00000000080057ca                spi_lb_Read
 .text.spi_lb_Verify
                0x00000000080057cc        0x2 ./lib/avr_programmer/spi_driver.o
                0x00000000080057cc                spi_lb_Verify
 .text.spi_cfg_Write
                0x00000000080057ce        0x2 ./lib/avr_programmer/spi_driver.o
                0x00000000080057ce                spi_cfg_Write
 .text.spi_cfg_Read
                0x00000000080057d0        0x2 ./lib/avr_programmer/spi_driver.o
                0x00000000080057d0                spi_cfg_Read
 .text.spi_cfg_Verify
                0x00000000080057d2        0x2 ./lib/avr_programmer/spi_driver.o
                0x00000000080057d2                spi_cfg_Verify
 .text.init_btn
                0x00000000080057d4       0x4c ./lib/encoder/encBtn.o
                0x00000000080057d4                init_btn
 .text.btnTick  0x0000000008005820      0x106 ./lib/encoder/encBtn.o
                0x0000000008005820                btnTick
 .text.btnIsClick
                0x0000000008005926       0x20 ./lib/encoder/encBtn.o
                0x0000000008005926                btnIsClick
 .text.encGetState
                0x0000000008005946       0x14 ./lib/encoder/encBtn.o
                0x0000000008005946                encGetState
 .text.encReset
                0x000000000800595a        0xe ./lib/encoder/encBtn.o
                0x000000000800595a                encReset
 .text.init_enc
                0x0000000008005968       0x18 ./lib/encoder/encBtn.o
                0x0000000008005968                init_enc
 .text.encIsCW  0x0000000008005980        0xa ./lib/encoder/encBtn.o
                0x0000000008005980                encIsCW
 .text.encIsCCW
                0x000000000800598a        0xa ./lib/encoder/encBtn.o
                0x000000000800598a                encIsCCW
 .text.encTick  0x0000000008005994       0x24 ./lib/encoder/encBtn.o
                0x0000000008005994                encTick
 .text.closeChipList
                0x00000000080059b8       0x1c ./lib/mcu/mcu.o
                0x00000000080059b8                closeChipList
 .text.charToNum
                0x00000000080059d4       0x3e ./lib/mcu/mcu.o
                0x00000000080059d4                charToNum
 *fill*         0x0000000008005a12        0x2 
 .text.readChip
                0x0000000008005a14       0x7c ./lib/mcu/mcu.o
                0x0000000008005a14                readChip
 .text.openChipList
                0x0000000008005a90       0x3c ./lib/mcu/mcu.o
                0x0000000008005a90                openChipList
 .text.getChip  0x0000000008005acc        0x8 ./lib/mcu/mcu.o
                0x0000000008005acc                getChip
 .text.incChip  0x0000000008005ad4       0x28 ./lib/mcu/mcu.o
                0x0000000008005ad4                incChip
 .text.decChip  0x0000000008005afc       0x14 ./lib/mcu/mcu.o
                0x0000000008005afc                decChip
 .text.ssd1306_WriteCommand
                0x0000000008005b10       0x2c ./lib/oled/ssd1306.o
                0x0000000008005b10                ssd1306_WriteCommand
 .text.ssd1306_WriteData
                0x0000000008005b3c       0x24 ./lib/oled/ssd1306.o
                0x0000000008005b3c                ssd1306_WriteData
 .text.ssd1306_Fill
                0x0000000008005b60       0x18 ./lib/oled/ssd1306.o
                0x0000000008005b60                ssd1306_Fill
 .text.ssd1306_UpdateScreen
                0x0000000008005b78       0x34 ./lib/oled/ssd1306.o
                0x0000000008005b78                ssd1306_UpdateScreen
 .text.ssd1306_DrawPixel
                0x0000000008005bac       0x30 ./lib/oled/ssd1306.o
                0x0000000008005bac                ssd1306_DrawPixel
 .text.ssd1306_WriteChar
                0x0000000008005bdc       0xac ./lib/oled/ssd1306.o
                0x0000000008005bdc                ssd1306_WriteChar
 .text.ssd1306_WriteString
                0x0000000008005c88       0x2c ./lib/oled/ssd1306.o
                0x0000000008005c88                ssd1306_WriteString
 .text.ssd1306_SetCursor
                0x0000000008005cb4        0xc ./lib/oled/ssd1306.o
                0x0000000008005cb4                ssd1306_SetCursor
 .text.ssd1306_FillRectangle
                0x0000000008005cc0       0x54 ./lib/oled/ssd1306.o
                0x0000000008005cc0                ssd1306_FillRectangle
 .text.ssd1306_SetContrast
                0x0000000008005d14       0x14 ./lib/oled/ssd1306.o
                0x0000000008005d14                ssd1306_SetContrast
 .text.ssd1306_SetDisplayOn
                0x0000000008005d28       0x20 ./lib/oled/ssd1306.o
                0x0000000008005d28                ssd1306_SetDisplayOn
 .text.ssd1306_Init
                0x0000000008005d48       0xc8 ./lib/oled/ssd1306.o
                0x0000000008005d48                ssd1306_Init
 .text.__errno  0x0000000008005e10        0xc c:/st/stm32cubeide_1.7.0/stm32cubeide/plugins/com.st.stm32cube.ide.mcu.externaltools.gnu-tools-for-stm32.9-2020-q2-update.win32_2.0.0.202105311346/tools/bin/../lib/gcc/arm-none-eabi/9.3.1/../../../../arm-none-eabi/lib/thumb/v7-m/nofp\libc_nano.a(lib_a-errno.o)
                0x0000000008005e10                __errno
 .text.__libc_init_array
                0x0000000008005e1c       0x48 c:/st/stm32cubeide_1.7.0/stm32cubeide/plugins/com.st.stm32cube.ide.mcu.externaltools.gnu-tools-for-stm32.9-2020-q2-update.win32_2.0.0.202105311346/tools/bin/../lib/gcc/arm-none-eabi/9.3.1/../../../../arm-none-eabi/lib/thumb/v7-m/nofp\libc_nano.a(lib_a-init.o)
                0x0000000008005e1c                __libc_init_array
 .text.memcpy   0x0000000008005e64       0x1c c:/st/stm32cubeide_1.7.0/stm32cubeide/plugins/com.st.stm32cube.ide.mcu.externaltools.gnu-tools-for-stm32.9-2020-q2-update.win32_2.0.0.202105311346/tools/bin/../lib/gcc/arm-none-eabi/9.3.1/../../../../arm-none-eabi/lib/thumb/v7-m/nofp\libc_nano.a(lib_a-memcpy-stub.o)
                0x0000000008005e64                memcpy
 .text.memset   0x0000000008005e80       0x10 c:/st/stm32cubeide_1.7.0/stm32cubeide/plugins/com.st.stm32cube.ide.mcu.externaltools.gnu-tools-for-stm32.9-2020-q2-update.win32_2.0.0.202105311346/tools/bin/../lib/gcc/arm-none-eabi/9.3.1/../../../../arm-none-eabi/lib/thumb/v7-m/nofp\libc_nano.a(lib_a-memset.o)
                0x0000000008005e80                memset
 .text.strcasecmp
                0x0000000008005e90       0x38 c:/st/stm32cubeide_1.7.0/stm32cubeide/plugins/com.st.stm32cube.ide.mcu.externaltools.gnu-tools-for-stm32.9-2020-q2-update.win32_2.0.0.202105311346/tools/bin/../lib/gcc/arm-none-eabi/9.3.1/../../../../arm-none-eabi/lib/thumb/v7-m/nofp\libc_nano.a(lib_a-strcasecmp.o)
                0x0000000008005e90                strcasecmp
 .text.strrchr  0x0000000008005ec8       0x28 c:/st/stm32cubeide_1.7.0/stm32cubeide/plugins/com.st.stm32cube.ide.mcu.externaltools.gnu-tools-for-stm32.9-2020-q2-update.win32_2.0.0.202105311346/tools/bin/../lib/gcc/arm-none-eabi/9.3.1/../../../../arm-none-eabi/lib/thumb/v7-m/nofp\libc_nano.a(lib_a-strrchr.o)
                0x0000000008005ec8                strrchr
 .text._vsnprintf_r
                0x0000000008005ef0       0x58 c:/st/stm32cubeide_1.7.0/stm32cubeide/plugins/com.st.stm32cube.ide.mcu.externaltools.gnu-tools-for-stm32.9-2020-q2-update.win32_2.0.0.202105311346/tools/bin/../lib/gcc/arm-none-eabi/9.3.1/../../../../arm-none-eabi/lib/thumb/v7-m/nofp\libc_nano.a(lib_a-vsnprintf.o)
                0x0000000008005ef0                _vsniprintf_r
                0x0000000008005ef0                _vsnprintf_r
 .text.vsnprintf
                0x0000000008005f48       0x1c c:/st/stm32cubeide_1.7.0/stm32cubeide/plugins/com.st.stm32cube.ide.mcu.externaltools.gnu-tools-for-stm32.9-2020-q2-update.win32_2.0.0.202105311346/tools/bin/../lib/gcc/arm-none-eabi/9.3.1/../../../../arm-none-eabi/lib/thumb/v7-m/nofp\libc_nano.a(lib_a-vsnprintf.o)
                0x0000000008005f48                vsniprintf
                0x0000000008005f48                vsnprintf
 .text.__ssputs_r
                0x0000000008005f64       0xb6 c:/st/stm32cubeide_1.7.0/stm32cubeide/plugins/com.st.stm32cube.ide.mcu.externaltools.gnu-tools-for-stm32.9-2020-q2-update.win32_2.0.0.202105311346/tools/bin/../lib/gcc/arm-none-eabi/9.3.1/../../../../arm-none-eabi/lib/thumb/v7-m/nofp\libc_nano.a(lib_a-nano-svfprintf.o)
                0x0000000008005f64                __ssputs_r
 *fill*         0x000000000800601a        0x2 
 .text._svfprintf_r
                0x000000000800601c      0x200 c:/st/stm32cubeide_1.7.0/stm32cubeide/plugins/com.st.stm32cube.ide.mcu.externaltools.gnu-tools-for-stm32.9-2020-q2-update.win32_2.0.0.202105311346/tools/bin/../lib/gcc/arm-none-eabi/9.3.1/../../../../arm-none-eabi/lib/thumb/v7-m/nofp\libc_nano.a(lib_a-nano-svfprintf.o)
                0x000000000800601c                _svfiprintf_r
                0x000000000800601c                _svfprintf_r
 .text._printf_common
                0x000000000800621c       0xde c:/st/stm32cubeide_1.7.0/stm32cubeide/plugins/com.st.stm32cube.ide.mcu.externaltools.gnu-tools-for-stm32.9-2020-q2-update.win32_2.0.0.202105311346/tools/bin/../lib/gcc/arm-none-eabi/9.3.1/../../../../arm-none-eabi/lib/thumb/v7-m/nofp\libc_nano.a(lib_a-nano-vfprintf_i.o)
                0x000000000800621c                _printf_common
 *fill*         0x00000000080062fa        0x2 
 .text._printf_i
                0x00000000080062fc      0x24c c:/st/stm32cubeide_1.7.0/stm32cubeide/plugins/com.st.stm32cube.ide.mcu.externaltools.gnu-tools-for-stm32.9-2020-q2-update.win32_2.0.0.202105311346/tools/bin/../lib/gcc/arm-none-eabi/9.3.1/../../../../arm-none-eabi/lib/thumb/v7-m/nofp\libc_nano.a(lib_a-nano-vfprintf_i.o)
                0x00000000080062fc                _printf_i
 .text.strchr   0x0000000008006548       0x1a c:/st/stm32cubeide_1.7.0/stm32cubeide/plugins/com.st.stm32cube.ide.mcu.externaltools.gnu-tools-for-stm32.9-2020-q2-update.win32_2.0.0.202105311346/tools/bin/../lib/gcc/arm-none-eabi/9.3.1/../../../../arm-none-eabi/lib/thumb/v7-m/nofp\libc_nano.a(lib_a-strchr.o)
                0x0000000008006548                strchr
 .text.memchr   0x0000000008006562       0x1c c:/st/stm32cubeide_1.7.0/stm32cubeide/plugins/com.st.stm32cube.ide.mcu.externaltools.gnu-tools-for-stm32.9-2020-q2-update.win32_2.0.0.202105311346/tools/bin/../lib/gcc/arm-none-eabi/9.3.1/../../../../arm-none-eabi/lib/thumb/v7-m/nofp\libc_nano.a(lib_a-memchr-stub.o)
                0x0000000008006562                memchr
 .text.memmove  0x000000000800657e       0x34 c:/st/stm32cubeide_1.7.0/stm32cubeide/plugins/com.st.stm32cube.ide.mcu.externaltools.gnu-tools-for-stm32.9-2020-q2-update.win32_2.0.0.202105311346/tools/bin/../lib/gcc/arm-none-eabi/9.3.1/../../../../arm-none-eabi/lib/thumb/v7-m/nofp\libc_nano.a(lib_a-memmove.o)
                0x000000000800657e                memmove
 *fill*         0x00000000080065b2        0x2 
 .text._free_r  0x00000000080065b4       0x98 c:/st/stm32cubeide_1.7.0/stm32cubeide/plugins/com.st.stm32cube.ide.mcu.externaltools.gnu-tools-for-stm32.9-2020-q2-update.win32_2.0.0.202105311346/tools/bin/../lib/gcc/arm-none-eabi/9.3.1/../../../../arm-none-eabi/lib/thumb/v7-m/nofp\libc_nano.a(lib_a-nano-freer.o)
                0x00000000080065b4                _free_r
 .text._malloc_r
                0x000000000800664c       0xb4 c:/st/stm32cubeide_1.7.0/stm32cubeide/plugins/com.st.stm32cube.ide.mcu.externaltools.gnu-tools-for-stm32.9-2020-q2-update.win32_2.0.0.202105311346/tools/bin/../lib/gcc/arm-none-eabi/9.3.1/../../../../arm-none-eabi/lib/thumb/v7-m/nofp\libc_nano.a(lib_a-nano-mallocr.o)
                0x000000000800664c                _malloc_r
 .text._realloc_r
                0x0000000008006700       0x4c c:/st/stm32cubeide_1.7.0/stm32cubeide/plugins/com.st.stm32cube.ide.mcu.externaltools.gnu-tools-for-stm32.9-2020-q2-update.win32_2.0.0.202105311346/tools/bin/../lib/gcc/arm-none-eabi/9.3.1/../../../../arm-none-eabi/lib/thumb/v7-m/nofp\libc_nano.a(lib_a-nano-reallocr.o)
                0x0000000008006700                _realloc_r
 .text._sbrk_r  0x000000000800674c       0x20 c:/st/stm32cubeide_1.7.0/stm32cubeide/plugins/com.st.stm32cube.ide.mcu.externaltools.gnu-tools-for-stm32.9-2020-q2-update.win32_2.0.0.202105311346/tools/bin/../lib/gcc/arm-none-eabi/9.3.1/../../../../arm-none-eabi/lib/thumb/v7-m/nofp\libc_nano.a(lib_a-sbrkr.o)
                0x000000000800674c                _sbrk_r
 .text.__malloc_lock
                0x000000000800676c        0xc c:/st/stm32cubeide_1.7.0/stm32cubeide/plugins/com.st.stm32cube.ide.mcu.externaltools.gnu-tools-for-stm32.9-2020-q2-update.win32_2.0.0.202105311346/tools/bin/../lib/gcc/arm-none-eabi/9.3.1/../../../../arm-none-eabi/lib/thumb/v7-m/nofp\libc_nano.a(lib_a-mlock.o)
                0x000000000800676c                __malloc_lock
 .text.__malloc_unlock
                0x0000000008006778        0xc c:/st/stm32cubeide_1.7.0/stm32cubeide/plugins/com.st.stm32cube.ide.mcu.externaltools.gnu-tools-for-stm32.9-2020-q2-update.win32_2.0.0.202105311346/tools/bin/../lib/gcc/arm-none-eabi/9.3.1/../../../../arm-none-eabi/lib/thumb/v7-m/nofp\libc_nano.a(lib_a-mlock.o)
                0x0000000008006778                __malloc_unlock
 .text._malloc_usable_size_r
                0x0000000008006784       0x10 c:/st/stm32cubeide_1.7.0/stm32cubeide/plugins/com.st.stm32cube.ide.mcu.externaltools.gnu-tools-for-stm32.9-2020-q2-update.win32_2.0.0.202105311346/tools/bin/../lib/gcc/arm-none-eabi/9.3.1/../../../../arm-none-eabi/lib/thumb/v7-m/nofp\libc_nano.a(lib_a-nano-msizer.o)
                0x0000000008006784                _malloc_usable_size_r
 .text.__retarget_lock_acquire_recursive
                0x0000000008006794        0x2 c:/st/stm32cubeide_1.7.0/stm32cubeide/plugins/com.st.stm32cube.ide.mcu.externaltools.gnu-tools-for-stm32.9-2020-q2-update.win32_2.0.0.202105311346/tools/bin/../lib/gcc/arm-none-eabi/9.3.1/../../../../arm-none-eabi/lib/thumb/v7-m/nofp\libc_nano.a(lib_a-lock.o)
                0x0000000008006794                __retarget_lock_acquire_recursive
 .text.__retarget_lock_release_recursive
                0x0000000008006796        0x2 c:/st/stm32cubeide_1.7.0/stm32cubeide/plugins/com.st.stm32cube.ide.mcu.externaltools.gnu-tools-for-stm32.9-2020-q2-update.win32_2.0.0.202105311346/tools/bin/../lib/gcc/arm-none-eabi/9.3.1/../../../../arm-none-eabi/lib/thumb/v7-m/nofp\libc_nano.a(lib_a-lock.o)
                0x0000000008006796                __retarget_lock_release_recursive
 *(.glue_7)
 .glue_7        0x0000000008006798        0x0 linker stubs
 *(.glue_7t)
 .glue_7t       0x0000000008006798        0x0 linker stubs
 *(.eh_frame)
 .eh_frame      0x0000000008006798        0x0 c:/st/stm32cubeide_1.7.0/stm32cubeide/plugins/com.st.stm32cube.ide.mcu.externaltools.gnu-tools-for-stm32.9-2020-q2-update.win32_2.0.0.202105311346/tools/bin/../lib/gcc/arm-none-eabi/9.3.1/thumb/v7-m/nofp/crtbegin.o
 *(.init)
 .init          0x0000000008006798        0x4 c:/st/stm32cubeide_1.7.0/stm32cubeide/plugins/com.st.stm32cube.ide.mcu.externaltools.gnu-tools-for-stm32.9-2020-q2-update.win32_2.0.0.202105311346/tools/bin/../lib/gcc/arm-none-eabi/9.3.1/thumb/v7-m/nofp/crti.o
                0x0000000008006798                _init
 .init          0x000000000800679c        0x8 c:/st/stm32cubeide_1.7.0/stm32cubeide/plugins/com.st.stm32cube.ide.mcu.externaltools.gnu-tools-for-stm32.9-2020-q2-update.win32_2.0.0.202105311346/tools/bin/../lib/gcc/arm-none-eabi/9.3.1/thumb/v7-m/nofp/crtn.o
 *(.fini)
 .fini          0x00000000080067a4        0x4 c:/st/stm32cubeide_1.7.0/stm32cubeide/plugins/com.st.stm32cube.ide.mcu.externaltools.gnu-tools-for-stm32.9-2020-q2-update.win32_2.0.0.202105311346/tools/bin/../lib/gcc/arm-none-eabi/9.3.1/thumb/v7-m/nofp/crti.o
                0x00000000080067a4                _fini
 .fini          0x00000000080067a8        0x8 c:/st/stm32cubeide_1.7.0/stm32cubeide/plugins/com.st.stm32cube.ide.mcu.externaltools.gnu-tools-for-stm32.9-2020-q2-update.win32_2.0.0.202105311346/tools/bin/../lib/gcc/arm-none-eabi/9.3.1/thumb/v7-m/nofp/crtn.o
                0x00000000080067b0                . = ALIGN (0x4)
                0x00000000080067b0                _etext = .

.vfp11_veneer   0x00000000080067b0        0x0
 .vfp11_veneer  0x00000000080067b0        0x0 linker stubs

.v4_bx          0x00000000080067b0        0x0
 .v4_bx         0x00000000080067b0        0x0 linker stubs

.iplt           0x00000000080067b0        0x0
 .iplt          0x00000000080067b0        0x0 c:/st/stm32cubeide_1.7.0/stm32cubeide/plugins/com.st.stm32cube.ide.mcu.externaltools.gnu-tools-for-stm32.9-2020-q2-update.win32_2.0.0.202105311346/tools/bin/../lib/gcc/arm-none-eabi/9.3.1/thumb/v7-m/nofp/crtbegin.o

.rodata         0x00000000080067b0     0x2004
                0x00000000080067b0                . = ALIGN (0x4)
 *(.rodata)
 *(.rodata*)
 .rodata.temp_callback.str1.1
                0x00000000080067b0       0x14 ./Core/Src/main.o
 .rodata.temp_err_cb.str1.1
                0x00000000080067c4       0x14 ./Core/Src/main.o
                                          0x2 (size before relaxing)
 .rodata.temp_sucs_cb.str1.1
                0x00000000080067c4       0x13 ./Core/Src/main.o
 .rodata.changeMenu.str1.1
                0x00000000080067d7       0x1d ./Core/Src/main.o
 .rodata.menuTick.str1.1
                0x00000000080067f4       0x65 ./Core/Src/main.o
                                         0x6b (size before relaxing)
 .rodata.main.str1.1
                0x0000000008006859       0x4b ./Core/Src/main.o
                                         0x4f (size before relaxing)
 .rodata.str1.1
                0x00000000080068a4       0x2c ./Core/Src/main.o
 .rodata.FILE_LIST
                0x00000000080068d0       0x10 ./Core/Src/main.o
                0x00000000080068d0                FILE_LIST
 .rodata.avrprog
                0x00000000080068e0       0x18 ./Core/Src/main.o
 .rodata.HardFault_Handler.str1.1
                0x00000000080068f8       0x14 ./Core/Src/stm32f1xx_it.o
 .rodata.AHBPrescTable
                0x000000000800690c       0x10 ./Core/Src/system_stm32f1xx.o
                0x000000000800690c                AHBPrescTable
 .rodata.APBPrescTable
                0x000000000800691c        0x8 ./Core/Src/system_stm32f1xx.o
                0x000000000800691c                APBPrescTable
 .rodata.aPLLMULFactorTable.6568
                0x0000000008006924       0x10 ./Drivers/STM32F1xx_HAL_Driver/Src/stm32f1xx_hal_rcc.o
 .rodata.aPredivFactorTable.6569
                0x0000000008006934        0x2 ./Drivers/STM32F1xx_HAL_Driver/Src/stm32f1xx_hal_rcc.o
 .rodata.follow_path.str1.1
                0x0000000008006936       0x10 ./Middlewares/Third_Party/FatFs/src/ff.o
 .rodata.ExCvt  0x0000000008006946       0x80 ./Middlewares/Third_Party/FatFs/src/ff.o
 .rodata.LfnOfs
                0x00000000080069c6        0xd ./Middlewares/Third_Party/FatFs/src/ff.o
 *fill*         0x00000000080069d3        0x1 
 .rodata.Tbl    0x00000000080069d4      0x100 ./Middlewares/Third_Party/FatFs/src/option/ccsbcs.o
 .rodata.tbl_lower.7744
                0x0000000008006ad4      0x1e0 ./Middlewares/Third_Party/FatFs/src/option/ccsbcs.o
 .rodata.tbl_upper.7745
                0x0000000008006cb4      0x1e0 ./Middlewares/Third_Party/FatFs/src/option/ccsbcs.o
 .rodata.AVP_Init.str1.1
                0x0000000008006e94       0x1d ./lib/avr_programmer/AVR_Programmer.o
 .rodata.Close_Session.str1.1
                0x0000000008006eb1       0x36 ./lib/avr_programmer/AVR_Programmer.o
 .rodata.Init_Session.str1.1
                0x0000000008006ee7       0x47 ./lib/avr_programmer/AVR_Programmer.o
 .rodata.AVP_Execute.str1.1
                0x0000000008006f2e       0x12 ./lib/avr_programmer/AVR_Programmer.o
 .rodata.str1.1
                0x0000000008006f40      0x1d6 ./lib/avr_programmer/error_list.o
 *fill*         0x0000000008007116        0x2 
 .rodata.AVP_ERR_CHECK_SIG
                0x0000000008007118        0x4 ./lib/avr_programmer/error_list.o
                0x0000000008007118                AVP_ERR_CHECK_SIG
 .rodata.AVP_ERR_ENTER_PMODE
                0x000000000800711c        0x4 ./lib/avr_programmer/error_list.o
                0x000000000800711c                AVP_ERR_ENTER_PMODE
 .rodata.AVP_ERR_FILE_NOT_CLOSED
                0x0000000008007120        0x4 ./lib/avr_programmer/error_list.o
                0x0000000008007120                AVP_ERR_FILE_NOT_CLOSED
 .rodata.AVP_ERR_INIT
                0x0000000008007124        0x4 ./lib/avr_programmer/error_list.o
                0x0000000008007124                AVP_ERR_INIT
 .rodata.AVP_ERR_INVALID_FTYPE
                0x0000000008007128        0x4 ./lib/avr_programmer/error_list.o
                0x0000000008007128                AVP_ERR_INVALID_FTYPE
 .rodata.AVP_ERR_MISSING_INIT
                0x000000000800712c        0x4 ./lib/avr_programmer/error_list.o
                0x000000000800712c                AVP_ERR_MISSING_INIT
 .rodata.AVP_ERR_NULL_MCU
                0x0000000008007130        0x4 ./lib/avr_programmer/error_list.o
                0x0000000008007130                AVP_ERR_NULL_MCU
 .rodata.AVP_ERR_NULL_PATH
                0x0000000008007134        0x4 ./lib/avr_programmer/error_list.o
                0x0000000008007134                AVP_ERR_NULL_PATH
 .rodata.AVP_ERR_NULL_PROTO
                0x0000000008007138        0x4 ./lib/avr_programmer/error_list.o
                0x0000000008007138                AVP_ERR_NULL_PROTO
 .rodata.AVP_ERR_PROG
                0x000000000800713c        0x4 ./lib/avr_programmer/error_list.o
                0x000000000800713c                AVP_ERR_PROG
 .rodata.AVP_ERR_SD
                0x0000000008007140        0x4 ./lib/avr_programmer/error_list.o
                0x0000000008007140                AVP_ERR_SD
 .rodata.AVP_ERR_SD_PARTIAL_WRITE
                0x0000000008007144        0x4 ./lib/avr_programmer/error_list.o
                0x0000000008007144                AVP_ERR_SD_PARTIAL_WRITE
 .rodata.AVP_ERR_SPI_BOUDRATE
                0x0000000008007148        0x4 ./lib/avr_programmer/error_list.o
                0x0000000008007148                AVP_ERR_SPI_BOUDRATE
 .rodata.AVP_ERR_VERIFY
                0x000000000800714c        0x4 ./lib/avr_programmer/error_list.o
                0x000000000800714c                AVP_ERR_VERIFY
 .rodata.AVP_SD_ERRORS
                0x0000000008007150       0x4c ./lib/avr_programmer/error_list.o
                0x0000000008007150                AVP_SD_ERRORS
 .rodata.get_ftype.str1.1
                0x000000000800719c       0x14 ./lib/avr_programmer/sd_driver.o
 .rodata.enterPMode.str1.1
                0x00000000080071b0        0xd ./lib/avr_programmer/spi_driver.o
 .rodata.checkSignature.str1.1
                0x00000000080071bd       0x15 ./lib/avr_programmer/spi_driver.o
                                         0x2c (size before relaxing)
 .rodata.spi_prog_init.str1.1
                0x00000000080071d2       0x13 ./lib/avr_programmer/spi_driver.o
 .rodata.spi_prog_deinit.str1.1
                0x00000000080071e5       0x15 ./lib/avr_programmer/spi_driver.o
 .rodata.spi_fl_Write.str1.1
                0x00000000080071fa       0x3c ./lib/avr_programmer/spi_driver.o
 .rodata.spi_fl_Read.str1.1
                0x0000000008007236       0x22 ./lib/avr_programmer/spi_driver.o
 .rodata.spi_fl_Verify.str1.1
                0x0000000008007258       0x40 ./lib/avr_programmer/spi_driver.o
 .rodata.closeChipList.str1.1
                0x0000000008007298       0x17 ./lib/mcu/mcu.o
 .rodata.readChip.str1.1
                0x00000000080072af       0x2a ./lib/mcu/mcu.o
 .rodata.openChipList.str1.1
                0x00000000080072d9       0x40 ./lib/mcu/mcu.o
 *fill*         0x0000000008007319        0x1 
 .rodata.Font11x18
                0x000000000800731a      0xd5c ./lib/oled/ssd1306_fonts.o
 .rodata.Font6x8
                0x0000000008008076      0x5f0 ./lib/oled/ssd1306_fonts.o
 *fill*         0x0000000008008666        0x2 
 .rodata.Font_11x18
                0x0000000008008668        0xc ./lib/oled/ssd1306_fonts.o
                0x0000000008008668                Font_11x18
 .rodata.Font_6x8
                0x0000000008008674        0xc ./lib/oled/ssd1306_fonts.o
                0x0000000008008674                Font_6x8
 .rodata._ctype_
                0x0000000008008680      0x101 c:/st/stm32cubeide_1.7.0/stm32cubeide/plugins/com.st.stm32cube.ide.mcu.externaltools.gnu-tools-for-stm32.9-2020-q2-update.win32_2.0.0.202105311346/tools/bin/../lib/gcc/arm-none-eabi/9.3.1/../../../../arm-none-eabi/lib/thumb/v7-m/nofp\libc_nano.a(lib_a-ctype_.o)
                0x0000000008008680                _ctype_
 .rodata._svfprintf_r.str1.1
                0x0000000008008781       0x11 c:/st/stm32cubeide_1.7.0/stm32cubeide/plugins/com.st.stm32cube.ide.mcu.externaltools.gnu-tools-for-stm32.9-2020-q2-update.win32_2.0.0.202105311346/tools/bin/../lib/gcc/arm-none-eabi/9.3.1/../../../../arm-none-eabi/lib/thumb/v7-m/nofp\libc_nano.a(lib_a-nano-svfprintf.o)
 .rodata._printf_i.str1.1
                0x0000000008008792       0x22 c:/st/stm32cubeide_1.7.0/stm32cubeide/plugins/com.st.stm32cube.ide.mcu.externaltools.gnu-tools-for-stm32.9-2020-q2-update.win32_2.0.0.202105311346/tools/bin/../lib/gcc/arm-none-eabi/9.3.1/../../../../arm-none-eabi/lib/thumb/v7-m/nofp\libc_nano.a(lib_a-nano-vfprintf_i.o)
                0x00000000080087b4                . = ALIGN (0x4)

.rel.dyn        0x00000000080087b4        0x0
 .rel.iplt      0x00000000080087b4        0x0 c:/st/stm32cubeide_1.7.0/stm32cubeide/plugins/com.st.stm32cube.ide.mcu.externaltools.gnu-tools-for-stm32.9-2020-q2-update.win32_2.0.0.202105311346/tools/bin/../lib/gcc/arm-none-eabi/9.3.1/thumb/v7-m/nofp/crtbegin.o

.ARM.extab      0x00000000080087b4        0x0
                0x00000000080087b4                . = ALIGN (0x4)
 *(.ARM.extab* .gnu.linkonce.armextab.*)
                0x00000000080087b4                . = ALIGN (0x4)

.ARM            0x00000000080087b4        0x0
                0x00000000080087b4                . = ALIGN (0x4)
                0x00000000080087b4                __exidx_start = .
 *(.ARM.exidx*)
                0x00000000080087b4                __exidx_end = .
                0x00000000080087b4                . = ALIGN (0x4)

.preinit_array  0x00000000080087b4        0x0
                0x00000000080087b4                . = ALIGN (0x4)
                0x00000000080087b4                PROVIDE (__preinit_array_start = .)
 *(.preinit_array*)
                0x00000000080087b4                PROVIDE (__preinit_array_end = .)
                0x00000000080087b4                . = ALIGN (0x4)

.init_array     0x00000000080087b4        0x4
                0x00000000080087b4                . = ALIGN (0x4)
                0x00000000080087b4                PROVIDE (__init_array_start = .)
 *(SORT_BY_NAME(.init_array.*))
 *(.init_array*)
 .init_array    0x00000000080087b4        0x4 c:/st/stm32cubeide_1.7.0/stm32cubeide/plugins/com.st.stm32cube.ide.mcu.externaltools.gnu-tools-for-stm32.9-2020-q2-update.win32_2.0.0.202105311346/tools/bin/../lib/gcc/arm-none-eabi/9.3.1/thumb/v7-m/nofp/crtbegin.o
                0x00000000080087b8                PROVIDE (__init_array_end = .)
                0x00000000080087b8                . = ALIGN (0x4)

.fini_array     0x00000000080087b8        0x4
                0x00000000080087b8                . = ALIGN (0x4)
                [!provide]                        PROVIDE (__fini_array_start = .)
 *(SORT_BY_NAME(.fini_array.*))
 *(.fini_array*)
 .fini_array    0x00000000080087b8        0x4 c:/st/stm32cubeide_1.7.0/stm32cubeide/plugins/com.st.stm32cube.ide.mcu.externaltools.gnu-tools-for-stm32.9-2020-q2-update.win32_2.0.0.202105311346/tools/bin/../lib/gcc/arm-none-eabi/9.3.1/thumb/v7-m/nofp/crtbegin.o
                [!provide]                        PROVIDE (__fini_array_end = .)
                0x00000000080087bc                . = ALIGN (0x4)
                0x00000000080087bc                _sidata = LOADADDR (.data)

.data           0x0000000020000000       0xdc load address 0x00000000080087bc
                0x0000000020000000                . = ALIGN (0x4)
                0x0000000020000000                _sdata = .
 *(.data)
 *(.data*)
 .data.firstInState
                0x0000000020000000        0x1 ./Core/Src/main.o
                0x0000000020000000                firstInState
 *fill*         0x0000000020000001        0x3 
 .data.spiConf  0x0000000020000004        0x8 ./Core/Src/main.o
                0x0000000020000004                spiConf
 .data.SystemCoreClock
                0x000000002000000c        0x4 ./Core/Src/system_stm32f1xx.o
                0x000000002000000c                SystemCoreClock
 .data.uwTickFreq
                0x0000000020000010        0x1 ./Drivers/STM32F1xx_HAL_Driver/Src/stm32f1xx_hal.o
                0x0000000020000010                uwTickFreq
 *fill*         0x0000000020000011        0x3 
 .data.uwTickPrio
                0x0000000020000014        0x4 ./Drivers/STM32F1xx_HAL_Driver/Src/stm32f1xx_hal.o
                0x0000000020000014                uwTickPrio
 .data.USER_Driver
                0x0000000020000018       0x14 ./FATFS/Target/user_diskio.o
                0x0000000020000018                USER_Driver
 .data.Stat     0x000000002000002c        0x1 ./FATFS/Target/user_diskio_spi.o
 *fill*         0x000000002000002d        0x3 
 .data.spi_driver
                0x0000000020000030       0x48 ./lib/avr_programmer/AVR_Programmer.o
                0x0000000020000030                spi_driver
 .data._impure_ptr
                0x0000000020000078        0x4 c:/st/stm32cubeide_1.7.0/stm32cubeide/plugins/com.st.stm32cube.ide.mcu.externaltools.gnu-tools-for-stm32.9-2020-q2-update.win32_2.0.0.202105311346/tools/bin/../lib/gcc/arm-none-eabi/9.3.1/../../../../arm-none-eabi/lib/thumb/v7-m/nofp\libc_nano.a(lib_a-impure.o)
                0x0000000020000078                _impure_ptr
 .data.impure_data
                0x000000002000007c       0x60 c:/st/stm32cubeide_1.7.0/stm32cubeide/plugins/com.st.stm32cube.ide.mcu.externaltools.gnu-tools-for-stm32.9-2020-q2-update.win32_2.0.0.202105311346/tools/bin/../lib/gcc/arm-none-eabi/9.3.1/../../../../arm-none-eabi/lib/thumb/v7-m/nofp\libc_nano.a(lib_a-impure.o)
 *(.RamFunc)
 *(.RamFunc*)
                0x00000000200000dc                . = ALIGN (0x4)
                0x00000000200000dc                _edata = .

.igot.plt       0x00000000200000dc        0x0 load address 0x0000000008008898
 .igot.plt      0x00000000200000dc        0x0 c:/st/stm32cubeide_1.7.0/stm32cubeide/plugins/com.st.stm32cube.ide.mcu.externaltools.gnu-tools-for-stm32.9-2020-q2-update.win32_2.0.0.202105311346/tools/bin/../lib/gcc/arm-none-eabi/9.3.1/thumb/v7-m/nofp/crtbegin.o
                0x00000000200000dc                . = ALIGN (0x4)

.bss            0x00000000200000dc     0x1754 load address 0x0000000008008898
                0x00000000200000dc                _sbss = .
                0x00000000200000dc                __bss_start__ = _sbss
 *(.bss)
 .bss           0x00000000200000dc       0x1c c:/st/stm32cubeide_1.7.0/stm32cubeide/plugins/com.st.stm32cube.ide.mcu.externaltools.gnu-tools-for-stm32.9-2020-q2-update.win32_2.0.0.202105311346/tools/bin/../lib/gcc/arm-none-eabi/9.3.1/thumb/v7-m/nofp/crtbegin.o
 *(.bss*)
 .bss.cursor.8431
                0x00000000200000f8        0x1 ./Core/Src/main.o
 .bss.mcuName.8429
                0x00000000200000f9       0x10 ./Core/Src/main.o
 .bss.menuState
                0x0000000020000109        0x1 ./Core/Src/main.o
                0x0000000020000109                menuState
 .bss.topIndx.8432
                0x000000002000010a        0x1 ./Core/Src/main.o
 .bss.updateScreen.8430
                0x000000002000010b        0x1 ./Core/Src/main.o
 .bss.__sbrk_heap_end
                0x000000002000010c        0x4 ./Core/Src/sysmem.o
 .bss.CardType  0x0000000020000110        0x1 ./FATFS/Target/user_diskio_spi.o
 *fill*         0x0000000020000111        0x3 
 .bss.FatFs     0x0000000020000114        0x4 ./Middlewares/Third_Party/FatFs/src/ff.o
 .bss.Files     0x0000000020000118       0x18 ./Middlewares/Third_Party/FatFs/src/ff.o
 .bss.Fsid      0x0000000020000130        0x2 ./Middlewares/Third_Party/FatFs/src/ff.o
 .bss.LfnBuf    0x0000000020000132       0x42 ./Middlewares/Third_Party/FatFs/src/ff.o
 .bss.disk      0x0000000020000174        0xc ./Middlewares/Third_Party/FatFs/src/ff_gen_drv.o
                0x0000000020000174                disk
 .bss.AVP_ERROR
                0x0000000020000180        0x1 ./lib/avr_programmer/avp_internal.o
                0x0000000020000180                AVP_ERROR
 *fill*         0x0000000020000181        0x3 
 .bss.firmwareFile
                0x0000000020000184      0x22c ./lib/avr_programmer/avp_internal.o
                0x0000000020000184                firmwareFile
 .bss.SSD1306   0x00000000200003b0        0x6 ./lib/oled/ssd1306.o
 .bss.SSD1306_Buffer
                0x00000000200003b6      0x400 ./lib/oled/ssd1306.o
 *fill*         0x00000000200007b6        0x2 
 .bss.__malloc_free_list
                0x00000000200007b8        0x4 c:/st/stm32cubeide_1.7.0/stm32cubeide/plugins/com.st.stm32cube.ide.mcu.externaltools.gnu-tools-for-stm32.9-2020-q2-update.win32_2.0.0.202105311346/tools/bin/../lib/gcc/arm-none-eabi/9.3.1/../../../../arm-none-eabi/lib/thumb/v7-m/nofp\libc_nano.a(lib_a-nano-mallocr.o)
                0x00000000200007b8                __malloc_free_list
 .bss.__malloc_sbrk_start
                0x00000000200007bc        0x4 c:/st/stm32cubeide_1.7.0/stm32cubeide/plugins/com.st.stm32cube.ide.mcu.externaltools.gnu-tools-for-stm32.9-2020-q2-update.win32_2.0.0.202105311346/tools/bin/../lib/gcc/arm-none-eabi/9.3.1/../../../../arm-none-eabi/lib/thumb/v7-m/nofp\libc_nano.a(lib_a-nano-mallocr.o)
                0x00000000200007bc                __malloc_sbrk_start
 *(COMMON)
 COMMON         0x00000000200007c0       0x84 ./Core/Inc/debug.o
                0x00000000200007c0                debugHuart
                0x00000000200007c4                printBufer
 COMMON         0x0000000020000844      0x6b0 ./Core/Src/main.o
                0x0000000020000844                hspi2
                0x000000002000089c                param
                0x00000000200008a4                hi2c1
                0x00000000200008f8                hdma_spi2_rx
                0x000000002000093c                encoder
                0x0000000020000944                btnOK
                0x0000000020000964                htim3
                0x00000000200009ac                huart1
                0x00000000200009f4                avpAction
                0x00000000200009f8                hspi1
                0x0000000020000a50                htim2
                0x0000000020000a98                firmware
                0x0000000020000cc4                fileSystem
 COMMON         0x0000000020000ef4        0x4 ./Drivers/STM32F1xx_HAL_Driver/Src/stm32f1xx_hal.o
                0x0000000020000ef4                uwTick
 COMMON         0x0000000020000ef8      0x464 ./FATFS/App/fatfs.o
                0x0000000020000ef8                USERPath
                0x0000000020000efc                retUSER
                0x0000000020000f00                USERFile
                0x000000002000112c                USERFatFS
 COMMON         0x000000002000135c        0x8 ./FATFS/Target/user_diskio_spi.o
                0x000000002000135c                spiTimerTickStart
                0x0000000020001360                spiTimerTickDelay
 COMMON         0x0000000020001364        0x4 ./lib/avr_programmer/AVR_Programmer.o
                0x0000000020001364                curDrv
 COMMON         0x0000000020001368      0x25c ./lib/avr_programmer/avp_internal.o
                0x0000000020001368                f_page_size_b
                0x000000002000136c                uartConf
                0x0000000020001370                firmwareFtype
                0x0000000020001374                avr_prog
                0x0000000020001378                curAction
                0x000000002000137c                avp_curParam
                0x0000000020001380                errMessage
                0x00000000200013c0                errType
                0x00000000200013c4                flash_buf
 COMMON         0x00000000200015c4        0xc ./lib/avr_programmer/sd_driver.o
                0x00000000200015c4                br
                0x00000000200015c8                SD_fileMode
                0x00000000200015c9                res
                0x00000000200015cc                SD_transferFunc
 COMMON         0x00000000200015d0      0x250 ./lib/mcu/mcu.o
                0x00000000200015d0                chipFile
                0x00000000200017fc                chip_index
                0x00000000200017fe                current
 COMMON         0x0000000020001820        0x4 c:/st/stm32cubeide_1.7.0/stm32cubeide/plugins/com.st.stm32cube.ide.mcu.externaltools.gnu-tools-for-stm32.9-2020-q2-update.win32_2.0.0.202105311346/tools/bin/../lib/gcc/arm-none-eabi/9.3.1/../../../../arm-none-eabi/lib/thumb/v7-m/nofp\libc_nano.a(lib_a-reent.o)
                0x0000000020001820                errno
 COMMON         0x0000000020001824        0x9 c:/st/stm32cubeide_1.7.0/stm32cubeide/plugins/com.st.stm32cube.ide.mcu.externaltools.gnu-tools-for-stm32.9-2020-q2-update.win32_2.0.0.202105311346/tools/bin/../lib/gcc/arm-none-eabi/9.3.1/../../../../arm-none-eabi/lib/thumb/v7-m/nofp\libc_nano.a(lib_a-lock.o)
                0x0000000020001824                __lock___atexit_recursive_mutex
                0x0000000020001825                __lock___arc4random_mutex
                0x0000000020001826                __lock___env_recursive_mutex
                0x0000000020001827                __lock___sinit_recursive_mutex
                0x0000000020001828                __lock___malloc_recursive_mutex
                0x0000000020001829                __lock___at_quick_exit_mutex
                0x000000002000182a                __lock___dd_hash_mutex
                0x000000002000182b                __lock___tz_mutex
                0x000000002000182c                __lock___sfp_recursive_mutex
                0x0000000020001830                . = ALIGN (0x4)
 *fill*         0x000000002000182d        0x3 
                0x0000000020001830                _ebss = .
                0x0000000020001830                __bss_end__ = _ebss

._user_heap_stack
                0x0000000020001830      0x600 load address 0x0000000008008898
                0x0000000020001830                . = ALIGN (0x8)
                [!provide]                        PROVIDE (end = .)
                0x0000000020001830                PROVIDE (_end = .)
                0x0000000020001a30                . = (. + _Min_Heap_Size)
 *fill*         0x0000000020001830      0x200 
                0x0000000020001e30                . = (. + _Min_Stack_Size)
 *fill*         0x0000000020001a30      0x400 
                0x0000000020001e30                . = ALIGN (0x8)

/DISCARD/
 libc.a(*)
 libm.a(*)
 libgcc.a(*)

.ARM.attributes
                0x0000000000000000       0x29
 *(.ARM.attributes)
 .ARM.attributes
                0x0000000000000000       0x1d c:/st/stm32cubeide_1.7.0/stm32cubeide/plugins/com.st.stm32cube.ide.mcu.externaltools.gnu-tools-for-stm32.9-2020-q2-update.win32_2.0.0.202105311346/tools/bin/../lib/gcc/arm-none-eabi/9.3.1/thumb/v7-m/nofp/crti.o
 .ARM.attributes
                0x000000000000001d       0x2d c:/st/stm32cubeide_1.7.0/stm32cubeide/plugins/com.st.stm32cube.ide.mcu.externaltools.gnu-tools-for-stm32.9-2020-q2-update.win32_2.0.0.202105311346/tools/bin/../lib/gcc/arm-none-eabi/9.3.1/thumb/v7-m/nofp/crtbegin.o
 .ARM.attributes
                0x000000000000004a       0x2d ./Core/Inc/debug.o
 .ARM.attributes
                0x0000000000000077       0x2d ./Core/Src/main.o
 .ARM.attributes
                0x00000000000000a4       0x2d ./Core/Src/stm32f1xx_hal_msp.o
 .ARM.attributes
                0x00000000000000d1       0x2d ./Core/Src/stm32f1xx_it.o
 .ARM.attributes
                0x00000000000000fe       0x2d ./Core/Src/sysmem.o
 .ARM.attributes
                0x000000000000012b       0x2d ./Core/Src/system_stm32f1xx.o
 .ARM.attributes
                0x0000000000000158       0x21 ./Core/Startup/startup_stm32f103c8tx.o
 .ARM.attributes
                0x0000000000000179       0x2d ./Drivers/STM32F1xx_HAL_Driver/Src/stm32f1xx_hal.o
 .ARM.attributes
                0x00000000000001a6       0x2d ./Drivers/STM32F1xx_HAL_Driver/Src/stm32f1xx_hal_cortex.o
 .ARM.attributes
                0x00000000000001d3       0x2d ./Drivers/STM32F1xx_HAL_Driver/Src/stm32f1xx_hal_dma.o
 .ARM.attributes
                0x0000000000000200       0x2d ./Drivers/STM32F1xx_HAL_Driver/Src/stm32f1xx_hal_gpio.o
 .ARM.attributes
                0x000000000000022d       0x2d ./Drivers/STM32F1xx_HAL_Driver/Src/stm32f1xx_hal_i2c.o
 .ARM.attributes
                0x000000000000025a       0x2d ./Drivers/STM32F1xx_HAL_Driver/Src/stm32f1xx_hal_rcc.o
 .ARM.attributes
                0x0000000000000287       0x2d ./Drivers/STM32F1xx_HAL_Driver/Src/stm32f1xx_hal_spi.o
 .ARM.attributes
                0x00000000000002b4       0x2d ./Drivers/STM32F1xx_HAL_Driver/Src/stm32f1xx_hal_tim.o
 .ARM.attributes
                0x00000000000002e1       0x2d ./Drivers/STM32F1xx_HAL_Driver/Src/stm32f1xx_hal_tim_ex.o
 .ARM.attributes
                0x000000000000030e       0x2d ./Drivers/STM32F1xx_HAL_Driver/Src/stm32f1xx_hal_uart.o
 .ARM.attributes
                0x000000000000033b       0x2d ./FATFS/App/fatfs.o
 .ARM.attributes
                0x0000000000000368       0x2d ./FATFS/Target/user_diskio.o
 .ARM.attributes
                0x0000000000000395       0x2d ./FATFS/Target/user_diskio_spi.o
 .ARM.attributes
                0x00000000000003c2       0x2d ./Middlewares/Third_Party/FatFs/src/diskio.o
 .ARM.attributes
                0x00000000000003ef       0x2d ./Middlewares/Third_Party/FatFs/src/ff.o
 .ARM.attributes
                0x000000000000041c       0x2d ./Middlewares/Third_Party/FatFs/src/ff_gen_drv.o
 .ARM.attributes
                0x0000000000000449       0x2d ./Middlewares/Third_Party/FatFs/src/option/ccsbcs.o
 .ARM.attributes
                0x0000000000000476       0x2d ./lib/avr_programmer/AVR_Programmer.o
 .ARM.attributes
                0x00000000000004a3       0x2d ./lib/avr_programmer/avp_internal.o
 .ARM.attributes
                0x00000000000004d0       0x33 ./lib/avr_programmer/error_list.o
 .ARM.attributes
                0x0000000000000503       0x2d ./lib/avr_programmer/sd_driver.o
 .ARM.attributes
                0x0000000000000530       0x2d ./lib/avr_programmer/spi_driver.o
 .ARM.attributes
                0x000000000000055d       0x2d ./lib/encoder/encBtn.o
 .ARM.attributes
                0x000000000000058a       0x2d ./lib/mcu/mcu.o
 .ARM.attributes
                0x00000000000005b7       0x2d ./lib/oled/ssd1306.o
 .ARM.attributes
                0x00000000000005e4       0x33 ./lib/oled/ssd1306_fonts.o
 .ARM.attributes
                0x0000000000000617       0x2d c:/st/stm32cubeide_1.7.0/stm32cubeide/plugins/com.st.stm32cube.ide.mcu.externaltools.gnu-tools-for-stm32.9-2020-q2-update.win32_2.0.0.202105311346/tools/bin/../lib/gcc/arm-none-eabi/9.3.1/../../../../arm-none-eabi/lib/thumb/v7-m/nofp\libc_nano.a(lib_a-errno.o)
 .ARM.attributes
                0x0000000000000644       0x2d c:/st/stm32cubeide_1.7.0/stm32cubeide/plugins/com.st.stm32cube.ide.mcu.externaltools.gnu-tools-for-stm32.9-2020-q2-update.win32_2.0.0.202105311346/tools/bin/../lib/gcc/arm-none-eabi/9.3.1/../../../../arm-none-eabi/lib/thumb/v7-m/nofp\libc_nano.a(lib_a-impure.o)
 .ARM.attributes
                0x0000000000000671       0x2d c:/st/stm32cubeide_1.7.0/stm32cubeide/plugins/com.st.stm32cube.ide.mcu.externaltools.gnu-tools-for-stm32.9-2020-q2-update.win32_2.0.0.202105311346/tools/bin/../lib/gcc/arm-none-eabi/9.3.1/../../../../arm-none-eabi/lib/thumb/v7-m/nofp\libc_nano.a(lib_a-init.o)
 .ARM.attributes
                0x000000000000069e       0x2d c:/st/stm32cubeide_1.7.0/stm32cubeide/plugins/com.st.stm32cube.ide.mcu.externaltools.gnu-tools-for-stm32.9-2020-q2-update.win32_2.0.0.202105311346/tools/bin/../lib/gcc/arm-none-eabi/9.3.1/../../../../arm-none-eabi/lib/thumb/v7-m/nofp\libc_nano.a(lib_a-memcpy-stub.o)
 .ARM.attributes
                0x00000000000006cb       0x2d c:/st/stm32cubeide_1.7.0/stm32cubeide/plugins/com.st.stm32cube.ide.mcu.externaltools.gnu-tools-for-stm32.9-2020-q2-update.win32_2.0.0.202105311346/tools/bin/../lib/gcc/arm-none-eabi/9.3.1/../../../../arm-none-eabi/lib/thumb/v7-m/nofp\libc_nano.a(lib_a-memset.o)
 .ARM.attributes
                0x00000000000006f8       0x2d c:/st/stm32cubeide_1.7.0/stm32cubeide/plugins/com.st.stm32cube.ide.mcu.externaltools.gnu-tools-for-stm32.9-2020-q2-update.win32_2.0.0.202105311346/tools/bin/../lib/gcc/arm-none-eabi/9.3.1/../../../../arm-none-eabi/lib/thumb/v7-m/nofp\libc_nano.a(lib_a-strcasecmp.o)
 .ARM.attributes
                0x0000000000000725       0x2d c:/st/stm32cubeide_1.7.0/stm32cubeide/plugins/com.st.stm32cube.ide.mcu.externaltools.gnu-tools-for-stm32.9-2020-q2-update.win32_2.0.0.202105311346/tools/bin/../lib/gcc/arm-none-eabi/9.3.1/../../../../arm-none-eabi/lib/thumb/v7-m/nofp\libc_nano.a(lib_a-strrchr.o)
 .ARM.attributes
                0x0000000000000752       0x2d c:/st/stm32cubeide_1.7.0/stm32cubeide/plugins/com.st.stm32cube.ide.mcu.externaltools.gnu-tools-for-stm32.9-2020-q2-update.win32_2.0.0.202105311346/tools/bin/../lib/gcc/arm-none-eabi/9.3.1/../../../../arm-none-eabi/lib/thumb/v7-m/nofp\libc_nano.a(lib_a-vsnprintf.o)
 .ARM.attributes
                0x000000000000077f       0x2d c:/st/stm32cubeide_1.7.0/stm32cubeide/plugins/com.st.stm32cube.ide.mcu.externaltools.gnu-tools-for-stm32.9-2020-q2-update.win32_2.0.0.202105311346/tools/bin/../lib/gcc/arm-none-eabi/9.3.1/../../../../arm-none-eabi/lib/thumb/v7-m/nofp\libc_nano.a(lib_a-ctype_.o)
 .ARM.attributes
                0x00000000000007ac       0x2d c:/st/stm32cubeide_1.7.0/stm32cubeide/plugins/com.st.stm32cube.ide.mcu.externaltools.gnu-tools-for-stm32.9-2020-q2-update.win32_2.0.0.202105311346/tools/bin/../lib/gcc/arm-none-eabi/9.3.1/../../../../arm-none-eabi/lib/thumb/v7-m/nofp\libc_nano.a(lib_a-nano-svfprintf.o)
 .ARM.attributes
                0x00000000000007d9       0x2d c:/st/stm32cubeide_1.7.0/stm32cubeide/plugins/com.st.stm32cube.ide.mcu.externaltools.gnu-tools-for-stm32.9-2020-q2-update.win32_2.0.0.202105311346/tools/bin/../lib/gcc/arm-none-eabi/9.3.1/../../../../arm-none-eabi/lib/thumb/v7-m/nofp\libc_nano.a(lib_a-nano-vfprintf_i.o)
 .ARM.attributes
                0x0000000000000806       0x2d c:/st/stm32cubeide_1.7.0/stm32cubeide/plugins/com.st.stm32cube.ide.mcu.externaltools.gnu-tools-for-stm32.9-2020-q2-update.win32_2.0.0.202105311346/tools/bin/../lib/gcc/arm-none-eabi/9.3.1/../../../../arm-none-eabi/lib/thumb/v7-m/nofp\libc_nano.a(lib_a-strchr.o)
 .ARM.attributes
                0x0000000000000833       0x2d c:/st/stm32cubeide_1.7.0/stm32cubeide/plugins/com.st.stm32cube.ide.mcu.externaltools.gnu-tools-for-stm32.9-2020-q2-update.win32_2.0.0.202105311346/tools/bin/../lib/gcc/arm-none-eabi/9.3.1/../../../../arm-none-eabi/lib/thumb/v7-m/nofp\libc_nano.a(lib_a-memchr-stub.o)
 .ARM.attributes
                0x0000000000000860       0x2d c:/st/stm32cubeide_1.7.0/stm32cubeide/plugins/com.st.stm32cube.ide.mcu.externaltools.gnu-tools-for-stm32.9-2020-q2-update.win32_2.0.0.202105311346/tools/bin/../lib/gcc/arm-none-eabi/9.3.1/../../../../arm-none-eabi/lib/thumb/v7-m/nofp\libc_nano.a(lib_a-memmove.o)
 .ARM.attributes
                0x000000000000088d       0x2d c:/st/stm32cubeide_1.7.0/stm32cubeide/plugins/com.st.stm32cube.ide.mcu.externaltools.gnu-tools-for-stm32.9-2020-q2-update.win32_2.0.0.202105311346/tools/bin/../lib/gcc/arm-none-eabi/9.3.1/../../../../arm-none-eabi/lib/thumb/v7-m/nofp\libc_nano.a(lib_a-nano-freer.o)
 .ARM.attributes
                0x00000000000008ba       0x2d c:/st/stm32cubeide_1.7.0/stm32cubeide/plugins/com.st.stm32cube.ide.mcu.externaltools.gnu-tools-for-stm32.9-2020-q2-update.win32_2.0.0.202105311346/tools/bin/../lib/gcc/arm-none-eabi/9.3.1/../../../../arm-none-eabi/lib/thumb/v7-m/nofp\libc_nano.a(lib_a-nano-mallocr.o)
 .ARM.attributes
                0x00000000000008e7       0x2d c:/st/stm32cubeide_1.7.0/stm32cubeide/plugins/com.st.stm32cube.ide.mcu.externaltools.gnu-tools-for-stm32.9-2020-q2-update.win32_2.0.0.202105311346/tools/bin/../lib/gcc/arm-none-eabi/9.3.1/../../../../arm-none-eabi/lib/thumb/v7-m/nofp\libc_nano.a(lib_a-nano-reallocr.o)
 .ARM.attributes
                0x0000000000000914       0x2d c:/st/stm32cubeide_1.7.0/stm32cubeide/plugins/com.st.stm32cube.ide.mcu.externaltools.gnu-tools-for-stm32.9-2020-q2-update.win32_2.0.0.202105311346/tools/bin/../lib/gcc/arm-none-eabi/9.3.1/../../../../arm-none-eabi/lib/thumb/v7-m/nofp\libc_nano.a(lib_a-sbrkr.o)
 .ARM.attributes
                0x0000000000000941       0x2d c:/st/stm32cubeide_1.7.0/stm32cubeide/plugins/com.st.stm32cube.ide.mcu.externaltools.gnu-tools-for-stm32.9-2020-q2-update.win32_2.0.0.202105311346/tools/bin/../lib/gcc/arm-none-eabi/9.3.1/../../../../arm-none-eabi/lib/thumb/v7-m/nofp\libc_nano.a(lib_a-mlock.o)
 .ARM.attributes
                0x000000000000096e       0x2d c:/st/stm32cubeide_1.7.0/stm32cubeide/plugins/com.st.stm32cube.ide.mcu.externaltools.gnu-tools-for-stm32.9-2020-q2-update.win32_2.0.0.202105311346/tools/bin/../lib/gcc/arm-none-eabi/9.3.1/../../../../arm-none-eabi/lib/thumb/v7-m/nofp\libc_nano.a(lib_a-nano-msizer.o)
 .ARM.attributes
                0x000000000000099b       0x2d c:/st/stm32cubeide_1.7.0/stm32cubeide/plugins/com.st.stm32cube.ide.mcu.externaltools.gnu-tools-for-stm32.9-2020-q2-update.win32_2.0.0.202105311346/tools/bin/../lib/gcc/arm-none-eabi/9.3.1/../../../../arm-none-eabi/lib/thumb/v7-m/nofp\libc_nano.a(lib_a-reent.o)
 .ARM.attributes
                0x00000000000009c8       0x2d c:/st/stm32cubeide_1.7.0/stm32cubeide/plugins/com.st.stm32cube.ide.mcu.externaltools.gnu-tools-for-stm32.9-2020-q2-update.win32_2.0.0.202105311346/tools/bin/../lib/gcc/arm-none-eabi/9.3.1/../../../../arm-none-eabi/lib/thumb/v7-m/nofp\libc_nano.a(lib_a-lock.o)
 .ARM.attributes
                0x00000000000009f5       0x1d c:/st/stm32cubeide_1.7.0/stm32cubeide/plugins/com.st.stm32cube.ide.mcu.externaltools.gnu-tools-for-stm32.9-2020-q2-update.win32_2.0.0.202105311346/tools/bin/../lib/gcc/arm-none-eabi/9.3.1/thumb/v7-m/nofp/crtn.o
OUTPUT(lUprog.elf elf32-littlearm)
LOAD linker stubs
LOAD c:/st/stm32cubeide_1.7.0/stm32cubeide/plugins/com.st.stm32cube.ide.mcu.externaltools.gnu-tools-for-stm32.9-2020-q2-update.win32_2.0.0.202105311346/tools/bin/../lib/gcc/arm-none-eabi/9.3.1/../../../../arm-none-eabi/lib/thumb/v7-m/nofp\libc.a
LOAD c:/st/stm32cubeide_1.7.0/stm32cubeide/plugins/com.st.stm32cube.ide.mcu.externaltools.gnu-tools-for-stm32.9-2020-q2-update.win32_2.0.0.202105311346/tools/bin/../lib/gcc/arm-none-eabi/9.3.1/../../../../arm-none-eabi/lib/thumb/v7-m/nofp\libm.a
LOAD c:/st/stm32cubeide_1.7.0/stm32cubeide/plugins/com.st.stm32cube.ide.mcu.externaltools.gnu-tools-for-stm32.9-2020-q2-update.win32_2.0.0.202105311346/tools/bin/../lib/gcc/arm-none-eabi/9.3.1/thumb/v7-m/nofp\libgcc.a

.debug_info     0x0000000000000000    0x335b1
 .debug_info    0x0000000000000000      0xffb ./Core/Inc/debug.o
 .debug_info    0x0000000000000ffb     0x3c4a ./Core/Src/main.o
 .debug_info    0x0000000000004c45     0x213d ./Core/Src/stm32f1xx_hal_msp.o
 .debug_info    0x0000000000006d82     0x10f9 ./Core/Src/stm32f1xx_it.o
 .debug_info    0x0000000000007e7b      0xa3a ./Core/Src/sysmem.o
 .debug_info    0x00000000000088b5      0x2c9 ./Core/Src/system_stm32f1xx.o