Archive member included to satisfy reference by file (symbol)

c:/st/stm32cubeide_1.7.0/stm32cubeide/plugins/com.st.stm32cube.ide.mcu.externaltools.gnu-tools-for-stm32.9-2020-q2-update.win32_2.0.0.202105311346/tools/bin/../lib/gcc/arm-none-eabi/9.3.1/../../../../arm-none-eabi/lib/thumb/v7-m/nofp\libc_nano.a(lib_a-errno.o)
                              ./Core/Src/syscalls.o (__errno)
c:/st/stm32cubeide_1.7.0/stm32cubeide/plugins/com.st.stm32cube.ide.mcu.externaltools.gnu-tools-for-stm32.9-2020-q2-update.win32_2.0.0.202105311346/tools/bin/../lib/gcc/arm-none-eabi/9.3.1/../../../../arm-none-eabi/lib/thumb/v7-m/nofp\libc_nano.a(lib_a-exit.o)
                              c:/st/stm32cubeide_1.7.0/stm32cubeide/plugins/com.st.stm32cube.ide.mcu.externaltools.gnu-tools-for-stm32.9-2020-q2-update.win32_2.0.0.202105311346/tools/bin/../lib/gcc/arm-none-eabi/9.3.1/../../../../arm-none-eabi/lib/thumb/v7-m/nofp/crt0.o (exit)
c:/st/stm32cubeide_1.7.0/stm32cubeide/plugins/com.st.stm32cube.ide.mcu.externaltools.gnu-tools-for-stm32.9-2020-q2-update.win32_2.0.0.202105311346/tools/bin/../lib/gcc/arm-none-eabi/9.3.1/../../../../arm-none-eabi/lib/thumb/v7-m/nofp\libc_nano.a(lib_a-impure.o)
                              c:/st/stm32cubeide_1.7.0/stm32cubeide/plugins/com.st.stm32cube.ide.mcu.externaltools.gnu-tools-for-stm32.9-2020-q2-update.win32_2.0.0.202105311346/tools/bin/../lib/gcc/arm-none-eabi/9.3.1/../../../../arm-none-eabi/lib/thumb/v7-m/nofp\libc_nano.a(lib_a-exit.o) (_global_impure_ptr)
c:/st/stm32cubeide_1.7.0/stm32cubeide/plugins/com.st.stm32cube.ide.mcu.externaltools.gnu-tools-for-stm32.9-2020-q2-update.win32_2.0.0.202105311346/tools/bin/../lib/gcc/arm-none-eabi/9.3.1/../../../../arm-none-eabi/lib/thumb/v7-m/nofp\libc_nano.a(lib_a-init.o)
                              c:/st/stm32cubeide_1.7.0/stm32cubeide/plugins/com.st.stm32cube.ide.mcu.externaltools.gnu-tools-for-stm32.9-2020-q2-update.win32_2.0.0.202105311346/tools/bin/../lib/gcc/arm-none-eabi/9.3.1/../../../../arm-none-eabi/lib/thumb/v7-m/nofp/crt0.o (__libc_init_array)
c:/st/stm32cubeide_1.7.0/stm32cubeide/plugins/com.st.stm32cube.ide.mcu.externaltools.gnu-tools-for-stm32.9-2020-q2-update.win32_2.0.0.202105311346/tools/bin/../lib/gcc/arm-none-eabi/9.3.1/../../../../arm-none-eabi/lib/thumb/v7-m/nofp\libc_nano.a(lib_a-memcpy-stub.o)
                              ./lib/oled/ssd1306.o (memcpy)
c:/st/stm32cubeide_1.7.0/stm32cubeide/plugins/com.st.stm32cube.ide.mcu.externaltools.gnu-tools-for-stm32.9-2020-q2-update.win32_2.0.0.202105311346/tools/bin/../lib/gcc/arm-none-eabi/9.3.1/../../../../arm-none-eabi/lib/thumb/v7-m/nofp\libc_nano.a(lib_a-memset.o)
                              c:/st/stm32cubeide_1.7.0/stm32cubeide/plugins/com.st.stm32cube.ide.mcu.externaltools.gnu-tools-for-stm32.9-2020-q2-update.win32_2.0.0.202105311346/tools/bin/../lib/gcc/arm-none-eabi/9.3.1/../../../../arm-none-eabi/lib/thumb/v7-m/nofp/crt0.o (memset)
c:/st/stm32cubeide_1.7.0/stm32cubeide/plugins/com.st.stm32cube.ide.mcu.externaltools.gnu-tools-for-stm32.9-2020-q2-update.win32_2.0.0.202105311346/tools/bin/../lib/gcc/arm-none-eabi/9.3.1/../../../../arm-none-eabi/lib/thumb/v7-m/nofp\libc_nano.a(lib_a-vsnprintf.o)
                              ./Core/Inc/debug.o (vsnprintf)
c:/st/stm32cubeide_1.7.0/stm32cubeide/plugins/com.st.stm32cube.ide.mcu.externaltools.gnu-tools-for-stm32.9-2020-q2-update.win32_2.0.0.202105311346/tools/bin/../lib/gcc/arm-none-eabi/9.3.1/../../../../arm-none-eabi/lib/thumb/v7-m/nofp\libc_nano.a(lib_a-nano-svfprintf.o)
                              c:/st/stm32cubeide_1.7.0/stm32cubeide/plugins/com.st.stm32cube.ide.mcu.externaltools.gnu-tools-for-stm32.9-2020-q2-update.win32_2.0.0.202105311346/tools/bin/../lib/gcc/arm-none-eabi/9.3.1/../../../../arm-none-eabi/lib/thumb/v7-m/nofp\libc_nano.a(lib_a-vsnprintf.o) (_svfprintf_r)
c:/st/stm32cubeide_1.7.0/stm32cubeide/plugins/com.st.stm32cube.ide.mcu.externaltools.gnu-tools-for-stm32.9-2020-q2-update.win32_2.0.0.202105311346/tools/bin/../lib/gcc/arm-none-eabi/9.3.1/../../../../arm-none-eabi/lib/thumb/v7-m/nofp\libc_nano.a(lib_a-nano-vfprintf_i.o)
                              c:/st/stm32cubeide_1.7.0/stm32cubeide/plugins/com.st.stm32cube.ide.mcu.externaltools.gnu-tools-for-stm32.9-2020-q2-update.win32_2.0.0.202105311346/tools/bin/../lib/gcc/arm-none-eabi/9.3.1/../../../../arm-none-eabi/lib/thumb/v7-m/nofp\libc_nano.a(lib_a-nano-svfprintf.o) (_printf_i)
c:/st/stm32cubeide_1.7.0/stm32cubeide/plugins/com.st.stm32cube.ide.mcu.externaltools.gnu-tools-for-stm32.9-2020-q2-update.win32_2.0.0.202105311346/tools/bin/../lib/gcc/arm-none-eabi/9.3.1/../../../../arm-none-eabi/lib/thumb/v7-m/nofp\libc_nano.a(lib_a-memchr-stub.o)
[...]
Memory Configuration

Name             Origin             Length             Attributes
RAM              0x0000000020000000 0x0000000000005000 xrw
FLASH            0x0000000008000000 0x0000000000010000 xr
*default*        0x0000000000000000 0xffffffffffffffff

Linker script and memory map

LOAD c:/st/stm32cubeide_1.7.0/stm32cubeide/plugins/com.st.stm32cube.ide.mcu.externaltools.gnu-tools-for-stm32.9-2020-q2-update.win32_2.0.0.202105311346/tools/bin/../lib/gcc/arm-none-eabi/9.3.1/thumb/v7-m/nofp/crti.o
LOAD c:/st/stm32cubeide_1.7.0/stm32cubeide/plugins/com.st.stm32cube.ide.mcu.externaltools.gnu-tools-for-stm32.9-2020-q2-update.win32_2.0.0.202105311346/tools/bin/../lib/gcc/arm-none-eabi/9.3.1/thumb/v7-m/nofp/crtbegin.o
LOAD c:/st/stm32cubeide_1.7.0/stm32cubeide/plugins/com.st.stm32cube.ide.mcu.externaltools.gnu-tools-for-stm32.9-2020-q2-update.win32_2.0.0.202105311346/tools/bin/../lib/gcc/arm-none-eabi/9.3.1/../../../../arm-none-eabi/lib/thumb/v7-m/nofp/crt0.o
LOAD ./Core/Inc/debug.o
LOAD ./Core/Src/main.o
LOAD ./Core/Src/stm32f1xx_hal_msp.o
LOAD ./Core/Src/stm32f1xx_it.o
LOAD ./Core/Src/syscalls.o
LOAD ./Core/Src/sysmem.o
LOAD ./Core/Src/system_stm32f1xx.o
LOAD ./Core/Startup/startup_stm32f103c8tx.o
LOAD ./Drivers/STM32F1xx_HAL_Driver/Src/stm32f1xx_hal.o
LOAD ./Drivers/STM32F1xx_HAL_Driver/Src/stm32f1xx_hal_cortex.o
LOAD ./Drivers/STM32F1xx_HAL_Driver/Src/stm32f1xx_hal_dma.o
LOAD ./Drivers/STM32F1xx_HAL_Driver/Src/stm32f1xx_hal_exti.o
LOAD ./Drivers/STM32F1xx_HAL_Driver/Src/stm32f1xx_hal_flash.o
LOAD ./Drivers/STM32F1xx_HAL_Driver/Src/stm32f1xx_hal_flash_ex.o
LOAD ./Drivers/STM32F1xx_HAL_Driver/Src/stm32f1xx_hal_gpio.o
LOAD ./Drivers/STM32F1xx_HAL_Driver/Src/stm32f1xx_hal_gpio_ex.o
LOAD ./Drivers/STM32F1xx_HAL_Driver/Src/stm32f1xx_hal_i2c.o
LOAD ./Drivers/STM32F1xx_HAL_Driver/Src/stm32f1xx_hal_pcd.o
LOAD ./Drivers/STM32F1xx_HAL_Driver/Src/stm32f1xx_hal_pcd_ex.o
LOAD ./Drivers/STM32F1xx_HAL_Driver/Src/stm32f1xx_hal_pwr.o
LOAD ./Drivers/STM32F1xx_HAL_Driver/Src/stm32f1xx_hal_rcc.o
LOAD ./Drivers/STM32F1xx_HAL_Driver/Src/stm32f1xx_hal_rcc_ex.o
LOAD ./Drivers/STM32F1xx_HAL_Driver/Src/stm32f1xx_hal_spi.o
LOAD ./Drivers/STM32F1xx_HAL_Driver/Src/stm32f1xx_hal_tim.o
LOAD ./Drivers/STM32F1xx_HAL_Driver/Src/stm32f1xx_hal_tim_ex.o
LOAD ./Drivers/STM32F1xx_HAL_Driver/Src/stm32f1xx_hal_uart.o
LOAD ./Drivers/STM32F1xx_HAL_Driver/Src/stm32f1xx_ll_usb.o
LOAD ./FATFS/App/fatfs.o
LOAD ./FATFS/Target/user_diskio.o
LOAD ./FATFS/Target/user_diskio_spi.o
LOAD ./Middlewares/ST/STM32_USB_Device_Library/Class/MSC/Src/usbd_msc.o
LOAD ./Middlewares/ST/STM32_USB_Device_Library/Class/MSC/Src/usbd_msc_bot.o
LOAD ./Middlewares/ST/STM32_USB_Device_Library/Class/MSC/Src/usbd_msc_data.o
LOAD ./Middlewares/ST/STM32_USB_Device_Library/Class/MSC/Src/usbd_msc_scsi.o
LOAD ./Middlewares/ST/STM32_USB_Device_Library/Core/Src/usbd_core.o
LOAD ./Middlewares/ST/STM32_USB_Device_Library/Core/Src/usbd_ctlreq.o
LOAD ./Middlewares/ST/STM32_USB_Device_Library/Core/Src/usbd_ioreq.o
LOAD ./Middlewares/Third_Party/FatFs/src/diskio.o
LOAD ./Middlewares/Third_Party/FatFs/src/ff.o
LOAD ./Middlewares/Third_Party/FatFs/src/ff_gen_drv.o
LOAD ./Middlewares/Third_Party/FatFs/src/option/syscall.o
LOAD ./USB_DEVICE/App/usb_device.o
LOAD ./USB_DEVICE/App/usbd_desc.o
LOAD ./USB_DEVICE/App/usbd_storage_if.o
LOAD ./USB_DEVICE/Target/usbd_conf.o
LOAD ./lib/avr_programmer/AVR_Programmer.o
LOAD ./lib/encoder/encBtn.o
LOAD ./lib/fsm/fsm.o
LOAD ./lib/mcu/mcu.o
LOAD ./lib/menu/TreeMenu.o
LOAD ./lib/oled/ssd1306.o
LOAD ./lib/oled/ssd1306_fonts.o
LOAD ./lib/oled/ssd1306_tests.o
START GROUP
LOAD c:/st/stm32cubeide_1.7.0/stm32cubeide/plugins/com.st.stm32cube.ide.mcu.externaltools.gnu-tools-for-stm32.9-2020-q2-update.win32_2.0.0.202105311346/tools/bin/../lib/gcc/arm-none-eabi/9.3.1/../../../../arm-none-eabi/lib/thumb/v7-m/nofp\libc_nano.a
LOAD c:/st/stm32cubeide_1.7.0/stm32cubeide/plugins/com.st.stm32cube.ide.mcu.externaltools.gnu-tools-for-stm32.9-2020-q2-update.win32_2.0.0.202105311346/tools/bin/../lib/gcc/arm-none-eabi/9.3.1/../../../../arm-none-eabi/lib/thumb/v7-m/nofp\libm.a
END GROUP
START GROUP
LOAD c:/st/stm32cubeide_1.7.0/stm32cubeide/plugins/com.st.stm32cube.ide.mcu.externaltools.gnu-tools-for-stm32.9-2020-q2-update.win32_2.0.0.202105311346/tools/bin/../lib/gcc/arm-none-eabi/9.3.1/thumb/v7-m/nofp\libgcc.a
LOAD c:/st/stm32cubeide_1.7.0/stm32cubeide/plugins/com.st.stm32cube.ide.mcu.externaltools.gnu-tools-for-stm32.9-2020-q2-update.win32_2.0.0.202105311346/tools/bin/../lib/gcc/arm-none-eabi/9.3.1/../../../../arm-none-eabi/lib/thumb/v7-m/nofp\libc_nano.a
END GROUP
START GROUP
LOAD c:/st/stm32cubeide_1.7.0/stm32cubeide/plugins/com.st.stm32cube.ide.mcu.externaltools.gnu-tools-for-stm32.9-2020-q2-update.win32_2.0.0.202105311346/tools/bin/../lib/gcc/arm-none-eabi/9.3.1/thumb/v7-m/nofp\libgcc.a
LOAD c:/st/stm32cubeide_1.7.0/stm32cubeide/plugins/com.st.stm32cube.ide.mcu.externaltools.gnu-tools-for-stm32.9-2020-q2-update.win32_2.0.0.202105311346/tools/bin/../lib/gcc/arm-none-eabi/9.3.1/../../../../arm-none-eabi/lib/thumb/v7-m/nofp\libc_nano.a
LOAD c:/st/stm32cubeide_1.7.0/stm32cubeide/plugins/com.st.stm32cube.ide.mcu.externaltools.gnu-tools-for-stm32.9-2020-q2-update.win32_2.0.0.202105311346/tools/bin/../lib/gcc/arm-none-eabi/9.3.1/../../../../arm-none-eabi/lib/thumb/v7-m/nofp\libnosys.a
END GROUP
START GROUP
LOAD c:/st/stm32cubeide_1.7.0/stm32cubeide/plugins/com.st.stm32cube.ide.mcu.externaltools.gnu-tools-for-stm32.9-2020-q2-update.win32_2.0.0.202105311346/tools/bin/../lib/gcc/arm-none-eabi/9.3.1/thumb/v7-m/nofp\libgcc.a
LOAD c:/st/stm32cubeide_1.7.0/stm32cubeide/plugins/com.st.stm32cube.ide.mcu.externaltools.gnu-tools-for-stm32.9-2020-q2-update.win32_2.0.0.202105311346/tools/bin/../lib/gcc/arm-none-eabi/9.3.1/../../../../arm-none-eabi/lib/thumb/v7-m/nofp\libc_nano.a
LOAD c:/st/stm32cubeide_1.7.0/stm32cubeide/plugins/com.st.stm32cube.ide.mcu.externaltools.gnu-tools-for-stm32.9-2020-q2-update.win32_2.0.0.202105311346/tools/bin/../lib/gcc/arm-none-eabi/9.3.1/../../../../arm-none-eabi/lib/thumb/v7-m/nofp\libnosys.a
END GROUP
LOAD c:/st/stm32cubeide_1.7.0/stm32cubeide/plugins/com.st.stm32cube.ide.mcu.externaltools.gnu-tools-for-stm32.9-2020-q2-update.win32_2.0.0.202105311346/tools/bin/../lib/gcc/arm-none-eabi/9.3.1/thumb/v7-m/nofp/crtend.o
LOAD c:/st/stm32cubeide_1.7.0/stm32cubeide/plugins/com.st.stm32cube.ide.mcu.externaltools.gnu-tools-for-stm32.9-2020-q2-update.win32_2.0.0.202105311346/tools/bin/../lib/gcc/arm-none-eabi/9.3.1/thumb/v7-m/nofp/crtn.o
                0x0000000020005000                _estack = (ORIGIN (RAM) + LENGTH (RAM))
                0x0000000000000200                _Min_Heap_Size = 0x200
                0x0000000000000400                _Min_Stack_Size = 0x400

.isr_vector     0x0000000008000000      0x10c
                0x0000000008000000                . = ALIGN (0x4)
 *(.isr_vector)
 .isr_vector    0x0000000008000000      0x10c ./Core/Startup/startup_stm32f103c8tx.o
                0x0000000008000000                g_pfnVectors
                0x000000000800010c                . = ALIGN (0x4)

.text           0x000000000800010c     0xe4bc
                0x000000000800010c                . = ALIGN (0x4)
 *(.text)
 .text          0x000000000800010c       0x40 c:/st/stm32cubeide_1.7.0/stm32cubeide/plugins/com.st.stm32cube.ide.mcu.externaltools.gnu-tools-for-stm32.9-2020-q2-update.win32_2.0.0.202105311346/tools/bin/../lib/gcc/arm-none-eabi/9.3.1/thumb/v7-m/nofp/crtbegin.o
 *(.text*)
 .text.debug_init
                0x000000000800014c       0x1c ./Core/Inc/debug.o
                0x000000000800014c                debug_init
 .text.myprintf
                0x0000000008000168       0x50 ./Core/Inc/debug.o
                0x0000000008000168                myprintf
 .text.main     0x00000000080001b8       0x7c ./Core/Src/main.o
                0x00000000080001b8                main
 .text.SystemClock_Config
                0x0000000008000234       0xb4 ./Core/Src/main.o
                0x0000000008000234                SystemClock_Config
 .text.MX_I2C1_Init
                0x00000000080002e8       0x5c ./Core/Src/main.o
 .text.MX_SPI1_Init
                0x0000000008000344       0x6c ./Core/Src/main.o
 .text.MX_SPI2_Init
                0x00000000080003b0       0x6c ./Core/Src/main.o
 .text.MX_TIM2_Init
                0x000000000800041c       0x98 ./Core/Src/main.o
 .text.MX_TIM3_Init
                0x00000000080004b4       0xa8 ./Core/Src/main.o
 .text.MX_USART1_UART_Init
                0x000000000800055c       0x54 ./Core/Src/main.o
 .text.MX_DMA_Init
                0x00000000080005b0       0x3c ./Core/Src/main.o
 .text.MX_GPIO_Init
                0x00000000080005ec       0xe0 ./Core/Src/main.o
 .text.Error_Handler
                0x00000000080006cc        0xa ./Core/Src/main.o
                0x00000000080006cc                Error_Handler
 *fill*         0x00000000080006d6        0x2 
 .text.HAL_MspInit
                0x00000000080006d8       0x64 ./Core/Src/stm32f1xx_hal_msp.o
                0x00000000080006d8                HAL_MspInit
 .text.HAL_I2C_MspInit
                0x000000000800073c       0xa0 ./Core/Src/stm32f1xx_hal_msp.o
                0x000000000800073c                HAL_I2C_MspInit
 .text.HAL_SPI_MspInit
                0x00000000080007dc      0x160 ./Core/Src/stm32f1xx_hal_msp.o
                0x00000000080007dc                HAL_SPI_MspInit
 .text.HAL_SPI_MspDeInit
                0x000000000800093c       0x70 ./Core/Src/stm32f1xx_hal_msp.o
                0x000000000800093c                HAL_SPI_MspDeInit
 .text.HAL_TIM_Base_MspInit
                0x00000000080009ac       0x48 ./Core/Src/stm32f1xx_hal_msp.o
                0x00000000080009ac                HAL_TIM_Base_MspInit
 .text.HAL_TIM_Encoder_MspInit
                0x00000000080009f4       0xa4 ./Core/Src/stm32f1xx_hal_msp.o
                0x00000000080009f4                HAL_TIM_Encoder_MspInit
 .text.HAL_UART_MspInit
                0x0000000008000a98       0xb4 ./Core/Src/stm32f1xx_hal_msp.o
                0x0000000008000a98                HAL_UART_MspInit
 .text.NMI_Handler
                0x0000000008000b4c        0x6 ./Core/Src/stm32f1xx_it.o
                0x0000000008000b4c                NMI_Handler
 .text.HardFault_Handler
                0x0000000008000b52        0x6 ./Core/Src/stm32f1xx_it.o
                0x0000000008000b52                HardFault_Handler
 .text.MemManage_Handler
                0x0000000008000b58        0x6 ./Core/Src/stm32f1xx_it.o
                0x0000000008000b58                MemManage_Handler
 .text.BusFault_Handler
                0x0000000008000b5e        0x6 ./Core/Src/stm32f1xx_it.o
                0x0000000008000b5e                BusFault_Handler
 .text.UsageFault_Handler
                0x0000000008000b64        0x6 ./Core/Src/stm32f1xx_it.o
                0x0000000008000b64                UsageFault_Handler
 .text.SVC_Handler
                0x0000000008000b6a        0xc ./Core/Src/stm32f1xx_it.o
                0x0000000008000b6a                SVC_Handler
 .text.DebugMon_Handler
                0x0000000008000b76        0xc ./Core/Src/stm32f1xx_it.o
                0x0000000008000b76                DebugMon_Handler
 .text.PendSV_Handler
                0x0000000008000b82        0xc ./Core/Src/stm32f1xx_it.o
                0x0000000008000b82                PendSV_Handler
 .text.SysTick_Handler
                0x0000000008000b8e        0xc ./Core/Src/stm32f1xx_it.o
                0x0000000008000b8e                SysTick_Handler
 *fill*         0x0000000008000b9a        0x2 
 .text.DMA1_Channel4_IRQHandler
                0x0000000008000b9c       0x14 ./Core/Src/stm32f1xx_it.o
                0x0000000008000b9c                DMA1_Channel4_IRQHandler
 .text.USB_LP_CAN1_RX0_IRQHandler
                0x0000000008000bb0       0x14 ./Core/Src/stm32f1xx_it.o
                0x0000000008000bb0                USB_LP_CAN1_RX0_IRQHandler
 .text.TIM2_IRQHandler
                0x0000000008000bc4       0x14 ./Core/Src/stm32f1xx_it.o
                0x0000000008000bc4                TIM2_IRQHandler
 .text._sbrk    0x0000000008000bd8       0x6c ./Core/Src/sysmem.o
                0x0000000008000bd8                _sbrk
 .text.SystemInit
                0x0000000008000c44        0xc ./Core/Src/system_stm32f1xx.o
                0x0000000008000c44                SystemInit
 .text.Reset_Handler
                0x0000000008000c50       0x48 ./Core/Startup/startup_stm32f103c8tx.o
                0x0000000008000c50                Reset_Handler
 .text.Default_Handler
                0x0000000008000c98        0x2 ./Core/Startup/startup_stm32f103c8tx.o
                0x0000000008000c98                RTC_Alarm_IRQHandler
                0x0000000008000c98                EXTI2_IRQHandler
                0x0000000008000c98                TIM1_CC_IRQHandler
                0x0000000008000c98                PVD_IRQHandler
                0x0000000008000c98                EXTI3_IRQHandler
                0x0000000008000c98                EXTI0_IRQHandler
                0x0000000008000c98                I2C2_EV_IRQHandler
                0x0000000008000c98                ADC1_2_IRQHandler
                0x0000000008000c98                SPI1_IRQHandler
                0x0000000008000c98                TAMPER_IRQHandler
                0x0000000008000c98                USART3_IRQHandler
                0x0000000008000c98                RTC_IRQHandler
                0x0000000008000c98                DMA1_Channel7_IRQHandler
                0x0000000008000c98                CAN1_RX1_IRQHandler
                0x0000000008000c98                TIM4_IRQHandler
                0x0000000008000c98                I2C1_EV_IRQHandler
                0x0000000008000c98                DMA1_Channel6_IRQHandler
                0x0000000008000c98                TIM3_IRQHandler
                0x0000000008000c98                RCC_IRQHandler
                0x0000000008000c98                TIM1_TRG_COM_IRQHandler
                0x0000000008000c98                DMA1_Channel1_IRQHandler
                0x0000000008000c98                Default_Handler
                0x0000000008000c98                EXTI15_10_IRQHandler
                0x0000000008000c98                EXTI9_5_IRQHandler
                0x0000000008000c98                SPI2_IRQHandler
                0x0000000008000c98                DMA1_Channel5_IRQHandler
                0x0000000008000c98                EXTI4_IRQHandler
                0x0000000008000c98                USB_HP_CAN1_TX_IRQHandler
                0x0000000008000c98                DMA1_Channel3_IRQHandler
                0x0000000008000c98                TIM1_UP_IRQHandler
                0x0000000008000c98                WWDG_IRQHandler
                0x0000000008000c98                TIM1_BRK_IRQHandler
                0x0000000008000c98                EXTI1_IRQHandler
                0x0000000008000c98                USART2_IRQHandler
                0x0000000008000c98                I2C2_ER_IRQHandler
                0x0000000008000c98                DMA1_Channel2_IRQHandler
                0x0000000008000c98                CAN1_SCE_IRQHandler
                0x0000000008000c98                FLASH_IRQHandler
                0x0000000008000c98                USART1_IRQHandler
                0x0000000008000c98                I2C1_ER_IRQHandler
                0x0000000008000c98                USBWakeUp_IRQHandler
 *fill*         0x0000000008000c9a        0x2 
 .text.HAL_Init
                0x0000000008000c9c       0x2c ./Drivers/STM32F1xx_HAL_Driver/Src/stm32f1xx_hal.o
                0x0000000008000c9c                HAL_Init
 .text.HAL_InitTick
                0x0000000008000cc8       0x60 ./Drivers/STM32F1xx_HAL_Driver/Src/stm32f1xx_hal.o
                0x0000000008000cc8                HAL_InitTick
 .text.HAL_IncTick
                0x0000000008000d28       0x24 ./Drivers/STM32F1xx_HAL_Driver/Src/stm32f1xx_hal.o
                0x0000000008000d28                HAL_IncTick
 .text.HAL_GetTick
                0x0000000008000d4c       0x14 ./Drivers/STM32F1xx_HAL_Driver/Src/stm32f1xx_hal.o
                0x0000000008000d4c                HAL_GetTick
 .text.__NVIC_SetPriorityGrouping
                0x0000000008000d60       0x48 ./Drivers/STM32F1xx_HAL_Driver/Src/stm32f1xx_hal_cortex.o
 .text.__NVIC_GetPriorityGrouping
                0x0000000008000da8       0x1c ./Drivers/STM32F1xx_HAL_Driver/Src/stm32f1xx_hal_cortex.o
 .text.__NVIC_EnableIRQ
                0x0000000008000dc4       0x38 ./Drivers/STM32F1xx_HAL_Driver/Src/stm32f1xx_hal_cortex.o
 .text.__NVIC_SetPriority
                0x0000000008000dfc       0x54 ./Drivers/STM32F1xx_HAL_Driver/Src/stm32f1xx_hal_cortex.o
 .text.NVIC_EncodePriority
                0x0000000008000e50       0x64 ./Drivers/STM32F1xx_HAL_Driver/Src/stm32f1xx_hal_cortex.o
 .text.SysTick_Config
                0x0000000008000eb4       0x44 ./Drivers/STM32F1xx_HAL_Driver/Src/stm32f1xx_hal_cortex.o
 .text.HAL_NVIC_SetPriorityGrouping
                0x0000000008000ef8       0x16 ./Drivers/STM32F1xx_HAL_Driver/Src/stm32f1xx_hal_cortex.o
                0x0000000008000ef8                HAL_NVIC_SetPriorityGrouping
 .text.HAL_NVIC_SetPriority
                0x0000000008000f0e       0x38 ./Drivers/STM32F1xx_HAL_Driver/Src/stm32f1xx_hal_cortex.o
                0x0000000008000f0e                HAL_NVIC_SetPriority
 .text.HAL_NVIC_EnableIRQ
                0x0000000008000f46       0x1c ./Drivers/STM32F1xx_HAL_Driver/Src/stm32f1xx_hal_cortex.o
                0x0000000008000f46                HAL_NVIC_EnableIRQ
 .text.HAL_SYSTICK_Config
                0x0000000008000f62       0x18 ./Drivers/STM32F1xx_HAL_Driver/Src/stm32f1xx_hal_cortex.o
                0x0000000008000f62                HAL_SYSTICK_Config
 *fill*         0x0000000008000f7a        0x2 
 .text.HAL_DMA_Init
                0x0000000008000f7c       0xb4 ./Drivers/STM32F1xx_HAL_Driver/Src/stm32f1xx_hal_dma.o
                0x0000000008000f7c                HAL_DMA_Init
 .text.HAL_DMA_DeInit
                0x0000000008001030       0xb8 ./Drivers/STM32F1xx_HAL_Driver/Src/stm32f1xx_hal_dma.o
                0x0000000008001030                HAL_DMA_DeInit
 .text.HAL_DMA_IRQHandler
                0x00000000080010e8      0x20c ./Drivers/STM32F1xx_HAL_Driver/Src/stm32f1xx_hal_dma.o
                0x00000000080010e8                HAL_DMA_IRQHandler
 .text.HAL_GPIO_Init
                0x00000000080012f4      0x308 ./Drivers/STM32F1xx_HAL_Driver/Src/stm32f1xx_hal_gpio.o
                0x00000000080012f4                HAL_GPIO_Init
 .text.HAL_GPIO_DeInit
                0x00000000080015fc      0x178 ./Drivers/STM32F1xx_HAL_Driver/Src/stm32f1xx_hal_gpio.o
                0x00000000080015fc                HAL_GPIO_DeInit
 .text.HAL_GPIO_ReadPin
                0x0000000008001774       0x2e ./Drivers/STM32F1xx_HAL_Driver/Src/stm32f1xx_hal_gpio.o
                0x0000000008001774                HAL_GPIO_ReadPin
 .text.HAL_GPIO_WritePin
                0x00000000080017a2       0x30 ./Drivers/STM32F1xx_HAL_Driver/Src/stm32f1xx_hal_gpio.o
                0x00000000080017a2                HAL_GPIO_WritePin
 *fill*         0x00000000080017d2        0x2 
 .text.HAL_I2C_Init
                0x00000000080017d4      0x288 ./Drivers/STM32F1xx_HAL_Driver/Src/stm32f1xx_hal_i2c.o
                0x00000000080017d4                HAL_I2C_Init
 .text.HAL_PCD_Init
                0x0000000008001a5c      0x1ec ./Drivers/STM32F1xx_HAL_Driver/Src/stm32f1xx_hal_pcd.o
                0x0000000008001a5c                HAL_PCD_Init
 .text.HAL_PCD_Start
                0x0000000008001c48       0x4c ./Drivers/STM32F1xx_HAL_Driver/Src/stm32f1xx_hal_pcd.o
                0x0000000008001c48                HAL_PCD_Start
 .text.HAL_PCD_IRQHandler
                0x0000000008001c94      0x264 ./Drivers/STM32F1xx_HAL_Driver/Src/stm32f1xx_hal_pcd.o
                0x0000000008001c94                HAL_PCD_IRQHandler
 .text.HAL_PCD_SetAddress
                0x0000000008001ef8       0x48 ./Drivers/STM32F1xx_HAL_Driver/Src/stm32f1xx_hal_pcd.o
                0x0000000008001ef8                HAL_PCD_SetAddress
 .text.HAL_PCD_EP_Open
                0x0000000008001f40       0xba ./Drivers/STM32F1xx_HAL_Driver/Src/stm32f1xx_hal_pcd.o
                0x0000000008001f40                HAL_PCD_EP_Open
 .text.HAL_PCD_EP_Close
                0x0000000008001ffa       0x90 ./Drivers/STM32F1xx_HAL_Driver/Src/stm32f1xx_hal_pcd.o
                0x0000000008001ffa                HAL_PCD_EP_Close
 .text.HAL_PCD_EP_Receive
                0x000000000800208a       0x62 ./Drivers/STM32F1xx_HAL_Driver/Src/stm32f1xx_hal_pcd.o
                0x000000000800208a                HAL_PCD_EP_Receive
 .text.HAL_PCD_EP_GetRxCount
                0x00000000080020ec       0x2e ./Drivers/STM32F1xx_HAL_Driver/Src/stm32f1xx_hal_pcd.o
                0x00000000080020ec                HAL_PCD_EP_GetRxCount
 .text.HAL_PCD_EP_Transmit
                0x000000000800211a       0x6e ./Drivers/STM32F1xx_HAL_Driver/Src/stm32f1xx_hal_pcd.o
                0x000000000800211a                HAL_PCD_EP_Transmit
 .text.HAL_PCD_EP_SetStall
                0x0000000008002188       0xc0 ./Drivers/STM32F1xx_HAL_Driver/Src/stm32f1xx_hal_pcd.o
                0x0000000008002188                HAL_PCD_EP_SetStall
 .text.HAL_PCD_EP_ClrStall
                0x0000000008002248       0xa8 ./Drivers/STM32F1xx_HAL_Driver/Src/stm32f1xx_hal_pcd.o
                0x0000000008002248                HAL_PCD_EP_ClrStall
 .text.HAL_PCD_EP_Flush
                0x00000000080022f0       0x5a ./Drivers/STM32F1xx_HAL_Driver/Src/stm32f1xx_hal_pcd.o
                0x00000000080022f0                HAL_PCD_EP_Flush
 .text.PCD_EP_ISR_Handler
                0x000000000800234a      0x7a0 ./Drivers/STM32F1xx_HAL_Driver/Src/stm32f1xx_hal_pcd.o
 .text.HAL_PCD_EP_DB_Receive
                0x0000000008002aea      0x21a ./Drivers/STM32F1xx_HAL_Driver/Src/stm32f1xx_hal_pcd.o
 .text.HAL_PCD_EP_DB_Transmit
                0x0000000008002d04      0x7f4 ./Drivers/STM32F1xx_HAL_Driver/Src/stm32f1xx_hal_pcd.o
 .text.HAL_PCDEx_PMAConfig
                0x00000000080034f8       0x84 ./Drivers/STM32F1xx_HAL_Driver/Src/stm32f1xx_hal_pcd_ex.o
                0x00000000080034f8                HAL_PCDEx_PMAConfig
 .text.HAL_RCC_OscConfig
                0x000000000800357c      0x500 ./Drivers/STM32F1xx_HAL_Driver/Src/stm32f1xx_hal_rcc.o
                0x000000000800357c                HAL_RCC_OscConfig
 .text.HAL_RCC_ClockConfig
                0x0000000008003a7c      0x1d4 ./Drivers/STM32F1xx_HAL_Driver/Src/stm32f1xx_hal_rcc.o
                0x0000000008003a7c                HAL_RCC_ClockConfig
 .text.HAL_RCC_GetSysClockFreq
                0x0000000008003c50       0xa8 ./Drivers/STM32F1xx_HAL_Driver/Src/stm32f1xx_hal_rcc.o
                0x0000000008003c50                HAL_RCC_GetSysClockFreq
 .text.HAL_RCC_GetHCLKFreq
                0x0000000008003cf8       0x14 ./Drivers/STM32F1xx_HAL_Driver/Src/stm32f1xx_hal_rcc.o
                0x0000000008003cf8                HAL_RCC_GetHCLKFreq
 .text.HAL_RCC_GetPCLK1Freq
                0x0000000008003d0c       0x28 ./Drivers/STM32F1xx_HAL_Driver/Src/stm32f1xx_hal_rcc.o
                0x0000000008003d0c                HAL_RCC_GetPCLK1Freq
 .text.HAL_RCC_GetPCLK2Freq
                0x0000000008003d34       0x28 ./Drivers/STM32F1xx_HAL_Driver/Src/stm32f1xx_hal_rcc.o
                0x0000000008003d34                HAL_RCC_GetPCLK2Freq
 .text.RCC_Delay
                0x0000000008003d5c       0x3c ./Drivers/STM32F1xx_HAL_Driver/Src/stm32f1xx_hal_rcc.o
 .text.HAL_RCCEx_PeriphCLKConfig
                0x0000000008003d98      0x16c ./Drivers/STM32F1xx_HAL_Driver/Src/stm32f1xx_hal_rcc_ex.o
                0x0000000008003d98                HAL_RCCEx_PeriphCLKConfig
 .text.HAL_SPI_Init
                0x0000000008003f04      0x108 ./Drivers/STM32F1xx_HAL_Driver/Src/stm32f1xx_hal_spi.o
                0x0000000008003f04                HAL_SPI_Init
 .text.HAL_SPI_DeInit
                0x000000000800400c       0x50 ./Drivers/STM32F1xx_HAL_Driver/Src/stm32f1xx_hal_spi.o
                0x000000000800400c                HAL_SPI_DeInit
 .text.HAL_SPI_Transmit
                0x000000000800405c      0x288 ./Drivers/STM32F1xx_HAL_Driver/Src/stm32f1xx_hal_spi.o
                0x000000000800405c                HAL_SPI_Transmit
 .text.HAL_SPI_TransmitReceive
                0x00000000080042e4      0x352 ./Drivers/STM32F1xx_HAL_Driver/Src/stm32f1xx_hal_spi.o
                0x00000000080042e4                HAL_SPI_TransmitReceive
 *fill*         0x0000000008004636        0x2 
 .text.SPI_WaitFlagStateUntilTimeout
                0x0000000008004638      0x110 ./Drivers/STM32F1xx_HAL_Driver/Src/stm32f1xx_hal_spi.o
 .text.SPI_EndRxTxTransaction
                0x0000000008004748       0x62 ./Drivers/STM32F1xx_HAL_Driver/Src/stm32f1xx_hal_spi.o
 .text.HAL_TIM_Base_Init
                0x00000000080047aa       0x9e ./Drivers/STM32F1xx_HAL_Driver/Src/stm32f1xx_hal_tim.o
                0x00000000080047aa                HAL_TIM_Base_Init
 .text.HAL_TIM_Encoder_Init
                0x0000000008004848      0x144 ./Drivers/STM32F1xx_HAL_Driver/Src/stm32f1xx_hal_tim.o
                0x0000000008004848                HAL_TIM_Encoder_Init
 .text.HAL_TIM_IRQHandler
                0x000000000800498c      0x1e0 ./Drivers/STM32F1xx_HAL_Driver/Src/stm32f1xx_hal_tim.o
                0x000000000800498c                HAL_TIM_IRQHandler
 .text.HAL_TIM_ConfigClockSource
                0x0000000008004b6c      0x18e ./Drivers/STM32F1xx_HAL_Driver/Src/stm32f1xx_hal_tim.o
                0x0000000008004b6c                HAL_TIM_ConfigClockSource
 .text.HAL_TIM_PeriodElapsedCallback
                0x0000000008004cfa       0x12 ./Drivers/STM32F1xx_HAL_Driver/Src/stm32f1xx_hal_tim.o
                0x0000000008004cfa                HAL_TIM_PeriodElapsedCallback
 .text.HAL_TIM_OC_DelayElapsedCallback
                0x0000000008004d0c       0x12 ./Drivers/STM32F1xx_HAL_Driver/Src/stm32f1xx_hal_tim.o
                0x0000000008004d0c                HAL_TIM_OC_DelayElapsedCallback
 .text.HAL_TIM_IC_CaptureCallback
                0x0000000008004d1e       0x12 ./Drivers/STM32F1xx_HAL_Driver/Src/stm32f1xx_hal_tim.o
                0x0000000008004d1e                HAL_TIM_IC_CaptureCallback
 .text.HAL_TIM_PWM_PulseFinishedCallback
                0x0000000008004d30       0x12 ./Drivers/STM32F1xx_HAL_Driver/Src/stm32f1xx_hal_tim.o
                0x0000000008004d30                HAL_TIM_PWM_PulseFinishedCallback
 .text.HAL_TIM_TriggerCallback
                0x0000000008004d42       0x12 ./Drivers/STM32F1xx_HAL_Driver/Src/stm32f1xx_hal_tim.o
                0x0000000008004d42                HAL_TIM_TriggerCallback
 .text.TIM_Base_SetConfig
                0x0000000008004d54       0xdc ./Drivers/STM32F1xx_HAL_Driver/Src/stm32f1xx_hal_tim.o
                0x0000000008004d54                TIM_Base_SetConfig
 .text.TIM_TI1_ConfigInputStage
                0x0000000008004e30       0x5c ./Drivers/STM32F1xx_HAL_Driver/Src/stm32f1xx_hal_tim.o
 .text.TIM_TI2_ConfigInputStage
                0x0000000008004e8c       0x5e ./Drivers/STM32F1xx_HAL_Driver/Src/stm32f1xx_hal_tim.o
 .text.TIM_ITRx_SetConfig
                0x0000000008004eea       0x34 ./Drivers/STM32F1xx_HAL_Driver/Src/stm32f1xx_hal_tim.o
 .text.TIM_ETR_SetConfig
                0x0000000008004f1e       0x3e ./Drivers/STM32F1xx_HAL_Driver/Src/stm32f1xx_hal_tim.o
                0x0000000008004f1e                TIM_ETR_SetConfig
 .text.HAL_TIMEx_MasterConfigSynchronization
                0x0000000008004f5c       0xbc ./Drivers/STM32F1xx_HAL_Driver/Src/stm32f1xx_hal_tim_ex.o
                0x0000000008004f5c                HAL_TIMEx_MasterConfigSynchronization
 .text.HAL_TIMEx_CommutCallback
                0x0000000008005018       0x12 ./Drivers/STM32F1xx_HAL_Driver/Src/stm32f1xx_hal_tim_ex.o
                0x0000000008005018                HAL_TIMEx_CommutCallback
 .text.HAL_TIMEx_BreakCallback
                0x000000000800502a       0x12 ./Drivers/STM32F1xx_HAL_Driver/Src/stm32f1xx_hal_tim_ex.o
                0x000000000800502a                HAL_TIMEx_BreakCallback
 .text.HAL_UART_Init
                0x000000000800503c       0xa0 ./Drivers/STM32F1xx_HAL_Driver/Src/stm32f1xx_hal_uart.o
                0x000000000800503c                HAL_UART_Init
 .text.HAL_UART_Transmit
                0x00000000080050dc      0x116 ./Drivers/STM32F1xx_HAL_Driver/Src/stm32f1xx_hal_uart.o
                0x00000000080050dc                HAL_UART_Transmit
 .text.UART_WaitOnFlagUntilTimeout
                0x00000000080051f2       0xb2 ./Drivers/STM32F1xx_HAL_Driver/Src/stm32f1xx_hal_uart.o
 .text.UART_EndRxTransfer
                0x00000000080052a4       0xc4 ./Drivers/STM32F1xx_HAL_Driver/Src/stm32f1xx_hal_uart.o
 .text.UART_SetConfig
                0x0000000008005368      0x11c ./Drivers/STM32F1xx_HAL_Driver/Src/stm32f1xx_hal_uart.o
 .text.USB_CoreInit
                0x0000000008005484       0x1a ./Drivers/STM32F1xx_HAL_Driver/Src/stm32f1xx_ll_usb.o
                0x0000000008005484                USB_CoreInit
 .text.USB_EnableGlobalInt
                0x000000000800549e       0x2c ./Drivers/STM32F1xx_HAL_Driver/Src/stm32f1xx_ll_usb.o
                0x000000000800549e                USB_EnableGlobalInt
 .text.USB_DisableGlobalInt
                0x00000000080054ca       0x34 ./Drivers/STM32F1xx_HAL_Driver/Src/stm32f1xx_ll_usb.o
                0x00000000080054ca                USB_DisableGlobalInt
 .text.USB_SetCurrentMode
                0x00000000080054fe       0x18 ./Drivers/STM32F1xx_HAL_Driver/Src/stm32f1xx_ll_usb.o
                0x00000000080054fe                USB_SetCurrentMode
 .text.USB_DevInit
                0x0000000008005516       0x3a ./Drivers/STM32F1xx_HAL_Driver/Src/stm32f1xx_ll_usb.o
                0x0000000008005516                USB_DevInit
 .text.USB_FlushTxFifo
                0x0000000008005550       0x16 ./Drivers/STM32F1xx_HAL_Driver/Src/stm32f1xx_ll_usb.o
                0x0000000008005550                USB_FlushTxFifo
 .text.USB_FlushRxFifo
                0x0000000008005566       0x14 ./Drivers/STM32F1xx_HAL_Driver/Src/stm32f1xx_ll_usb.o
                0x0000000008005566                USB_FlushRxFifo
 *fill*         0x000000000800557a        0x2 
 .text.USB_ActivateEndpoint
                0x000000000800557c      0x780 ./Drivers/STM32F1xx_HAL_Driver/Src/stm32f1xx_ll_usb.o
                0x000000000800557c                USB_ActivateEndpoint
 .text.USB_DeactivateEndpoint
                0x0000000008005cfc      0x3d8 ./Drivers/STM32F1xx_HAL_Driver/Src/stm32f1xx_ll_usb.o
                0x0000000008005cfc                USB_DeactivateEndpoint
 .text.USB_EPStartXfer
                0x00000000080060d4     0x1298 ./Drivers/STM32F1xx_HAL_Driver/Src/stm32f1xx_ll_usb.o
                0x00000000080060d4                USB_EPStartXfer
 .text.USB_EPSetStall
                0x000000000800736c       0xa0 ./Drivers/STM32F1xx_HAL_Driver/Src/stm32f1xx_ll_usb.o
                0x000000000800736c                USB_EPSetStall
 .text.USB_EPClearStall
                0x000000000800740c      0x15a ./Drivers/STM32F1xx_HAL_Driver/Src/stm32f1xx_ll_usb.o
                0x000000000800740c                USB_EPClearStall
 .text.USB_SetDevAddress
                0x0000000008007566       0x26 ./Drivers/STM32F1xx_HAL_Driver/Src/stm32f1xx_ll_usb.o
                0x0000000008007566                USB_SetDevAddress
 .text.USB_DevConnect
                0x000000000800758c       0x14 ./Drivers/STM32F1xx_HAL_Driver/Src/stm32f1xx_ll_usb.o
                0x000000000800758c                USB_DevConnect
 .text.USB_DevDisconnect
                0x00000000080075a0       0x14 ./Drivers/STM32F1xx_HAL_Driver/Src/stm32f1xx_ll_usb.o
                0x00000000080075a0                USB_DevDisconnect
 .text.USB_ReadInterrupts
                0x00000000080075b4       0x1e ./Drivers/STM32F1xx_HAL_Driver/Src/stm32f1xx_ll_usb.o
                0x00000000080075b4                USB_ReadInterrupts
 .text.USB_EP0_OutStart
                0x00000000080075d2       0x16 ./Drivers/STM32F1xx_HAL_Driver/Src/stm32f1xx_ll_usb.o
                0x00000000080075d2                USB_EP0_OutStart
 .text.USB_WritePMA
                0x00000000080075e8       0x8a ./Drivers/STM32F1xx_HAL_Driver/Src/stm32f1xx_ll_usb.o
                0x00000000080075e8                USB_WritePMA
 .text.USB_ReadPMA
                0x0000000008007672       0x9e ./Drivers/STM32F1xx_HAL_Driver/Src/stm32f1xx_ll_usb.o
                0x0000000008007672                USB_ReadPMA
 .text.MX_FATFS_Init
                0x0000000008007710       0x24 ./FATFS/App/fatfs.o
                0x0000000008007710                MX_FATFS_Init
 .text.get_fattime
                0x0000000008007734        0xe ./FATFS/App/fatfs.o
                0x0000000008007734                get_fattime
 .text.USER_initialize
                0x0000000008007742       0x1c ./FATFS/Target/user_diskio.o
                0x0000000008007742                USER_initialize
 .text.USER_status
                0x000000000800775e       0x1c ./FATFS/Target/user_diskio.o
                0x000000000800775e                USER_status
 .text.USER_read
                0x000000000800777a       0x26 ./FATFS/Target/user_diskio.o
                0x000000000800777a                USER_read
 .text.USER_write
                0x00000000080077a0       0x26 ./FATFS/Target/user_diskio.o
                0x00000000080077a0                USER_write
 .text.USER_ioctl
                0x00000000080077c6       0x26 ./FATFS/Target/user_diskio.o
                0x00000000080077c6                USER_ioctl
 .text.SPI_Timer_On
                0x00000000080077ec       0x28 ./FATFS/Target/user_diskio_spi.o
                0x00000000080077ec                SPI_Timer_On
 .text.SPI_Timer_Status
                0x0000000008007814       0x2c ./FATFS/Target/user_diskio_spi.o
                0x0000000008007814                SPI_Timer_Status
 .text.xchg_spi
                0x0000000008007840       0x2c ./FATFS/Target/user_diskio_spi.o
 .text.rcvr_spi_multi
                0x000000000800786c       0x38 ./FATFS/Target/user_diskio_spi.o
 .text.xmit_spi_multi
                0x00000000080078a4       0x28 ./FATFS/Target/user_diskio_spi.o
 .text.wait_ready
                0x00000000080078cc       0x46 ./FATFS/Target/user_diskio_spi.o
 *fill*         0x0000000008007912        0x2 
 .text.despiselect
                0x0000000008007914       0x1c ./FATFS/Target/user_diskio_spi.o
 .text.spiselect
                0x0000000008007930       0x34 ./FATFS/Target/user_diskio_spi.o
 .text.rcvr_datablock
                0x0000000008007964       0x52 ./FATFS/Target/user_diskio_spi.o
 .text.xmit_datablock
                0x00000000080079b6       0x64 ./FATFS/Target/user_diskio_spi.o
 .text.send_cmd
                0x0000000008007a1a       0xde ./FATFS/Target/user_diskio_spi.o
 .text.USER_SPI_initialize
                0x0000000008007af8      0x1d4 ./FATFS/Target/user_diskio_spi.o
                0x0000000008007af8                USER_SPI_initialize
 .text.USER_SPI_status
                0x0000000008007ccc       0x28 ./FATFS/Target/user_diskio_spi.o
                0x0000000008007ccc                USER_SPI_status
 .text.USER_SPI_read
                0x0000000008007cf4       0xcc ./FATFS/Target/user_diskio_spi.o
                0x0000000008007cf4                USER_SPI_read
 .text.USER_SPI_write
                0x0000000008007dc0       0xf8 ./FATFS/Target/user_diskio_spi.o
                0x0000000008007dc0                USER_SPI_write
 .text.USER_SPI_ioctl
                0x0000000008007eb8      0x2e0 ./FATFS/Target/user_diskio_spi.o
                0x0000000008007eb8                USER_SPI_ioctl
 .text.USBD_MSC_Init
                0x0000000008008198       0x94 ./Middlewares/ST/STM32_USB_Device_Library/Class/MSC/Src/usbd_msc.o
                0x0000000008008198                USBD_MSC_Init
 .text.USBD_MSC_DeInit
                0x000000000800822c       0x58 ./Middlewares/ST/STM32_USB_Device_Library/Class/MSC/Src/usbd_msc.o
                0x000000000800822c                USBD_MSC_DeInit
 .text.USBD_MSC_Setup
                0x0000000008008284      0x26c ./Middlewares/ST/STM32_USB_Device_Library/Class/MSC/Src/usbd_msc.o
                0x0000000008008284                USBD_MSC_Setup
 .text.USBD_MSC_DataIn
                0x00000000080084f0       0x20 ./Middlewares/ST/STM32_USB_Device_Library/Class/MSC/Src/usbd_msc.o
                0x00000000080084f0                USBD_MSC_DataIn
 .text.USBD_MSC_DataOut
                0x0000000008008510       0x20 ./Middlewares/ST/STM32_USB_Device_Library/Class/MSC/Src/usbd_msc.o
                0x0000000008008510                USBD_MSC_DataOut
 .text.USBD_MSC_GetHSCfgDesc
                0x0000000008008530       0x20 ./Middlewares/ST/STM32_USB_Device_Library/Class/MSC/Src/usbd_msc.o
                0x0000000008008530                USBD_MSC_GetHSCfgDesc
 .text.USBD_MSC_GetFSCfgDesc
                0x0000000008008550       0x20 ./Middlewares/ST/STM32_USB_Device_Library/Class/MSC/Src/usbd_msc.o
                0x0000000008008550                USBD_MSC_GetFSCfgDesc
 .text.USBD_MSC_GetOtherSpeedCfgDesc
                0x0000000008008570       0x20 ./Middlewares/ST/STM32_USB_Device_Library/Class/MSC/Src/usbd_msc.o
                0x0000000008008570                USBD_MSC_GetOtherSpeedCfgDesc
 .text.USBD_MSC_GetDeviceQualifierDescriptor
                0x0000000008008590       0x20 ./Middlewares/ST/STM32_USB_Device_Library/Class/MSC/Src/usbd_msc.o
                0x0000000008008590                USBD_MSC_GetDeviceQualifierDescriptor
 .text.USBD_MSC_RegisterStorage
                0x00000000080085b0       0x24 ./Middlewares/ST/STM32_USB_Device_Library/Class/MSC/Src/usbd_msc.o
                0x00000000080085b0                USBD_MSC_RegisterStorage
 .text.MSC_BOT_Init
                0x00000000080085d4       0x60 ./Middlewares/ST/STM32_USB_Device_Library/Class/MSC/Src/usbd_msc_bot.o
                0x00000000080085d4                MSC_BOT_Init
 .text.MSC_BOT_Reset
                0x0000000008008634       0x34 ./Middlewares/ST/STM32_USB_Device_Library/Class/MSC/Src/usbd_msc_bot.o
                0x0000000008008634                MSC_BOT_Reset
 .text.MSC_BOT_DeInit
                0x0000000008008668       0x20 ./Middlewares/ST/STM32_USB_Device_Library/Class/MSC/Src/usbd_msc_bot.o
                0x0000000008008668                MSC_BOT_DeInit
 .text.MSC_BOT_DataIn
                0x0000000008008688       0x64 ./Middlewares/ST/STM32_USB_Device_Library/Class/MSC/Src/usbd_msc_bot.o
                0x0000000008008688                MSC_BOT_DataIn
 .text.MSC_BOT_DataOut
                0x00000000080086ec       0x56 ./Middlewares/ST/STM32_USB_Device_Library/Class/MSC/Src/usbd_msc_bot.o
                0x00000000080086ec                MSC_BOT_DataOut
 *fill*         0x0000000008008742        0x2 
 .text.MSC_BOT_CBW_Decode
                0x0000000008008744      0x10c ./Middlewares/ST/STM32_USB_Device_Library/Class/MSC/Src/usbd_msc_bot.o
 .text.MSC_BOT_SendData
                0x0000000008008850       0x62 ./Middlewares/ST/STM32_USB_Device_Library/Class/MSC/Src/usbd_msc_bot.o
 *fill*         0x00000000080088b2        0x2 
 .text.MSC_BOT_SendCSW
                0x00000000080088b4       0x58 ./Middlewares/ST/STM32_USB_Device_Library/Class/MSC/Src/usbd_msc_bot.o
                0x00000000080088b4                MSC_BOT_SendCSW
 .text.MSC_BOT_Abort
                0x000000000800890c       0x5c ./Middlewares/ST/STM32_USB_Device_Library/Class/MSC/Src/usbd_msc_bot.o
 .text.MSC_BOT_CplClrFeature
                0x0000000008008968       0x4e ./Middlewares/ST/STM32_USB_Device_Library/Class/MSC/Src/usbd_msc_bot.o
                0x0000000008008968                MSC_BOT_CplClrFeature
 *fill*         0x00000000080089b6        0x2 
 .text.SCSI_ProcessCmd
                0x00000000080089b8      0x250 ./Middlewares/ST/STM32_USB_Device_Library/Class/MSC/Src/usbd_msc_scsi.o
                0x00000000080089b8                SCSI_ProcessCmd
 .text.SCSI_TestUnitReady
                0x0000000008008c08       0x72 ./Middlewares/ST/STM32_USB_Device_Library/Class/MSC/Src/usbd_msc_scsi.o
 *fill*         0x0000000008008c7a        0x2 
 .text.SCSI_Inquiry
                0x0000000008008c7c       0xbc ./Middlewares/ST/STM32_USB_Device_Library/Class/MSC/Src/usbd_msc_scsi.o
 .text.SCSI_ReadCapacity10
                0x0000000008008d38       0xce ./Middlewares/ST/STM32_USB_Device_Library/Class/MSC/Src/usbd_msc_scsi.o
 .text.SCSI_ReadFormatCapacity
                0x0000000008008e06       0xc8 ./Middlewares/ST/STM32_USB_Device_Library/Class/MSC/Src/usbd_msc_scsi.o
 *fill*         0x0000000008008ece        0x2 
 .text.SCSI_ModeSense6
                0x0000000008008ed0       0x50 ./Middlewares/ST/STM32_USB_Device_Library/Class/MSC/Src/usbd_msc_scsi.o
 .text.SCSI_ModeSense10
                0x0000000008008f20       0x50 ./Middlewares/ST/STM32_USB_Device_Library/Class/MSC/Src/usbd_msc_scsi.o
 .text.SCSI_RequestSense
                0x0000000008008f70       0xd4 ./Middlewares/ST/STM32_USB_Device_Library/Class/MSC/Src/usbd_msc_scsi.o
 .text.SCSI_SenseCode
                0x0000000008009044       0x72 ./Middlewares/ST/STM32_USB_Device_Library/Class/MSC/Src/usbd_msc_scsi.o
                0x0000000008009044                SCSI_SenseCode
 .text.SCSI_StartStopUnit
                0x00000000080090b6       0x28 ./Middlewares/ST/STM32_USB_Device_Library/Class/MSC/Src/usbd_msc_scsi.o
 .text.SCSI_Read10
                0x00000000080090de      0x118 ./Middlewares/ST/STM32_USB_Device_Library/Class/MSC/Src/usbd_msc_scsi.o
 .text.SCSI_Write10
                0x00000000080091f6      0x160 ./Middlewares/ST/STM32_USB_Device_Library/Class/MSC/Src/usbd_msc_scsi.o
 .text.SCSI_Verify10
                0x0000000008009356       0x66 ./Middlewares/ST/STM32_USB_Device_Library/Class/MSC/Src/usbd_msc_scsi.o
 .text.SCSI_CheckAddressRange
                0x00000000080093bc       0x44 ./Middlewares/ST/STM32_USB_Device_Library/Class/MSC/Src/usbd_msc_scsi.o
 .text.SCSI_ProcessRead
                0x0000000008009400       0xe8 ./Middlewares/ST/STM32_USB_Device_Library/Class/MSC/Src/usbd_msc_scsi.o
 .text.SCSI_ProcessWrite
                0x00000000080094e8      0x108 ./Middlewares/ST/STM32_USB_Device_Library/Class/MSC/Src/usbd_msc_scsi.o
 .text.USBD_Init
                0x00000000080095f0       0x56 ./Middlewares/ST/STM32_USB_Device_Library/Core/Src/usbd_core.o
                0x00000000080095f0                USBD_Init
 .text.USBD_RegisterClass
                0x0000000008009646       0x32 ./Middlewares/ST/STM32_USB_Device_Library/Core/Src/usbd_core.o
                0x0000000008009646                USBD_RegisterClass
 .text.USBD_Start
                0x0000000008009678       0x18 ./Middlewares/ST/STM32_USB_Device_Library/Core/Src/usbd_core.o
                0x0000000008009678                USBD_Start
 .text.USBD_RunTestMode
                0x0000000008009690       0x14 ./Middlewares/ST/STM32_USB_Device_Library/Core/Src/usbd_core.o
                0x0000000008009690                USBD_RunTestMode
 .text.USBD_SetClassConfig
                0x00000000080096a4       0x3e ./Middlewares/ST/STM32_USB_Device_Library/Core/Src/usbd_core.o
                0x00000000080096a4                USBD_SetClassConfig
 .text.USBD_ClrClassConfig
                0x00000000080096e2       0x26 ./Middlewares/ST/STM32_USB_Device_Library/Core/Src/usbd_core.o
                0x00000000080096e2                USBD_ClrClassConfig
 .text.USBD_LL_SetupStage
                0x0000000008009708       0x9a ./Middlewares/ST/STM32_USB_Device_Library/Core/Src/usbd_core.o
                0x0000000008009708                USBD_LL_SetupStage
 .text.USBD_LL_DataOutStage
                0x00000000080097a2       0xe2 ./Middlewares/ST/STM32_USB_Device_Library/Core/Src/usbd_core.o
                0x00000000080097a2                USBD_LL_DataOutStage
 .text.USBD_LL_DataInStage
                0x0000000008009884      0x14a ./Middlewares/ST/STM32_USB_Device_Library/Core/Src/usbd_core.o
                0x0000000008009884                USBD_LL_DataInStage
 .text.USBD_LL_Reset
                0x00000000080099ce       0x82 ./Middlewares/ST/STM32_USB_Device_Library/Core/Src/usbd_core.o
                0x00000000080099ce                USBD_LL_Reset
 .text.USBD_LL_SetSpeed
                0x0000000008009a50       0x1e ./Middlewares/ST/STM32_USB_Device_Library/Core/Src/usbd_core.o
                0x0000000008009a50                USBD_LL_SetSpeed
 .text.USBD_LL_Suspend
                0x0000000008009a6e       0x28 ./Middlewares/ST/STM32_USB_Device_Library/Core/Src/usbd_core.o
                0x0000000008009a6e                USBD_LL_Suspend
 .text.USBD_LL_Resume
                0x0000000008009a96       0x2a ./Middlewares/ST/STM32_USB_Device_Library/Core/Src/usbd_core.o
                0x0000000008009a96                USBD_LL_Resume
 .text.USBD_LL_SOF
                0x0000000008009ac0       0x34 ./Middlewares/ST/STM32_USB_Device_Library/Core/Src/usbd_core.o
                0x0000000008009ac0                USBD_LL_SOF
 .text.USBD_StdDevReq
                0x0000000008009af4       0xd4 ./Middlewares/ST/STM32_USB_Device_Library/Core/Src/usbd_ctlreq.o
                0x0000000008009af4                USBD_StdDevReq
 .text.USBD_StdItfReq
                0x0000000008009bc8       0x90 ./Middlewares/ST/STM32_USB_Device_Library/Core/Src/usbd_ctlreq.o
                0x0000000008009bc8                USBD_StdItfReq
 .text.USBD_StdEPReq
                0x0000000008009c58      0x2c6 ./Middlewares/ST/STM32_USB_Device_Library/Core/Src/usbd_ctlreq.o
                0x0000000008009c58                USBD_StdEPReq
 *fill*         0x0000000008009f1e        0x2 
 .text.USBD_GetDescriptor
                0x0000000008009f20      0x2d0 ./Middlewares/ST/STM32_USB_Device_Library/Core/Src/usbd_ctlreq.o
 .text.USBD_SetAddress
                0x000000000800a1f0       0x86 ./Middlewares/ST/STM32_USB_Device_Library/Core/Src/usbd_ctlreq.o
 *fill*         0x000000000800a276        0x2 
 .text.USBD_SetConfig
                0x000000000800a278      0x11c ./Middlewares/ST/STM32_USB_Device_Library/Core/Src/usbd_ctlreq.o
 .text.USBD_GetConfig
                0x000000000800a394       0x6a ./Middlewares/ST/STM32_USB_Device_Library/Core/Src/usbd_ctlreq.o
 .text.USBD_GetStatus
                0x000000000800a3fe       0x66 ./Middlewares/ST/STM32_USB_Device_Library/Core/Src/usbd_ctlreq.o
 .text.USBD_SetFeature
                0x000000000800a464       0x28 ./Middlewares/ST/STM32_USB_Device_Library/Core/Src/usbd_ctlreq.o
 .text.USBD_ClrFeature
                0x000000000800a48c       0x42 ./Middlewares/ST/STM32_USB_Device_Library/Core/Src/usbd_ctlreq.o
 .text.USBD_ParseSetupRequest
                0x000000000800a4ce       0x78 ./Middlewares/ST/STM32_USB_Device_Library/Core/Src/usbd_ctlreq.o
                0x000000000800a4ce                USBD_ParseSetupRequest
 .text.USBD_CtlError
                0x000000000800a546       0x22 ./Middlewares/ST/STM32_USB_Device_Library/Core/Src/usbd_ctlreq.o
                0x000000000800a546                USBD_CtlError
 .text.USBD_GetString
                0x000000000800a568       0x84 ./Middlewares/ST/STM32_USB_Device_Library/Core/Src/usbd_ctlreq.o
                0x000000000800a568                USBD_GetString
 .text.USBD_GetLen
                0x000000000800a5ec       0x2e ./Middlewares/ST/STM32_USB_Device_Library/Core/Src/usbd_ctlreq.o
 .text.USBD_CtlSendData
                0x000000000800a61a       0x38 ./Middlewares/ST/STM32_USB_Device_Library/Core/Src/usbd_ioreq.o
                0x000000000800a61a                USBD_CtlSendData
 .text.USBD_CtlContinueSendData
                0x000000000800a652       0x24 ./Middlewares/ST/STM32_USB_Device_Library/Core/Src/usbd_ioreq.o
                0x000000000800a652                USBD_CtlContinueSendData
 .text.USBD_CtlContinueRx
                0x000000000800a676       0x24 ./Middlewares/ST/STM32_USB_Device_Library/Core/Src/usbd_ioreq.o
                0x000000000800a676                USBD_CtlContinueRx
 .text.USBD_CtlSendStatus
                0x000000000800a69a       0x26 ./Middlewares/ST/STM32_USB_Device_Library/Core/Src/usbd_ioreq.o
                0x000000000800a69a                USBD_CtlSendStatus
 .text.USBD_CtlReceiveStatus
                0x000000000800a6c0       0x26 ./Middlewares/ST/STM32_USB_Device_Library/Core/Src/usbd_ioreq.o
                0x000000000800a6c0                USBD_CtlReceiveStatus
 *fill*         0x000000000800a6e6        0x2 
 .text.disk_status
                0x000000000800a6e8       0x34 ./Middlewares/Third_Party/FatFs/src/diskio.o
                0x000000000800a6e8                disk_status
 .text.disk_initialize
                0x000000000800a71c       0x4c ./Middlewares/Third_Party/FatFs/src/diskio.o
                0x000000000800a71c                disk_initialize
 .text.disk_read
                0x000000000800a768       0x40 ./Middlewares/Third_Party/FatFs/src/diskio.o
                0x000000000800a768                disk_read
 .text.disk_write
                0x000000000800a7a8       0x40 ./Middlewares/Third_Party/FatFs/src/diskio.o
                0x000000000800a7a8                disk_write
 .text.mem_cpy  0x000000000800a7e8       0x3c ./Middlewares/Third_Party/FatFs/src/ff.o
 .text.mem_set  0x000000000800a824       0x34 ./Middlewares/Third_Party/FatFs/src/ff.o
 .text.mem_cmp  0x000000000800a858       0x4c ./Middlewares/Third_Party/FatFs/src/ff.o
 .text.chk_chr  0x000000000800a8a4       0x34 ./Middlewares/Third_Party/FatFs/src/ff.o
 .text.chk_lock
                0x000000000800a8d8       0xd8 ./Middlewares/Third_Party/FatFs/src/ff.o
 .text.enq_lock
                0x000000000800a9b0       0x48 ./Middlewares/Third_Party/FatFs/src/ff.o
 .text.inc_lock
                0x000000000800a9f8      0x16c ./Middlewares/Third_Party/FatFs/src/ff.o
 .text.clear_lock
                0x000000000800ab64       0x54 ./Middlewares/Third_Party/FatFs/src/ff.o
 .text.sync_window
                0x000000000800abb8       0x92 ./Middlewares/Third_Party/FatFs/src/ff.o
 .text.move_window
                0x000000000800ac4a       0x5c ./Middlewares/Third_Party/FatFs/src/ff.o
 .text.clust2sect
                0x000000000800aca6       0x42 ./Middlewares/Third_Party/FatFs/src/ff.o
                0x000000000800aca6                clust2sect
 .text.get_fat  0x000000000800ace8      0x174 ./Middlewares/Third_Party/FatFs/src/ff.o
                0x000000000800ace8                get_fat
 .text.put_fat  0x000000000800ae5c      0x21c ./Middlewares/Third_Party/FatFs/src/ff.o
                0x000000000800ae5c                put_fat
 .text.remove_chain
                0x000000000800b078       0xb4 ./Middlewares/Third_Party/FatFs/src/ff.o
 .text.create_chain
                0x000000000800b12c      0x13a ./Middlewares/Third_Party/FatFs/src/ff.o
 .text.clmt_clust
                0x000000000800b266       0x68 ./Middlewares/Third_Party/FatFs/src/ff.o
 .text.dir_sdi  0x000000000800b2ce      0x128 ./Middlewares/Third_Party/FatFs/src/ff.o
 .text.dir_next
                0x000000000800b3f6      0x1ee ./Middlewares/Third_Party/FatFs/src/ff.o
 .text.dir_alloc
                0x000000000800b5e4       0x94 ./Middlewares/Third_Party/FatFs/src/ff.o
 .text.ld_clust
                0x000000000800b678       0x5a ./Middlewares/Third_Party/FatFs/src/ff.o
 .text.st_clust
                0x000000000800b6d2       0x4c ./Middlewares/Third_Party/FatFs/src/ff.o
 .text.dir_find
                0x000000000800b71e       0x9e ./Middlewares/Third_Party/FatFs/src/ff.o
 .text.dir_register
                0x000000000800b7bc       0x72 ./Middlewares/Third_Party/FatFs/src/ff.o
 *fill*         0x000000000800b82e        0x2 
 .text.create_name
                0x000000000800b830      0x180 ./Middlewares/Third_Party/FatFs/src/ff.o
 .text.follow_path
                0x000000000800b9b0       0xdc ./Middlewares/Third_Party/FatFs/src/ff.o
 .text.get_ldnumber
                0x000000000800ba8c       0x86 ./Middlewares/Third_Party/FatFs/src/ff.o
 *fill*         0x000000000800bb12        0x2 
 .text.check_fs
                0x000000000800bb14       0xd4 ./Middlewares/Third_Party/FatFs/src/ff.o
 .text.find_volume
                0x000000000800bbe8      0x594 ./Middlewares/Third_Party/FatFs/src/ff.o
 .text.validate
                0x000000000800c17c       0x66 ./Middlewares/Third_Party/FatFs/src/ff.o
 .text.f_open   0x000000000800c1e2      0x416 ./Middlewares/Third_Party/FatFs/src/ff.o
                0x000000000800c1e2                f_open
 .text.f_read   0x000000000800c5f8      0x2d6 ./Middlewares/Third_Party/FatFs/src/ff.o
                0x000000000800c5f8                f_read
 .text.f_lseek  0x000000000800c8ce      0x4bc ./Middlewares/Third_Party/FatFs/src/ff.o
                0x000000000800c8ce                f_lseek
 *fill*         0x000000000800cd8a        0x2 
 .text.FATFS_LinkDriverEx
                0x000000000800cd8c       0x94 ./Middlewares/Third_Party/FatFs/src/ff_gen_drv.o
                0x000000000800cd8c                FATFS_LinkDriverEx
 .text.FATFS_LinkDriver
                0x000000000800ce20       0x1e ./Middlewares/Third_Party/FatFs/src/ff_gen_drv.o
                0x000000000800ce20                FATFS_LinkDriver
 *fill*         0x000000000800ce3e        0x2 
 .text.MX_USB_DEVICE_Init
                0x000000000800ce40       0x60 ./USB_DEVICE/App/usb_device.o
                0x000000000800ce40                MX_USB_DEVICE_Init
 .text.USBD_FS_DeviceDescriptor
                0x000000000800cea0       0x24 ./USB_DEVICE/App/usbd_desc.o
                0x000000000800cea0                USBD_FS_DeviceDescriptor
 .text.USBD_FS_LangIDStrDescriptor
                0x000000000800cec4       0x24 ./USB_DEVICE/App/usbd_desc.o
                0x000000000800cec4                USBD_FS_LangIDStrDescriptor
 .text.USBD_FS_ProductStrDescriptor
                0x000000000800cee8       0x3c ./USB_DEVICE/App/usbd_desc.o
                0x000000000800cee8                USBD_FS_ProductStrDescriptor
 .text.USBD_FS_ManufacturerStrDescriptor
                0x000000000800cf24       0x28 ./USB_DEVICE/App/usbd_desc.o
                0x000000000800cf24                USBD_FS_ManufacturerStrDescriptor
 .text.USBD_FS_SerialStrDescriptor
                0x000000000800cf4c       0x24 ./USB_DEVICE/App/usbd_desc.o
                0x000000000800cf4c                USBD_FS_SerialStrDescriptor
 .text.USBD_FS_ConfigStrDescriptor
                0x000000000800cf70       0x3c ./USB_DEVICE/App/usbd_desc.o
                0x000000000800cf70                USBD_FS_ConfigStrDescriptor
 .text.USBD_FS_InterfaceStrDescriptor
                0x000000000800cfac       0x3c ./USB_DEVICE/App/usbd_desc.o
                0x000000000800cfac                USBD_FS_InterfaceStrDescriptor
 .text.Get_SerialNum
                0x000000000800cfe8       0x58 ./USB_DEVICE/App/usbd_desc.o
 .text.IntToUnicode
                0x000000000800d040       0x7c ./USB_DEVICE/App/usbd_desc.o
 .text.STORAGE_Init_FS
                0x000000000800d0bc       0x16 ./USB_DEVICE/App/usbd_storage_if.o
 .text.STORAGE_GetCapacity_FS
                0x000000000800d0d2       0x2a ./USB_DEVICE/App/usbd_storage_if.o
 .text.STORAGE_IsReady_FS
                0x000000000800d0fc       0x16 ./USB_DEVICE/App/usbd_storage_if.o
 .text.STORAGE_IsWriteProtected_FS
                0x000000000800d112       0x16 ./USB_DEVICE/App/usbd_storage_if.o
 .text.STORAGE_Read_FS
                0x000000000800d128       0x20 ./USB_DEVICE/App/usbd_storage_if.o
 .text.STORAGE_Write_FS
                0x000000000800d148       0x20 ./USB_DEVICE/App/usbd_storage_if.o
 .text.STORAGE_GetMaxLun_FS
                0x000000000800d168        0xe ./USB_DEVICE/App/usbd_storage_if.o
 *fill*         0x000000000800d176        0x2 
 .text.HAL_PCD_MspInit
                0x000000000800d178       0x4c ./USB_DEVICE/Target/usbd_conf.o
                0x000000000800d178                HAL_PCD_MspInit
 .text.HAL_PCD_SetupStageCallback
                0x000000000800d1c4       0x24 ./USB_DEVICE/Target/usbd_conf.o
                0x000000000800d1c4                HAL_PCD_SetupStageCallback
 .text.HAL_PCD_DataOutStageCallback
                0x000000000800d1e8       0x36 ./USB_DEVICE/Target/usbd_conf.o
                0x000000000800d1e8                HAL_PCD_DataOutStageCallback
 .text.HAL_PCD_DataInStageCallback
                0x000000000800d21e       0x34 ./USB_DEVICE/Target/usbd_conf.o
                0x000000000800d21e                HAL_PCD_DataInStageCallback
 .text.HAL_PCD_SOFCallback
                0x000000000800d252       0x1c ./USB_DEVICE/Target/usbd_conf.o
                0x000000000800d252                HAL_PCD_SOFCallback
 .text.HAL_PCD_ResetCallback
                0x000000000800d26e       0x3c ./USB_DEVICE/Target/usbd_conf.o
                0x000000000800d26e                HAL_PCD_ResetCallback
 *fill*         0x000000000800d2aa        0x2 
 .text.HAL_PCD_SuspendCallback
                0x000000000800d2ac       0x34 ./USB_DEVICE/Target/usbd_conf.o
                0x000000000800d2ac                HAL_PCD_SuspendCallback
 .text.HAL_PCD_ResumeCallback
                0x000000000800d2e0       0x1c ./USB_DEVICE/Target/usbd_conf.o
                0x000000000800d2e0                HAL_PCD_ResumeCallback
 .text.USBD_LL_Init
                0x000000000800d2fc       0xa0 ./USB_DEVICE/Target/usbd_conf.o
                0x000000000800d2fc                USBD_LL_Init
 .text.USBD_LL_Start
                0x000000000800d39c       0x36 ./USB_DEVICE/Target/usbd_conf.o
                0x000000000800d39c                USBD_LL_Start
 .text.USBD_LL_OpenEP
                0x000000000800d3d2       0x4c ./USB_DEVICE/Target/usbd_conf.o
                0x000000000800d3d2                USBD_LL_OpenEP
 .text.USBD_LL_CloseEP
                0x000000000800d41e       0x3e ./USB_DEVICE/Target/usbd_conf.o
                0x000000000800d41e                USBD_LL_CloseEP
 .text.USBD_LL_FlushEP
                0x000000000800d45c       0x3e ./USB_DEVICE/Target/usbd_conf.o
                0x000000000800d45c                USBD_LL_FlushEP
 .text.USBD_LL_StallEP
                0x000000000800d49a       0x3e ./USB_DEVICE/Target/usbd_conf.o
                0x000000000800d49a                USBD_LL_StallEP
 .text.USBD_LL_ClearStallEP
                0x000000000800d4d8       0x3e ./USB_DEVICE/Target/usbd_conf.o
                0x000000000800d4d8                USBD_LL_ClearStallEP
 .text.USBD_LL_IsStallEP
                0x000000000800d516       0x56 ./USB_DEVICE/Target/usbd_conf.o
                0x000000000800d516                USBD_LL_IsStallEP
 .text.USBD_LL_SetUSBAddress
                0x000000000800d56c       0x3e ./USB_DEVICE/Target/usbd_conf.o
                0x000000000800d56c                USBD_LL_SetUSBAddress
 .text.USBD_LL_Transmit
                0x000000000800d5aa       0x46 ./USB_DEVICE/Target/usbd_conf.o
                0x000000000800d5aa                USBD_LL_Transmit
 .text.USBD_LL_PrepareReceive
                0x000000000800d5f0       0x46 ./USB_DEVICE/Target/usbd_conf.o
                0x000000000800d5f0                USBD_LL_PrepareReceive
 .text.USBD_LL_GetRxDataSize
                0x000000000800d636       0x26 ./USB_DEVICE/Target/usbd_conf.o
                0x000000000800d636                USBD_LL_GetRxDataSize
 .text.USBD_static_malloc
                0x000000000800d65c       0x18 ./USB_DEVICE/Target/usbd_conf.o
                0x000000000800d65c                USBD_static_malloc
 .text.USBD_static_free
                0x000000000800d674       0x12 ./USB_DEVICE/Target/usbd_conf.o
                0x000000000800d674                USBD_static_free
 .text.HAL_PCDEx_SetConnectionState
                0x000000000800d686       0x16 ./USB_DEVICE/Target/usbd_conf.o
                0x000000000800d686                HAL_PCDEx_SetConnectionState
 .text.USBD_Get_USB_Status
                0x000000000800d69c       0x58 ./USB_DEVICE/Target/usbd_conf.o
 .text.spi_disable
                0x000000000800d6f4       0x94 ./lib/avr_programmer/AVR_Programmer.o
                0x000000000800d6f4                spi_disable
 .text.AVR_Programmer_Init
                0x000000000800d788       0x30 ./lib/avr_programmer/AVR_Programmer.o
                0x000000000800d788                AVR_Programmer_Init
 .text.init_btn
                0x000000000800d7b8       0xac ./lib/encoder/encBtn.o
                0x000000000800d7b8                init_btn
 .text.btnSetType
                0x000000000800d864       0x22 ./lib/encoder/encBtn.o
                0x000000000800d864                btnSetType
 .text.btnTick  0x000000000800d886      0x268 ./lib/encoder/encBtn.o
                0x000000000800d886                btnTick
 *fill*         0x000000000800daee        0x2 
 .text.openChipList
                0x000000000800daf0       0x4c ./lib/mcu/mcu.o
                0x000000000800daf0                openChipList
 .text.charToNum
                0x000000000800db3c       0x66 ./lib/mcu/mcu.o
                0x000000000800db3c                charToNum
 *fill*         0x000000000800dba2        0x2 
 .text.readChip
                0x000000000800dba4      0x100 ./lib/mcu/mcu.o
                0x000000000800dba4                readChip
 .text.__errno  0x000000000800dca4        0xc c:/st/stm32cubeide_1.7.0/stm32cubeide/plugins/com.st.stm32cube.ide.mcu.externaltools.gnu-tools-for-stm32.9-2020-q2-update.win32_2.0.0.202105311346/tools/bin/../lib/gcc/arm-none-eabi/9.3.1/../../../../arm-none-eabi/lib/thumb/v7-m/nofp\libc_nano.a(lib_a-errno.o)
                0x000000000800dca4                __errno
 .text.__libc_init_array
                0x000000000800dcb0       0x48 c:/st/stm32cubeide_1.7.0/stm32cubeide/plugins/com.st.stm32cube.ide.mcu.externaltools.gnu-tools-for-stm32.9-2020-q2-update.win32_2.0.0.202105311346/tools/bin/../lib/gcc/arm-none-eabi/9.3.1/../../../../arm-none-eabi/lib/thumb/v7-m/nofp\libc_nano.a(lib_a-init.o)
                0x000000000800dcb0                __libc_init_array
 .text.memcpy   0x000000000800dcf8       0x1c c:/st/stm32cubeide_1.7.0/stm32cubeide/plugins/com.st.stm32cube.ide.mcu.externaltools.gnu-tools-for-stm32.9-2020-q2-update.win32_2.0.0.202105311346/tools/bin/../lib/gcc/arm-none-eabi/9.3.1/../../../../arm-none-eabi/lib/thumb/v7-m/nofp\libc_nano.a(lib_a-memcpy-stub.o)
                0x000000000800dcf8                memcpy
 .text.memset   0x000000000800dd14       0x10 c:/st/stm32cubeide_1.7.0/stm32cubeide/plugins/com.st.stm32cube.ide.mcu.externaltools.gnu-tools-for-stm32.9-2020-q2-update.win32_2.0.0.202105311346/tools/bin/../lib/gcc/arm-none-eabi/9.3.1/../../../../arm-none-eabi/lib/thumb/v7-m/nofp\libc_nano.a(lib_a-memset.o)
                0x000000000800dd14                memset
 .text._vsnprintf_r
                0x000000000800dd24       0x58 c:/st/stm32cubeide_1.7.0/stm32cubeide/plugins/com.st.stm32cube.ide.mcu.externaltools.gnu-tools-for-stm32.9-2020-q2-update.win32_2.0.0.202105311346/tools/bin/../lib/gcc/arm-none-eabi/9.3.1/../../../../arm-none-eabi/lib/thumb/v7-m/nofp\libc_nano.a(lib_a-vsnprintf.o)
                0x000000000800dd24                _vsniprintf_r
                0x000000000800dd24                _vsnprintf_r
 .text.vsnprintf
                0x000000000800dd7c       0x1c c:/st/stm32cubeide_1.7.0/stm32cubeide/plugins/com.st.stm32cube.ide.mcu.externaltools.gnu-tools-for-stm32.9-2020-q2-update.win32_2.0.0.202105311346/tools/bin/../lib/gcc/arm-none-eabi/9.3.1/../../../../arm-none-eabi/lib/thumb/v7-m/nofp\libc_nano.a(lib_a-vsnprintf.o)
                0x000000000800dd7c                vsniprintf
                0x000000000800dd7c                vsnprintf
 .text.__ssputs_r
                0x000000000800dd98       0xb6 c:/st/stm32cubeide_1.7.0/stm32cubeide/plugins/com.st.stm32cube.ide.mcu.externaltools.gnu-tools-for-stm32.9-2020-q2-update.win32_2.0.0.202105311346/tools/bin/../lib/gcc/arm-none-eabi/9.3.1/../../../../arm-none-eabi/lib/thumb/v7-m/nofp\libc_nano.a(lib_a-nano-svfprintf.o)
                0x000000000800dd98                __ssputs_r
 *fill*         0x000000000800de4e        0x2 
 .text._svfprintf_r
                0x000000000800de50      0x200 c:/st/stm32cubeide_1.7.0/stm32cubeide/plugins/com.st.stm32cube.ide.mcu.externaltools.gnu-tools-for-stm32.9-2020-q2-update.win32_2.0.0.202105311346/tools/bin/../lib/gcc/arm-none-eabi/9.3.1/../../../../arm-none-eabi/lib/thumb/v7-m/nofp\libc_nano.a(lib_a-nano-svfprintf.o)
                0x000000000800de50                _svfiprintf_r
                0x000000000800de50                _svfprintf_r
 .text._printf_common
                0x000000000800e050       0xde c:/st/stm32cubeide_1.7.0/stm32cubeide/plugins/com.st.stm32cube.ide.mcu.externaltools.gnu-tools-for-stm32.9-2020-q2-update.win32_2.0.0.202105311346/tools/bin/../lib/gcc/arm-none-eabi/9.3.1/../../../../arm-none-eabi/lib/thumb/v7-m/nofp\libc_nano.a(lib_a-nano-vfprintf_i.o)
                0x000000000800e050                _printf_common
 *fill*         0x000000000800e12e        0x2 
 .text._printf_i
                0x000000000800e130      0x24c c:/st/stm32cubeide_1.7.0/stm32cubeide/plugins/com.st.stm32cube.ide.mcu.externaltools.gnu-tools-for-stm32.9-2020-q2-update.win32_2.0.0.202105311346/tools/bin/../lib/gcc/arm-none-eabi/9.3.1/../../../../arm-none-eabi/lib/thumb/v7-m/nofp\libc_nano.a(lib_a-nano-vfprintf_i.o)
                0x000000000800e130                _printf_i
 .text.memchr   0x000000000800e37c       0x1c c:/st/stm32cubeide_1.7.0/stm32cubeide/plugins/com.st.stm32cube.ide.mcu.externaltools.gnu-tools-for-stm32.9-2020-q2-update.win32_2.0.0.202105311346/tools/bin/../lib/gcc/arm-none-eabi/9.3.1/../../../../arm-none-eabi/lib/thumb/v7-m/nofp\libc_nano.a(lib_a-memchr-stub.o)
                0x000000000800e37c                memchr
 .text.memmove  0x000000000800e398       0x34 c:/st/stm32cubeide_1.7.0/stm32cubeide/plugins/com.st.stm32cube.ide.mcu.externaltools.gnu-tools-for-stm32.9-2020-q2-update.win32_2.0.0.202105311346/tools/bin/../lib/gcc/arm-none-eabi/9.3.1/../../../../arm-none-eabi/lib/thumb/v7-m/nofp\libc_nano.a(lib_a-memmove.o)
                0x000000000800e398                memmove
 .text._free_r  0x000000000800e3cc       0x98 c:/st/stm32cubeide_1.7.0/stm32cubeide/plugins/com.st.stm32cube.ide.mcu.externaltools.gnu-tools-for-stm32.9-2020-q2-update.win32_2.0.0.202105311346/tools/bin/../lib/gcc/arm-none-eabi/9.3.1/../../../../arm-none-eabi/lib/thumb/v7-m/nofp\libc_nano.a(lib_a-nano-freer.o)
                0x000000000800e3cc                _free_r
 .text._malloc_r
                0x000000000800e464       0xb4 c:/st/stm32cubeide_1.7.0/stm32cubeide/plugins/com.st.stm32cube.ide.mcu.externaltools.gnu-tools-for-stm32.9-2020-q2-update.win32_2.0.0.202105311346/tools/bin/../lib/gcc/arm-none-eabi/9.3.1/../../../../arm-none-eabi/lib/thumb/v7-m/nofp\libc_nano.a(lib_a-nano-mallocr.o)
                0x000000000800e464                _malloc_r
 .text._realloc_r
                0x000000000800e518       0x4c c:/st/stm32cubeide_1.7.0/stm32cubeide/plugins/com.st.stm32cube.ide.mcu.externaltools.gnu-tools-for-stm32.9-2020-q2-update.win32_2.0.0.202105311346/tools/bin/../lib/gcc/arm-none-eabi/9.3.1/../../../../arm-none-eabi/lib/thumb/v7-m/nofp\libc_nano.a(lib_a-nano-reallocr.o)
                0x000000000800e518                _realloc_r
 .text._sbrk_r  0x000000000800e564       0x20 c:/st/stm32cubeide_1.7.0/stm32cubeide/plugins/com.st.stm32cube.ide.mcu.externaltools.gnu-tools-for-stm32.9-2020-q2-update.win32_2.0.0.202105311346/tools/bin/../lib/gcc/arm-none-eabi/9.3.1/../../../../arm-none-eabi/lib/thumb/v7-m/nofp\libc_nano.a(lib_a-sbrkr.o)
                0x000000000800e564                _sbrk_r
 .text.__malloc_lock
                0x000000000800e584        0xc c:/st/stm32cubeide_1.7.0/stm32cubeide/plugins/com.st.stm32cube.ide.mcu.externaltools.gnu-tools-for-stm32.9-2020-q2-update.win32_2.0.0.202105311346/tools/bin/../lib/gcc/arm-none-eabi/9.3.1/../../../../arm-none-eabi/lib/thumb/v7-m/nofp\libc_nano.a(lib_a-mlock.o)
                0x000000000800e584                __malloc_lock
 .text.__malloc_unlock
                0x000000000800e590        0xc c:/st/stm32cubeide_1.7.0/stm32cubeide/plugins/com.st.stm32cube.ide.mcu.externaltools.gnu-tools-for-stm32.9-2020-q2-update.win32_2.0.0.202105311346/tools/bin/../lib/gcc/arm-none-eabi/9.3.1/../../../../arm-none-eabi/lib/thumb/v7-m/nofp\libc_nano.a(lib_a-mlock.o)
                0x000000000800e590                __malloc_unlock
 .text._malloc_usable_size_r
                0x000000000800e59c       0x10 c:/st/stm32cubeide_1.7.0/stm32cubeide/plugins/com.st.stm32cube.ide.mcu.externaltools.gnu-tools-for-stm32.9-2020-q2-update.win32_2.0.0.202105311346/tools/bin/../lib/gcc/arm-none-eabi/9.3.1/../../../../arm-none-eabi/lib/thumb/v7-m/nofp\libc_nano.a(lib_a-nano-msizer.o)
                0x000000000800e59c                _malloc_usable_size_r
 .text.__retarget_lock_acquire_recursive
                0x000000000800e5ac        0x2 c:/st/stm32cubeide_1.7.0/stm32cubeide/plugins/com.st.stm32cube.ide.mcu.externaltools.gnu-tools-for-stm32.9-2020-q2-update.win32_2.0.0.202105311346/tools/bin/../lib/gcc/arm-none-eabi/9.3.1/../../../../arm-none-eabi/lib/thumb/v7-m/nofp\libc_nano.a(lib_a-lock.o)
                0x000000000800e5ac                __retarget_lock_acquire_recursive
 .text.__retarget_lock_release_recursive
                0x000000000800e5ae        0x2 c:/st/stm32cubeide_1.7.0/stm32cubeide/plugins/com.st.stm32cube.ide.mcu.externaltools.gnu-tools-for-stm32.9-2020-q2-update.win32_2.0.0.202105311346/tools/bin/../lib/gcc/arm-none-eabi/9.3.1/../../../../arm-none-eabi/lib/thumb/v7-m/nofp\libc_nano.a(lib_a-lock.o)
                0x000000000800e5ae                __retarget_lock_release_recursive
 *(.glue_7)
 .glue_7        0x000000000800e5b0        0x0 linker stubs
 *(.glue_7t)
 .glue_7t       0x000000000800e5b0        0x0 linker stubs
 *(.eh_frame)
 .eh_frame      0x000000000800e5b0        0x0 c:/st/stm32cubeide_1.7.0/stm32cubeide/plugins/com.st.stm32cube.ide.mcu.externaltools.gnu-tools-for-stm32.9-2020-q2-update.win32_2.0.0.202105311346/tools/bin/../lib/gcc/arm-none-eabi/9.3.1/thumb/v7-m/nofp/crtbegin.o
 *(.init)
 .init          0x000000000800e5b0        0x4 c:/st/stm32cubeide_1.7.0/stm32cubeide/plugins/com.st.stm32cube.ide.mcu.externaltools.gnu-tools-for-stm32.9-2020-q2-update.win32_2.0.0.202105311346/tools/bin/../lib/gcc/arm-none-eabi/9.3.1/thumb/v7-m/nofp/crti.o
                0x000000000800e5b0                _init
 .init          0x000000000800e5b4        0x8 c:/st/stm32cubeide_1.7.0/stm32cubeide/plugins/com.st.stm32cube.ide.mcu.externaltools.gnu-tools-for-stm32.9-2020-q2-update.win32_2.0.0.202105311346/tools/bin/../lib/gcc/arm-none-eabi/9.3.1/thumb/v7-m/nofp/crtn.o
 *(.fini)
 .fini          0x000000000800e5bc        0x4 c:/st/stm32cubeide_1.7.0/stm32cubeide/plugins/com.st.stm32cube.ide.mcu.externaltools.gnu-tools-for-stm32.9-2020-q2-update.win32_2.0.0.202105311346/tools/bin/../lib/gcc/arm-none-eabi/9.3.1/thumb/v7-m/nofp/crti.o
                0x000000000800e5bc                _fini
 .fini          0x000000000800e5c0        0x8 c:/st/stm32cubeide_1.7.0/stm32cubeide/plugins/com.st.stm32cube.ide.mcu.externaltools.gnu-tools-for-stm32.9-2020-q2-update.win32_2.0.0.202105311346/tools/bin/../lib/gcc/arm-none-eabi/9.3.1/thumb/v7-m/nofp/crtn.o
                0x000000000800e5c8                . = ALIGN (0x4)
                0x000000000800e5c8                _etext = .

.vfp11_veneer   0x000000000800e5c8        0x0
 .vfp11_veneer  0x000000000800e5c8        0x0 linker stubs

.v4_bx          0x000000000800e5c8        0x0
 .v4_bx         0x000000000800e5c8        0x0 linker stubs

.iplt           0x000000000800e5c8        0x0
 .iplt          0x000000000800e5c8        0x0 c:/st/stm32cubeide_1.7.0/stm32cubeide/plugins/com.st.stm32cube.ide.mcu.externaltools.gnu-tools-for-stm32.9-2020-q2-update.win32_2.0.0.202105311346/tools/bin/../lib/gcc/arm-none-eabi/9.3.1/thumb/v7-m/nofp/crtbegin.o

.rodata         0x000000000800e5c8      0x218
                0x000000000800e5c8                . = ALIGN (0x4)
 *(.rodata)
 .rodata        0x000000000800e5c8       0x44 ./Middlewares/Third_Party/FatFs/src/ff.o
 .rodata        0x000000000800e60c       0x42 ./USB_DEVICE/App/usbd_desc.o
 *fill*         0x000000000800e64e        0x2 
 .rodata        0x000000000800e650       0x71 ./lib/mcu/mcu.o
 *(.rodata*)
 *fill*         0x000000000800e6c1        0x3 
 .rodata.AHBPrescTable
                0x000000000800e6c4       0x10 ./Core/Src/system_stm32f1xx.o
                0x000000000800e6c4                AHBPrescTable
 .rodata.APBPrescTable
                0x000000000800e6d4        0x8 ./Core/Src/system_stm32f1xx.o
                0x000000000800e6d4                APBPrescTable
 .rodata.aPLLMULFactorTable.6878
                0x000000000800e6dc       0x10 ./Drivers/STM32F1xx_HAL_Driver/Src/stm32f1xx_hal_rcc.o
 .rodata.aPredivFactorTable.6879
                0x000000000800e6ec        0x2 ./Drivers/STM32F1xx_HAL_Driver/Src/stm32f1xx_hal_rcc.o
 *fill*         0x000000000800e6ee        0x2 
 .rodata.MSC_Page00_Inquiry_Data
                0x000000000800e6f0        0x7 ./Middlewares/ST/STM32_USB_Device_Library/Class/MSC/Src/usbd_msc_data.o
                0x000000000800e6f0                MSC_Page00_Inquiry_Data
 *fill*         0x000000000800e6f7        0x1 
 .rodata.MSC_Mode_Sense6_data
                0x000000000800e6f8        0x8 ./Middlewares/ST/STM32_USB_Device_Library/Class/MSC/Src/usbd_msc_data.o
                0x000000000800e6f8                MSC_Mode_Sense6_data
 .rodata.MSC_Mode_Sense10_data
                0x000000000800e700        0x8 ./Middlewares/ST/STM32_USB_Device_Library/Class/MSC/Src/usbd_msc_data.o
                0x000000000800e700                MSC_Mode_Sense10_data
 .rodata.ExCvt  0x000000000800e708       0x80 ./Middlewares/Third_Party/FatFs/src/ff.o
 .rodata.STORAGE_Inquirydata_FS
                0x000000000800e788       0x24 ./USB_DEVICE/App/usbd_storage_if.o
                0x000000000800e788                STORAGE_Inquirydata_FS
 .rodata._svfprintf_r.str1.1
                0x000000000800e7ac       0x11 c:/st/stm32cubeide_1.7.0/stm32cubeide/plugins/com.st.stm32cube.ide.mcu.externaltools.gnu-tools-for-stm32.9-2020-q2-update.win32_2.0.0.202105311346/tools/bin/../lib/gcc/arm-none-eabi/9.3.1/../../../../arm-none-eabi/lib/thumb/v7-m/nofp\libc_nano.a(lib_a-nano-svfprintf.o)
 .rodata._printf_i.str1.1
                0x000000000800e7bd       0x22 c:/st/stm32cubeide_1.7.0/stm32cubeide/plugins/com.st.stm32cube.ide.mcu.externaltools.gnu-tools-for-stm32.9-2020-q2-update.win32_2.0.0.202105311346/tools/bin/../lib/gcc/arm-none-eabi/9.3.1/../../../../arm-none-eabi/lib/thumb/v7-m/nofp\libc_nano.a(lib_a-nano-vfprintf_i.o)
                0x000000000800e7e0                . = ALIGN (0x4)
 *fill*         0x000000000800e7df        0x1 

.rel.dyn        0x000000000800e7e0        0x0
 .rel.iplt      0x000000000800e7e0        0x0 c:/st/stm32cubeide_1.7.0/stm32cubeide/plugins/com.st.stm32cube.ide.mcu.externaltools.gnu-tools-for-stm32.9-2020-q2-update.win32_2.0.0.202105311346/tools/bin/../lib/gcc/arm-none-eabi/9.3.1/thumb/v7-m/nofp/crtbegin.o

.ARM.extab      0x000000000800e7e0        0x0
                0x000000000800e7e0                . = ALIGN (0x4)
 *(.ARM.extab* .gnu.linkonce.armextab.*)
                0x000000000800e7e0                . = ALIGN (0x4)

.ARM            0x000000000800e7e0        0x0
                0x000000000800e7e0                . = ALIGN (0x4)
                0x000000000800e7e0                __exidx_start = .
 *(.ARM.exidx*)
                0x000000000800e7e0                __exidx_end = .
                0x000000000800e7e0                . = ALIGN (0x4)

.preinit_array  0x000000000800e7e0        0x0
                0x000000000800e7e0                . = ALIGN (0x4)
                0x000000000800e7e0                PROVIDE (__preinit_array_start = .)
 *(.preinit_array*)
                0x000000000800e7e0                PROVIDE (__preinit_array_end = .)
                0x000000000800e7e0                . = ALIGN (0x4)

.init_array     0x000000000800e7e0        0x4
                0x000000000800e7e0                . = ALIGN (0x4)
                0x000000000800e7e0                PROVIDE (__init_array_start = .)
 *(SORT_BY_NAME(.init_array.*))
 *(.init_array*)
 .init_array    0x000000000800e7e0        0x4 c:/st/stm32cubeide_1.7.0/stm32cubeide/plugins/com.st.stm32cube.ide.mcu.externaltools.gnu-tools-for-stm32.9-2020-q2-update.win32_2.0.0.202105311346/tools/bin/../lib/gcc/arm-none-eabi/9.3.1/thumb/v7-m/nofp/crtbegin.o
                0x000000000800e7e4                PROVIDE (__init_array_end = .)
                0x000000000800e7e4                . = ALIGN (0x4)

.fini_array     0x000000000800e7e4        0x4
                0x000000000800e7e4                . = ALIGN (0x4)
                [!provide]                        PROVIDE (__fini_array_start = .)
 *(SORT_BY_NAME(.fini_array.*))
 *(.fini_array*)
 .fini_array    0x000000000800e7e4        0x4 c:/st/stm32cubeide_1.7.0/stm32cubeide/plugins/com.st.stm32cube.ide.mcu.externaltools.gnu-tools-for-stm32.9-2020-q2-update.win32_2.0.0.202105311346/tools/bin/../lib/gcc/arm-none-eabi/9.3.1/thumb/v7-m/nofp/crtbegin.o
                [!provide]                        PROVIDE (__fini_array_end = .)
                0x000000000800e7e8                . = ALIGN (0x4)
                0x000000000800e7e8                _sidata = LOADADDR (.data)

.data           0x0000000020000000      0x19c load address 0x000000000800e7e8
                0x0000000020000000                . = ALIGN (0x4)
                0x0000000020000000                _sdata = .
 *(.data)
 *(.data*)
 .data.SystemCoreClock
                0x0000000020000000        0x4 ./Core/Src/system_stm32f1xx.o
                0x0000000020000000                SystemCoreClock
 .data.uwTickPrio
                0x0000000020000004        0x4 ./Drivers/STM32F1xx_HAL_Driver/Src/stm32f1xx_hal.o
                0x0000000020000004                uwTickPrio
 .data.uwTickFreq
                0x0000000020000008        0x1 ./Drivers/STM32F1xx_HAL_Driver/Src/stm32f1xx_hal.o
                0x0000000020000008                uwTickFreq
 *fill*         0x0000000020000009        0x3 
 .data.USER_Driver
                0x000000002000000c       0x14 ./FATFS/Target/user_diskio.o
                0x000000002000000c                USER_Driver
 .data.Stat     0x0000000020000020        0x1 ./FATFS/Target/user_diskio_spi.o
 *fill*         0x0000000020000021        0x3 
 .data.USBD_MSC
                0x0000000020000024       0x38 ./Middlewares/ST/STM32_USB_Device_Library/Class/MSC/Src/usbd_msc.o
                0x0000000020000024                USBD_MSC
 .data.USBD_MSC_CfgHSDesc
                0x000000002000005c       0x20 ./Middlewares/ST/STM32_USB_Device_Library/Class/MSC/Src/usbd_msc.o
                0x000000002000005c                USBD_MSC_CfgHSDesc
 .data.USBD_MSC_CfgFSDesc
                0x000000002000007c       0x20 ./Middlewares/ST/STM32_USB_Device_Library/Class/MSC/Src/usbd_msc.o
                0x000000002000007c                USBD_MSC_CfgFSDesc
 .data.USBD_MSC_OtherSpeedCfgDesc
                0x000000002000009c       0x20 ./Middlewares/ST/STM32_USB_Device_Library/Class/MSC/Src/usbd_msc.o
                0x000000002000009c                USBD_MSC_OtherSpeedCfgDesc
 .data.USBD_MSC_DeviceQualifierDesc
                0x00000000200000bc        0xa ./Middlewares/ST/STM32_USB_Device_Library/Class/MSC/Src/usbd_msc.o
                0x00000000200000bc                USBD_MSC_DeviceQualifierDesc
 *fill*         0x00000000200000c6        0x2 
 .data.FS_Desc  0x00000000200000c8       0x1c ./USB_DEVICE/App/usbd_desc.o
                0x00000000200000c8                FS_Desc
 .data.USBD_FS_DeviceDesc
                0x00000000200000e4       0x12 ./USB_DEVICE/App/usbd_desc.o
                0x00000000200000e4                USBD_FS_DeviceDesc
 *fill*         0x00000000200000f6        0x2 
 .data.USBD_LangIDDesc
                0x00000000200000f8        0x4 ./USB_DEVICE/App/usbd_desc.o
                0x00000000200000f8                USBD_LangIDDesc
 .data.USBD_StringSerial
                0x00000000200000fc       0x1a ./USB_DEVICE/App/usbd_desc.o
                0x00000000200000fc                USBD_StringSerial
 *fill*         0x0000000020000116        0x2 
 .data.USBD_Storage_Interface_fops_FS
                0x0000000020000118       0x20 ./USB_DEVICE/App/usbd_storage_if.o
                0x0000000020000118                USBD_Storage_Interface_fops_FS
 .data._impure_ptr
                0x0000000020000138        0x4 c:/st/stm32cubeide_1.7.0/stm32cubeide/plugins/com.st.stm32cube.ide.mcu.externaltools.gnu-tools-for-stm32.9-2020-q2-update.win32_2.0.0.202105311346/tools/bin/../lib/gcc/arm-none-eabi/9.3.1/../../../../arm-none-eabi/lib/thumb/v7-m/nofp\libc_nano.a(lib_a-impure.o)
                0x0000000020000138                _impure_ptr
 .data.impure_data
                0x000000002000013c       0x60 c:/st/stm32cubeide_1.7.0/stm32cubeide/plugins/com.st.stm32cube.ide.mcu.externaltools.gnu-tools-for-stm32.9-2020-q2-update.win32_2.0.0.202105311346/tools/bin/../lib/gcc/arm-none-eabi/9.3.1/../../../../arm-none-eabi/lib/thumb/v7-m/nofp\libc_nano.a(lib_a-impure.o)
 *(.RamFunc)
 *(.RamFunc*)
                0x000000002000019c                . = ALIGN (0x4)
                0x000000002000019c                _edata = .

.igot.plt       0x000000002000019c        0x0 load address 0x000000000800e984
 .igot.plt      0x000000002000019c        0x0 c:/st/stm32cubeide_1.7.0/stm32cubeide/plugins/com.st.stm32cube.ide.mcu.externaltools.gnu-tools-for-stm32.9-2020-q2-update.win32_2.0.0.202105311346/tools/bin/../lib/gcc/arm-none-eabi/9.3.1/thumb/v7-m/nofp/crtbegin.o
                0x000000002000019c                . = ALIGN (0x4)

.bss            0x000000002000019c     0x1874 load address 0x000000000800e984
                0x000000002000019c                _sbss = .
                0x000000002000019c                __bss_start__ = _sbss
 *(.bss)
 .bss           0x000000002000019c       0x1c c:/st/stm32cubeide_1.7.0/stm32cubeide/plugins/com.st.stm32cube.ide.mcu.externaltools.gnu-tools-for-stm32.9-2020-q2-update.win32_2.0.0.202105311346/tools/bin/../lib/gcc/arm-none-eabi/9.3.1/thumb/v7-m/nofp/crtbegin.o
 *(.bss*)
 .bss.__sbrk_heap_end
                0x00000000200001b8        0x4 ./Core/Src/sysmem.o
 .bss.CardType  0x00000000200001bc        0x1 ./FATFS/Target/user_diskio_spi.o
 .bss.cfgidx.8813
                0x00000000200001bd        0x1 ./Middlewares/ST/STM32_USB_Device_Library/Core/Src/usbd_ctlreq.o
 *fill*         0x00000000200001be        0x2 
 .bss.FatFs     0x00000000200001c0        0x4 ./Middlewares/Third_Party/FatFs/src/ff.o
 .bss.Fsid      0x00000000200001c4        0x2 ./Middlewares/Third_Party/FatFs/src/ff.o
 *fill*         0x00000000200001c6        0x2 
 .bss.Files     0x00000000200001c8       0x18 ./Middlewares/Third_Party/FatFs/src/ff.o
 .bss.disk      0x00000000200001e0        0xc ./Middlewares/Third_Party/FatFs/src/ff_gen_drv.o
                0x00000000200001e0                disk
 .bss.mem.8947  0x00000000200001ec      0x270 ./USB_DEVICE/Target/usbd_conf.o
 .bss.__malloc_free_list
                0x000000002000045c        0x4 c:/st/stm32cubeide_1.7.0/stm32cubeide/plugins/com.st.stm32cube.ide.mcu.externaltools.gnu-tools-for-stm32.9-2020-q2-update.win32_2.0.0.202105311346/tools/bin/../lib/gcc/arm-none-eabi/9.3.1/../../../../arm-none-eabi/lib/thumb/v7-m/nofp\libc_nano.a(lib_a-nano-mallocr.o)
                0x000000002000045c                __malloc_free_list
 .bss.__malloc_sbrk_start
                0x0000000020000460        0x4 c:/st/stm32cubeide_1.7.0/stm32cubeide/plugins/com.st.stm32cube.ide.mcu.externaltools.gnu-tools-for-stm32.9-2020-q2-update.win32_2.0.0.202105311346/tools/bin/../lib/gcc/arm-none-eabi/9.3.1/../../../../arm-none-eabi/lib/thumb/v7-m/nofp\libc_nano.a(lib_a-nano-mallocr.o)
                0x0000000020000460                __malloc_sbrk_start
 *(COMMON)
 COMMON         0x0000000020000464       0x84 ./Core/Inc/debug.o
                0x0000000020000464                debugHuart
                0x0000000020000468                printBufer
 COMMON         0x00000000200004e8      0x6b8 ./Core/Src/main.o
                0x00000000200004e8                hspi2
                0x0000000020000540                param
                0x0000000020000550                hi2c1
                0x00000000200005a4                hdma_spi2_rx
                0x00000000200005e8                prog
                0x00000000200005f4                htim3
                0x000000002000063c                huart1
                0x0000000020000684                hspi1
                0x00000000200006dc                htim2
                0x0000000020000724                firmware
                0x0000000020000950                fileSystem
                0x0000000020000b80                btnStart
 COMMON         0x0000000020000ba0        0x4 ./Drivers/STM32F1xx_HAL_Driver/Src/stm32f1xx_hal.o
                0x0000000020000ba0                uwTick
 COMMON         0x0000000020000ba4      0x464 ./FATFS/App/fatfs.o
                0x0000000020000ba4                USERPath
                0x0000000020000ba8                retUSER
                0x0000000020000bac                USERFile
                0x0000000020000dd8                USERFatFS
 COMMON         0x0000000020001008        0x8 ./FATFS/Target/user_diskio_spi.o
                0x0000000020001008                spiTimerTickStart
                0x000000002000100c                spiTimerTickDelay
 COMMON         0x0000000020001010      0x2c4 ./USB_DEVICE/App/usb_device.o
                0x0000000020001010                hUsbDeviceFS
 COMMON         0x00000000200012d4      0x200 ./USB_DEVICE/App/usbd_desc.o
                0x00000000200012d4                USBD_StrDesc
 COMMON         0x00000000200014d4      0x2d8 ./USB_DEVICE/Target/usbd_conf.o
                0x00000000200014d4                hpcd_USB_FS
 COMMON         0x00000000200017ac      0x252 ./lib/mcu/mcu.o
                0x00000000200017ac                chipFile
                0x00000000200019d8                chip_index
                0x00000000200019dc                current
 *fill*         0x00000000200019fe        0x2 
 COMMON         0x0000000020001a00        0x4 c:/st/stm32cubeide_1.7.0/stm32cubeide/plugins/com.st.stm32cube.ide.mcu.externaltools.gnu-tools-for-stm32.9-2020-q2-update.win32_2.0.0.202105311346/tools/bin/../lib/gcc/arm-none-eabi/9.3.1/../../../../arm-none-eabi/lib/thumb/v7-m/nofp\libc_nano.a(lib_a-reent.o)
                0x0000000020001a00                errno
 COMMON         0x0000000020001a04        0x9 c:/st/stm32cubeide_1.7.0/stm32cubeide/plugins/com.st.stm32cube.ide.mcu.externaltools.gnu-tools-for-stm32.9-2020-q2-update.win32_2.0.0.202105311346/tools/bin/../lib/gcc/arm-none-eabi/9.3.1/../../../../arm-none-eabi/lib/thumb/v7-m/nofp\libc_nano.a(lib_a-lock.o)
                0x0000000020001a04                __lock___atexit_recursive_mutex
                0x0000000020001a05                __lock___arc4random_mutex
                0x0000000020001a06                __lock___env_recursive_mutex
                0x0000000020001a07                __lock___sinit_recursive_mutex
                0x0000000020001a08                __lock___malloc_recursive_mutex
                0x0000000020001a09                __lock___at_quick_exit_mutex
                0x0000000020001a0a                __lock___dd_hash_mutex
                0x0000000020001a0b                __lock___tz_mutex
                0x0000000020001a0c                __lock___sfp_recursive_mutex
                0x0000000020001a10                . = ALIGN (0x4)
 *fill*         0x0000000020001a0d        0x3 
                0x0000000020001a10                _ebss = .
                0x0000000020001a10                __bss_end__ = _ebss

._user_heap_stack
                0x0000000020001a10      0x600 load address 0x000000000800e984
                0x0000000020001a10                . = ALIGN (0x8)
                [!provide]                        PROVIDE (end = .)
                0x0000000020001a10                PROVIDE (_end = .)
                0x0000000020001c10                . = (. + _Min_Heap_Size)
 *fill*         0x0000000020001a10      0x200 
                0x0000000020002010                . = (. + _Min_Stack_Size)
 *fill*         0x0000000020001c10      0x400 
                0x0000000020002010                . = ALIGN (0x8)

/DISCARD/
 libc.a(*)
 libm.a(*)
 libgcc.a(*)

.ARM.attributes
                0x0000000000000000       0x29
 *(.ARM.attributes)
 .ARM.attributes
                0x0000000000000000       0x1d c:/st/stm32cubeide_1.7.0/stm32cubeide/plugins/com.st.stm32cube.ide.mcu.externaltools.gnu-tools-for-stm32.9-2020-q2-update.win32_2.0.0.202105311346/tools/bin/../lib/gcc/arm-none-eabi/9.3.1/thumb/v7-m/nofp/crti.o
 .ARM.attributes
                0x000000000000001d       0x2d c:/st/stm32cubeide_1.7.0/stm32cubeide/plugins/com.st.stm32cube.ide.mcu.externaltools.gnu-tools-for-stm32.9-2020-q2-update.win32_2.0.0.202105311346/tools/bin/../lib/gcc/arm-none-eabi/9.3.1/thumb/v7-m/nofp/crtbegin.o
 .ARM.attributes
                0x000000000000004a       0x2d ./Core/Inc/debug.o
 .ARM.attributes
                0x0000000000000077       0x2d ./Core/Src/main.o
 .ARM.attributes
                0x00000000000000a4       0x2d ./Core/Src/stm32f1xx_hal_msp.o
 .ARM.attributes
                0x00000000000000d1       0x2d ./Core/Src/stm32f1xx_it.o
 .ARM.attributes
                0x00000000000000fe       0x2d ./Core/Src/sysmem.o
 .ARM.attributes
                0x000000000000012b       0x2d ./Core/Src/system_stm32f1xx.o
 .ARM.attributes
                0x0000000000000158       0x21 ./Core/Startup/startup_stm32f103c8tx.o
 .ARM.attributes
                0x0000000000000179       0x2d ./Drivers/STM32F1xx_HAL_Driver/Src/stm32f1xx_hal.o
 .ARM.attributes
                0x00000000000001a6       0x2d ./Drivers/STM32F1xx_HAL_Driver/Src/stm32f1xx_hal_cortex.o
 .ARM.attributes
                0x00000000000001d3       0x2d ./Drivers/STM32F1xx_HAL_Driver/Src/stm32f1xx_hal_dma.o
 .ARM.attributes
                0x0000000000000200       0x2d ./Drivers/STM32F1xx_HAL_Driver/Src/stm32f1xx_hal_gpio.o
 .ARM.attributes
                0x000000000000022d       0x2d ./Drivers/STM32F1xx_HAL_Driver/Src/stm32f1xx_hal_i2c.o
 .ARM.attributes
                0x000000000000025a       0x2d ./Drivers/STM32F1xx_HAL_Driver/Src/stm32f1xx_hal_pcd.o
 .ARM.attributes
                0x0000000000000287       0x2d ./Drivers/STM32F1xx_HAL_Driver/Src/stm32f1xx_hal_pcd_ex.o
 .ARM.attributes
                0x00000000000002b4       0x2d ./Drivers/STM32F1xx_HAL_Driver/Src/stm32f1xx_hal_rcc.o
 .ARM.attributes
                0x00000000000002e1       0x2d ./Drivers/STM32F1xx_HAL_Driver/Src/stm32f1xx_hal_rcc_ex.o
 .ARM.attributes
                0x000000000000030e       0x2d ./Drivers/STM32F1xx_HAL_Driver/Src/stm32f1xx_hal_spi.o
 .ARM.attributes
                0x000000000000033b       0x2d ./Drivers/STM32F1xx_HAL_Driver/Src/stm32f1xx_hal_tim.o
 .ARM.attributes
                0x0000000000000368       0x2d ./Drivers/STM32F1xx_HAL_Driver/Src/stm32f1xx_hal_tim_ex.o
 .ARM.attributes
                0x0000000000000395       0x2d ./Drivers/STM32F1xx_HAL_Driver/Src/stm32f1xx_hal_uart.o
 .ARM.attributes
                0x00000000000003c2       0x2d ./Drivers/STM32F1xx_HAL_Driver/Src/stm32f1xx_ll_usb.o
 .ARM.attributes
                0x00000000000003ef       0x2d ./FATFS/App/fatfs.o
 .ARM.attributes
                0x000000000000041c       0x2d ./FATFS/Target/user_diskio.o
 .ARM.attributes
                0x0000000000000449       0x2d ./FATFS/Target/user_diskio_spi.o
 .ARM.attributes
                0x0000000000000476       0x2d ./Middlewares/ST/STM32_USB_Device_Library/Class/MSC/Src/usbd_msc.o
 .ARM.attributes
                0x00000000000004a3       0x2d ./Middlewares/ST/STM32_USB_Device_Library/Class/MSC/Src/usbd_msc_bot.o
 .ARM.attributes
                0x00000000000004d0       0x33 ./Middlewares/ST/STM32_USB_Device_Library/Class/MSC/Src/usbd_msc_data.o
 .ARM.attributes
                0x0000000000000503       0x2d ./Middlewares/ST/STM32_USB_Device_Library/Class/MSC/Src/usbd_msc_scsi.o
 .ARM.attributes
                0x0000000000000530       0x2d ./Middlewares/ST/STM32_USB_Device_Library/Core/Src/usbd_core.o
 .ARM.attributes
                0x000000000000055d       0x2d ./Middlewares/ST/STM32_USB_Device_Library/Core/Src/usbd_ctlreq.o
 .ARM.attributes
                0x000000000000058a       0x2d ./Middlewares/ST/STM32_USB_Device_Library/Core/Src/usbd_ioreq.o
 .ARM.attributes
                0x00000000000005b7       0x2d ./Middlewares/Third_Party/FatFs/src/diskio.o
 .ARM.attributes
                0x00000000000005e4       0x2d ./Middlewares/Third_Party/FatFs/src/ff.o
 .ARM.attributes
                0x0000000000000611       0x2d ./Middlewares/Third_Party/FatFs/src/ff_gen_drv.o
 .ARM.attributes
                0x000000000000063e       0x2d ./USB_DEVICE/App/usb_device.o
 .ARM.attributes
                0x000000000000066b       0x2d ./USB_DEVICE/App/usbd_desc.o
 .ARM.attributes