encBtn.c:12:6:init_btn	24	static
encBtn.c:42:6:btnSetDebounce	16	static
encBtn.c:45:6:btnSetTimeout	16	static
encBtn.c:48:6:btnSetClickTimeout	16	static
encBtn.c:51:6:btnSetStepTimeout	16	static
encBtn.c:56:6:btnSetType	16	static
encBtn.c:69:6:btnSetDirection	16	static
encBtn.c:72:6:btnSetTickMode	16	static
encBtn.c:77:9:btnIsPress	16	static
encBtn.c:84:9:btnIsRelease	16	static
encBtn.c:91:9:btnIsClick	16	static
encBtn.c:98:9:btnIsHolded	16	static
encBtn.c:105:9:btnIsHold	16	static
encBtn.c:110:9:btnState	16	static
encBtn.c:114:9:btnIsSingle	16	static
encBtn.c:123:9:btnIsDouble	16	static
encBtn.c:132:9:btnIsTriple	16	static
encBtn.c:141:9:btnHasClicks	16	static
encBtn.c:149:9:btnGetClicks	16	static
encBtn.c:155:9:btnGetHoldClicks	16	static
encBtn.c:159:9:btnIsStepClick	16	static
encBtn.c:167:9:btnIsStep	16	static
encBtn.c:171:6:btnResetStates	16	static
encBtn.c:183:6:btnTick_state	16	static
encBtn.c:190:6:btnTick	24	static
encBtn.c:259:6:init_enc	16	static
encBtn.c:265:8:encGetState	24	static
encBtn.c:272:6:encReset	16	static
encBtn.c:278:6:encIsCW	24	static
encBtn.c:283:6:encIsCCW	24	static
encBtn.c:300:6:encTick	24	static
