main.c:66:6:myprintf	16	static
main.c:100:6:changeScState	16	static
main.c:106:6:scTick	4	static
main.c:140:5:main	8	static
main.c:210:6:SystemClock_Config	88	static
main.c:256:13:MX_I2C1_Init	8	static
main.c:290:13:MX_SPI1_Init	8	static
main.c:328:13:MX_SPI2_Init	8	static
main.c:366:13:MX_TIM2_Init	32	static
main.c:411:13:MX_TIM3_Init	56	static
main.c:460:13:MX_USART1_UART_Init	8	static
main.c:491:13:MX_DMA_Init	16	static
main.c:509:13:MX_GPIO_Init	40	static
main.c:548:6:Error_Handler	4	static,ignoring_inline_asm
