main.c:83:6:temp_callback	4	static
main.c:84:6:temp_err_cb	16	static
main.c:119:5:main	584	static
main.c:203:6:SystemClock_Config	88	static
main.c:249:13:MX_I2C1_Init	8	static
main.c:283:13:MX_SPI1_Init	8	static
main.c:321:13:MX_SPI2_Init	8	static
main.c:359:13:MX_TIM2_Init	32	static
main.c:404:13:MX_TIM3_Init	56	static
main.c:453:13:MX_USART1_UART_Init	8	static
main.c:484:13:MX_DMA_Init	16	static
main.c:502:13:MX_GPIO_Init	40	static
main.c:548:6:Error_Handler	4	static,ignoring_inline_asm
