AVR_Programmer.c:178:6:fail	16	static
AVR_Programmer.c:187:6:null_actFunc	8	static
AVR_Programmer.c:191:6:AVP_Set_SPI	16	static
AVR_Programmer.c:195:6:AVP_Set_UART	16	static
AVR_Programmer.c:199:6:spi_check_conf	8	static
AVR_Programmer.c:206:6:spi_enable	40	static
AVR_Programmer.c:236:6:spi_disable	40	static
AVR_Programmer.c:253:9:spi_send_cmd	40	static
AVR_Programmer.c:262:9:spi_send_byte	32	static
AVR_Programmer.c:268:11:get_ftype	24	static
AVR_Programmer.c:290:6:AVP_Init	16	static
AVR_Programmer.c:310:6:AVP_Execute	16	static
AVR_Programmer.c:359:6:Close_Session	8	static
AVR_Programmer.c:375:6:Init_Session	24	static
AVR_Programmer.c:432:6:enterPMode	16	static
AVR_Programmer.c:460:6:checkSignature	16	static
AVR_Programmer.c:478:6:chipErase	8	static
AVR_Programmer.c:482:6:spi_prog_init	8	static
AVR_Programmer.c:496:6:spi_prog_deinit	8	static
AVR_Programmer.c:503:6:spi_fl_Write	4	static
AVR_Programmer.c:504:6:spi_fl_Read	4	static
AVR_Programmer.c:505:6:spi_fl_Verify	4	static
AVR_Programmer.c:508:6:spi_ee_Write	4	static
AVR_Programmer.c:509:6:spi_ee_Read	4	static
AVR_Programmer.c:510:6:spi_ee_Verify	4	static
AVR_Programmer.c:513:6:spi_fb_Write	4	static
AVR_Programmer.c:514:6:spi_fb_Read	4	static
AVR_Programmer.c:515:6:spi_fb_Verify	4	static
AVR_Programmer.c:518:6:spi_lb_Write	4	static
AVR_Programmer.c:519:6:spi_lb_Read	4	static
AVR_Programmer.c:520:6:spi_lb_Verify	4	static
AVR_Programmer.c:523:6:spi_cfg_Write	4	static
AVR_Programmer.c:524:6:spi_cfg_Read	4	static
AVR_Programmer.c:525:6:spi_cfg_Verify	4	static
