AVR_Programmer.c:219:12:null_actFunc	4	static
AVR_Programmer.c:223:6:AVP_Set_SPI	16	static
AVR_Programmer.c:227:6:AVP_Set_UART	16	static
AVR_Programmer.c:231:12:spi_check_conf	4	static
AVR_Programmer.c:239:6:spi_enable	40	static
AVR_Programmer.c:269:6:spi_disable	40	static
AVR_Programmer.c:286:9:spi_send_cmd	40	static
AVR_Programmer.c:295:9:spi_send_byte	32	static
AVR_Programmer.c:301:11:get_ftype	24	static
AVR_Programmer.c:323:12:AVP_Init	16	static
AVR_Programmer.c:342:12:AVP_Execute	16	static
AVR_Programmer.c:391:12:Close_Session	8	static
AVR_Programmer.c:408:12:Init_Session	24	static
AVR_Programmer.c:449:12:enterPMode	24	static
AVR_Programmer.c:495:12:checkSignature	24	static
AVR_Programmer.c:514:6:chipErase	8	static
AVR_Programmer.c:519:12:spi_prog_init	16	static
AVR_Programmer.c:534:6:spi_prog_deinit	8	static
AVR_Programmer.c:541:12:spi_fl_Write	4	static
AVR_Programmer.c:542:12:spi_fl_Read	4	static
AVR_Programmer.c:543:12:spi_fl_Verify	4	static
AVR_Programmer.c:546:12:spi_ee_Write	4	static
AVR_Programmer.c:547:12:spi_ee_Read	4	static
AVR_Programmer.c:548:12:spi_ee_Verify	4	static
AVR_Programmer.c:551:12:spi_fb_Write	4	static
AVR_Programmer.c:552:12:spi_fb_Read	4	static
AVR_Programmer.c:553:12:spi_fb_Verify	4	static
AVR_Programmer.c:556:12:spi_lb_Write	4	static
AVR_Programmer.c:557:12:spi_lb_Read	4	static
AVR_Programmer.c:558:12:spi_lb_Verify	4	static
AVR_Programmer.c:561:12:spi_cfg_Write	4	static
AVR_Programmer.c:562:12:spi_cfg_Read	4	static
AVR_Programmer.c:563:12:spi_cfg_Verify	4	static
