AVR_Programmer.c:219:12:null_actFunc	4	static
AVR_Programmer.c:223:6:AVP_Set_SPI	16	static
AVR_Programmer.c:227:6:AVP_Set_UART	16	static
AVR_Programmer.c:231:12:spi_check_conf	4	static
AVR_Programmer.c:239:6:spi_enable	40	static
AVR_Programmer.c:269:6:spi_disable	40	static
AVR_Programmer.c:286:9:spi_send_cmd	40	static
AVR_Programmer.c:295:9:spi_send_byte	32	static
AVR_Programmer.c:301:11:get_ftype	24	static
AVR_Programmer.c:323:12:AVP_Init	16	static
AVR_Programmer.c:343:12:AVP_Execute	16	static
AVR_Programmer.c:392:12:Close_Session	8	static
AVR_Programmer.c:409:12:Init_Session	24	static
AVR_Programmer.c:450:12:enterPMode	24	static
AVR_Programmer.c:479:12:checkSignature	24	static
AVR_Programmer.c:498:6:chipErase	8	static
AVR_Programmer.c:503:12:spi_prog_init	16	static
AVR_Programmer.c:518:6:spi_prog_deinit	8	static
AVR_Programmer.c:525:12:spi_fl_Write	4	static
AVR_Programmer.c:526:12:spi_fl_Read	4	static
AVR_Programmer.c:527:12:spi_fl_Verify	4	static
AVR_Programmer.c:530:12:spi_ee_Write	4	static
AVR_Programmer.c:531:12:spi_ee_Read	4	static
AVR_Programmer.c:532:12:spi_ee_Verify	4	static
AVR_Programmer.c:535:12:spi_fb_Write	4	static
AVR_Programmer.c:536:12:spi_fb_Read	4	static
AVR_Programmer.c:537:12:spi_fb_Verify	4	static
AVR_Programmer.c:540:12:spi_lb_Write	4	static
AVR_Programmer.c:541:12:spi_lb_Read	4	static
AVR_Programmer.c:542:12:spi_lb_Verify	4	static
AVR_Programmer.c:545:12:spi_cfg_Write	4	static
AVR_Programmer.c:546:12:spi_cfg_Read	4	static
AVR_Programmer.c:547:12:spi_cfg_Verify	4	static
