sd_driver.c:16:6:SD_GetFlBin	16	static
sd_driver.c:32:6:SD_GetFlHex	4	static
sd_driver.c:34:6:SD_GetEeBin	4	static
sd_driver.c:35:6:SD_GetEeHex	4	static
sd_driver.c:37:6:SD_GetFbTxt	4	static
sd_driver.c:38:6:SD_GetFbBin	4	static
sd_driver.c:39:6:SD_GetFbDef	4	static
sd_driver.c:41:6:SD_GetLbTxt	4	static
sd_driver.c:42:6:SD_GetLbBin	4	static
sd_driver.c:44:6:SD_GetCfg	4	static
sd_driver.c:48:6:SD_SetFlBin	8	static
sd_driver.c:61:6:SD_SetFlHex	4	static
sd_driver.c:63:6:SD_SetEeBin	4	static
sd_driver.c:64:6:SD_SetEeHex	4	static
sd_driver.c:66:6:SD_SetFbTxt	4	static
sd_driver.c:67:6:SD_SetFbBin	4	static
sd_driver.c:69:6:SD_SetLbTxt	4	static
sd_driver.c:70:6:SD_SetLbBin	4	static
sd_driver.c:72:6:SD_SetCfg	4	static
sd_driver.c:76:11:get_ftype	24	static
sd_driver.c:98:6:SD_SetFunc	16	static
