spi_driver.c:26:6:spi_enable	40	static
spi_driver.c:56:6:spi_disable	40	static
spi_driver.c:73:9:spi_send_cmd	40	static
spi_driver.c:82:9:spi_send_byte	32	static
spi_driver.c:88:6:enterPMode	16	static
spi_driver.c:116:6:checkSignature	16	static
spi_driver.c:134:6:chipErase	8	static
spi_driver.c:140:6:spi_check_conf	8	static
spi_driver.c:147:6:spi_prog_init	8	static
spi_driver.c:161:6:spi_prog_deinit	8	static
spi_driver.c:168:6:spi_fl_Write	4	static
spi_driver.c:169:6:spi_fl_Read	4	static
spi_driver.c:170:6:spi_fl_Verify	4	static
spi_driver.c:173:6:spi_ee_Write	4	static
spi_driver.c:174:6:spi_ee_Read	4	static
spi_driver.c:175:6:spi_ee_Verify	4	static
spi_driver.c:178:6:spi_fb_Write	4	static
spi_driver.c:179:6:spi_fb_Read	4	static
spi_driver.c:180:6:spi_fb_Verify	4	static
spi_driver.c:183:6:spi_lb_Write	4	static
spi_driver.c:184:6:spi_lb_Read	4	static
spi_driver.c:185:6:spi_lb_Verify	4	static
spi_driver.c:188:6:spi_cfg_Write	4	static
spi_driver.c:189:6:spi_cfg_Read	4	static
spi_driver.c:190:6:spi_cfg_Verify	4	static
