spi_driver.c:26:6:spi_enable	48	static
spi_driver.c:56:6:spi_disable	40	static
spi_driver.c:73:9:spi_send_cmd	24	static
spi_driver.c:81:9:spi_send_byte	32	static
spi_driver.c:87:6:flWriteWord	0	static
spi_driver.c:90:6:flPageCommit	0	static
spi_driver.c:94:6:enterPMode	8	static
spi_driver.c:122:6:checkSignature	32	static
spi_driver.c:140:6:chipErase	8	static
spi_driver.c:146:6:spi_check_conf	0	static
spi_driver.c:153:6:spi_prog_init	8	static
spi_driver.c:167:6:spi_prog_deinit	8	static
spi_driver.c:174:6:spi_fl_Write	40	static
spi_driver.c:203:6:spi_fl_Read	0	static
spi_driver.c:204:6:spi_fl_Verify	0	static
spi_driver.c:207:6:spi_ee_Write	0	static
spi_driver.c:208:6:spi_ee_Read	0	static
spi_driver.c:209:6:spi_ee_Verify	0	static
spi_driver.c:212:6:spi_fb_Write	0	static
spi_driver.c:213:6:spi_fb_Read	0	static
spi_driver.c:214:6:spi_fb_Verify	0	static
spi_driver.c:217:6:spi_lb_Write	0	static
spi_driver.c:218:6:spi_lb_Read	0	static
spi_driver.c:219:6:spi_lb_Verify	0	static
spi_driver.c:222:6:spi_cfg_Write	0	static
spi_driver.c:223:6:spi_cfg_Read	0	static
spi_driver.c:224:6:spi_cfg_Verify	0	static
