spi_driver.c:26:6:spi_enable	48	static
spi_driver.c:56:6:spi_disable	40	static
spi_driver.c:73:9:spi_send_cmd	24	static
spi_driver.c:81:9:spi_send_byte	32	static
spi_driver.c:87:6:flWriteWord	0	static
spi_driver.c:90:6:flPageCommit	0	static
spi_driver.c:94:9:flReadByte	0	static
spi_driver.c:99:6:enterPMode	8	static
spi_driver.c:127:6:checkSignature	32	static
spi_driver.c:145:6:chipErase	8	static
spi_driver.c:151:6:spi_check_conf	0	static
spi_driver.c:158:6:spi_prog_init	8	static
spi_driver.c:170:6:spi_prog_deinit	8	static
spi_driver.c:177:6:spi_fl_Write	40	static
spi_driver.c:209:6:spi_fl_Read	24	static
spi_driver.c:228:6:spi_fl_Verify	56	static
spi_driver.c:269:6:spi_ee_Write	0	static
spi_driver.c:270:6:spi_ee_Read	0	static
spi_driver.c:271:6:spi_ee_Verify	0	static
spi_driver.c:274:6:spi_fb_Write	0	static
spi_driver.c:275:6:spi_fb_Read	0	static
spi_driver.c:276:6:spi_fb_Verify	0	static
spi_driver.c:279:6:spi_lb_Write	0	static
spi_driver.c:280:6:spi_lb_Read	0	static
spi_driver.c:281:6:spi_lb_Verify	0	static
spi_driver.c:284:6:spi_cfg_Write	0	static
spi_driver.c:285:6:spi_cfg_Read	0	static
spi_driver.c:286:6:spi_cfg_Verify	0	static
